Microchip MPLAB XC8 Compiler V2.40

Linker command line:

-W-3 \
  --edf=C:\Program Files\Microchip\xc8\v2.40\pic\dat\20220703182018_en.msgs \
  -cn -h+dist/default/production\Labexp5.3.X.production.sym \
  --cmf=dist/default/production\Labexp5.3.X.production.cmf -z -Q18F57Q43 \
  -oC:\Users\Andre\AppData\Local\Temp\xcAsumc.5 --defsym=__MPLAB_BUILD=1 \
  --fixupoverflow=error \
  -Mdist/default/production/Labexp5.3.X.production.map \
  --md=C:\Users\Andre\AppData\Local\Temp\xcBsumc.dat -E1 -ver=XC8 Compiler \
  --acfsm=1493 -ACODE=00h-01FFFFh -ACONST=00h-01FFFFh \
  -ASMALLCONST=02600h-026FFhx474 \
  -AMEDIUMCONST=02600h-0FFFFh,012600h-01FFFFh -ACOMRAM=0501h-055Fh \
  -AABS1=0500h-024FFh -ABIGRAM=0501h-024FFh \
  -ARAM=0560h-05FFh,0600h-06FFhx31 -ABANK5=0560h-05FFh -ABANK6=0600h-06FFh \
  -ABANK7=0700h-07FFh -ABANK8=0800h-08FFh -ABANK9=0900h-09FFh \
  -ABANK10=0A00h-0AFFh -ABANK11=0B00h-0BFFh -ABANK12=0C00h-0CFFh \
  -ABANK13=0D00h-0DFFh -ABANK14=0E00h-0EFFh -ABANK15=0F00h-0FFFh \
  -ABANK16=01000h-010FFh -ABANK17=01100h-011FFh -ABANK18=01200h-012FFh \
  -ABANK19=01300h-013FFh -ABANK20=01400h-014FFh -ABANK21=01500h-015FFh \
  -ABANK22=01600h-016FFh -ABANK23=01700h-017FFh -ABANK24=01800h-018FFh \
  -ABANK25=01900h-019FFh -ABANK26=01A00h-01AFFh -ABANK27=01B00h-01BFFh \
  -ABANK28=01C00h-01CFFh -ABANK29=01D00h-01DFFh -ABANK30=01E00h-01EFFh \
  -ABANK31=01F00h-01FFFh -ABANK32=02000h-020FFh -ABANK33=02100h-021FFh \
  -ABANK34=02200h-022FFh -ABANK35=02300h-023FFh -ABANK36=02400h-024FFh \
  -ASFR=00h-0FFhx4,0400h-045Fh,0460h-04FFh,02500h-025FFh \
  -ABIGSFR=00h-04FFh,02500h-025FFh -ACONFIG=0300000h-0300011h \
  -AIDLOC=0200000h-020003Fh -AEEDATA=0380000h-03803FFh -peeprom_data=EEDATA \
  -preset_vec=00h -ppowerup=CODE,init -pramtop=02600h \
  -psmallconst=SMALLCONST -pmediumconst=MEDIUMCONST -pconst=CONST \
  -AFARRAM=00h-00h \
  -prdata=COMRAM,nvrram=COMRAM,nvbit=COMRAM,rbss=COMRAM,rbit=COMRAM \
  -pfarbss=FARRAM,fardata=FARRAM,nvFARRAM=FARRAM \
  -pintsave_regs=BIGRAM,bigbss=BIGRAM,bigdata=BIGRAM -pbss=RAM \
  -pidata=CODE,irdata=CODE,ibigdata=CODE,ifardata=CODE -prparam=COMRAM \
  C:\Users\Andre\AppData\Local\Temp\xcAsumc.o \
  dist/default/production\Labexp5.3.X.production.o 

Object code version is 3.11

Machine type is 18F57Q43



                Name                               Link     Load   Length Selector   Space Scale
C:\Users\Andre\AppData\Local\Temp\xcAsumc.o
                idloc                            200000   200000       40        0       5
                config                           300000   300000        A        0       4
                init                              1FFFC    1FFFC        4     FFFE       0
                reset_vec                             0        0        4        0       0
dist/default/production\Labexp5.3.X.production.o
                idloc                            200000   200000       40        0       5
                config                           300000   300000        A        0       4
                mediumconst                        FEF6     FEF6      10A     7F7B       0
                text58                            14A52    14A52       1E     8000       0
                text57                            149AA    149AA       30     8000       0
                text56                            13C38    13C38      104     8000       0
                text55                            1440A    1440A       72     8000       0
                text54                            1474A    1474A       4E     8000       0
                text53                            14AE8    14AE8        E     8000       0
                text52                            14398    14398       72     8000       0
                text51                            14ADA    14ADA        E     8000       0
                text50                            1447C    1447C       6E     8000       0
                text49                            14550    14550       62     8000       0
                text48                            14824    14824       46     8000       0
                text47                            14A70    14A70       18     8000       0
                text46                            14AC6    14AC6       14     8000       0
                text45                            14A88    14A88       16     8000       0
                text44                            12926    12926      2A6     8000       0
                text43                            141DA    141DA       A6     8000       0
                text42                            14134    14134       A6     8000       0
                text41                            12040    12040      386     8000       0
                text40                            1430E    1430E       8A     8000       0
                text39                            118BE    118BE      3E8     8000       0
                text38                            12E70    12E70      28A     8000       0
                text37                            1267E    1267E      2A8     8000       0
                text36                            12BCC    12BCC      2A4     8000       0
                text35                            14A2C    14A2C       26     8000       0
                text34                            149DA    149DA       2C     8000       0
                text33                            147DE    147DE       46     8000       0
                text32                            139D4    139D4      15E     8000       0
                text31                            136E8    136E8      188     8000       0
                text30                            13870    13870      164     8000       0
                text29                            14932    14932       40     8000       0
                text28                            14AF6    14AF6        2     8000       0
                text27                            13F12    13F12       CA     8000       0
                text26                            148AE    148AE       44     8000       0
                text25                            13FDC    13FDC       AE     8000       0
                text24                            123C6    123C6      2B8     8000       0
                text23                            11CA6    11CA6      39A     8000       0
                text22                            1408A    1408A       AA     8000       0
                text21                            11494    11494      42A     8000       0
                text20                            14972    14972       38     8000       0
                text19                            10FD4    10FD4      4C0     8000       0
                text18                            14798    14798       46     8000       0
                text17                            13B32    13B32      106     8000       0
                text16                            13D3C    13D3C       FE     8000       0
                text15                            13322    13322      212     8000       0
                text14                            144EA    144EA       66     8000       0
                text13                            146AC    146AC       50     8000       0
                text12                            1486A    1486A       44     8000       0
                text11                            10000    10000      A64     8000       0
                text10                            10A64    10A64      570     8000       0
                text9                             14606    14606       54     8000       0
                text8                             1465A    1465A       52     8000       0
                text7                             13E3A    13E3A       D8     8000       0
                text6                             13534    13534      1B4     8000       0
                text5                             146FC    146FC       4E     8000       0
                text4                             145B2    145B2       54     8000       0
                text3                             14AB2    14AB2       14     8000       0
                text2                             14A9E    14A9E       14     8000       0
                text1                             14280    14280       8E     8000       0
                text0                             130FA    130FA      228     8000       0
                cstackCOMRAM                        501      501       5E      501       1
                cstackBANK5                         560      560       47      560       1
                bssBANK6                            600      600       50      600       1
                dataBANK5                           5A7      5A7       26      560       1
                bssBANK5                            5CD      5CD       19      560       1
                bssCOMRAM                           55F      55F        1      501       1
                cinit                             148F2    148F2       40     8000       0
                idataBANK5                        14A06    14A06       26     8000       0

TOTAL           Name                               Link     Load   Length     Space
        CLASS   CODE           
                init                              1FFFC    1FFFC        4         0
                reset_vec                             0        0        4         0
                text58                            14A52    14A52       1E         0
                text57                            149AA    149AA       30         0
                text56                            13C38    13C38      104         0
                text55                            1440A    1440A       72         0
                text54                            1474A    1474A       4E         0
                text53                            14AE8    14AE8        E         0
                text52                            14398    14398       72         0
                text51                            14ADA    14ADA        E         0
                text50                            1447C    1447C       6E         0
                text49                            14550    14550       62         0
                text48                            14824    14824       46         0
                text47                            14A70    14A70       18         0
                text46                            14AC6    14AC6       14         0
                text45                            14A88    14A88       16         0
                text44                            12926    12926      2A6         0
                text43                            141DA    141DA       A6         0
                text42                            14134    14134       A6         0
                text41                            12040    12040      386         0
                text40                            1430E    1430E       8A         0
                text39                            118BE    118BE      3E8         0
                text38                            12E70    12E70      28A         0
                text37                            1267E    1267E      2A8         0
                text36                            12BCC    12BCC      2A4         0
                text35                            14A2C    14A2C       26         0
                text34                            149DA    149DA       2C         0
                text33                            147DE    147DE       46         0
                text32                            139D4    139D4      15E         0
                text31                            136E8    136E8      188         0
                text30                            13870    13870      164         0
                text29                            14932    14932       40         0
                text28                            14AF6    14AF6        2         0
                text27                            13F12    13F12       CA         0
                text26                            148AE    148AE       44         0
                text25                            13FDC    13FDC       AE         0
                text24                            123C6    123C6      2B8         0
                text23                            11CA6    11CA6      39A         0
                text22                            1408A    1408A       AA         0
                text21                            11494    11494      42A         0
                text20                            14972    14972       38         0
                text19                            10FD4    10FD4      4C0         0
                text18                            14798    14798       46         0
                text17                            13B32    13B32      106         0
                text16                            13D3C    13D3C       FE         0
                text15                            13322    13322      212         0
                text14                            144EA    144EA       66         0
                text13                            146AC    146AC       50         0
                text12                            1486A    1486A       44         0
                text11                            10000    10000      A64         0
                text10                            10A64    10A64      570         0
                text9                             14606    14606       54         0
                text8                             1465A    1465A       52         0
                text7                             13E3A    13E3A       D8         0
                text6                             13534    13534      1B4         0
                text5                             146FC    146FC       4E         0
                text4                             145B2    145B2       54         0
                text3                             14AB2    14AB2       14         0
                text2                             14A9E    14A9E       14         0
                text1                             14280    14280       8E         0
                text0                             130FA    130FA      228         0
                cinit                             148F2    148F2       40         0
                idataBANK5                        14A06    14A06       26         0

        CLASS   CONST          

        CLASS   SMALLCONST     

        CLASS   MEDIUMCONST    
                mediumconst                        FEF6     FEF6      10A         0

        CLASS   COMRAM         
                cstackCOMRAM                        501      501       5E         1
                bssCOMRAM                           55F      55F        1         1

        CLASS   ABS1           

        CLASS   BIGRAM         

        CLASS   RAM            

        CLASS   BANK5          
                cstackBANK5                         560      560       47         1
                dataBANK5                           5A7      5A7       26         1
                bssBANK5                            5CD      5CD       19         1

        CLASS   BANK6          
                bssBANK6                            600      600       50         1

        CLASS   BANK7          

        CLASS   BANK8          

        CLASS   BANK9          

        CLASS   BANK10         

        CLASS   BANK11         

        CLASS   BANK12         

        CLASS   BANK13         

        CLASS   BANK14         

        CLASS   BANK15         

        CLASS   BANK16         

        CLASS   BANK17         

        CLASS   BANK18         

        CLASS   BANK19         

        CLASS   BANK20         

        CLASS   BANK21         

        CLASS   BANK22         

        CLASS   BANK23         

        CLASS   BANK24         

        CLASS   BANK25         

        CLASS   BANK26         

        CLASS   BANK27         

        CLASS   BANK28         

        CLASS   BANK29         

        CLASS   BANK30         

        CLASS   BANK31         

        CLASS   BANK32         

        CLASS   BANK33         

        CLASS   BANK34         

        CLASS   BANK35         

        CLASS   BANK36         

        CLASS   SFR            

        CLASS   BIGSFR         

        CLASS   CONFIG         
                config                           300000   300000        A         4

        CLASS   IDLOC          
                idloc                            200000   200000       40         5

        CLASS   EEDATA         

        CLASS   FARRAM         

        CLASS   HEAP           

        CLASS   STACK          



SEGMENTS        Name                           Load    Length   Top    Selector   Space  Class

                reset_vec                      000000  000004  000004         0       0  CODE    
                cstackCOMRAM                   000501  00005F  000560       501       1  COMRAM  
                cstackBANK5                    000560  000086  0005E6       560       1  BANK5   
                bssBANK6                       000600  000050  000650       600       1  BANK6   
                mediumconst                    00FEF6  00010A  010000      7F7B       0  MEDIUMCO
                text11                         010000  004AF8  014AF8      8000       0  CODE    
                init                           01FFFC  000004  020000      FFFE       0  CODE    


UNUSED ADDRESS RANGES

        Name                Unused          Largest block    Delta
        BANK10           000A00-000AFF              100
        BANK11           000B00-000BFF              100
        BANK12           000C00-000CFF              100
        BANK13           000D00-000DFF              100
        BANK14           000E00-000EFF              100
        BANK15           000F00-000FFF              100
        BANK16           001000-0010FF              100
        BANK17           001100-0011FF              100
        BANK18           001200-0012FF              100
        BANK19           001300-0013FF              100
        BANK20           001400-0014FF              100
        BANK21           001500-0015FF              100
        BANK22           001600-0016FF              100
        BANK23           001700-0017FF              100
        BANK24           001800-0018FF              100
        BANK25           001900-0019FF              100
        BANK26           001A00-001AFF              100
        BANK27           001B00-001BFF              100
        BANK28           001C00-001CFF              100
        BANK29           001D00-001DFF              100
        BANK30           001E00-001EFF              100
        BANK31           001F00-001FFF              100
        BANK32           002000-0020FF              100
        BANK33           002100-0021FF              100
        BANK34           002200-0022FF              100
        BANK35           002300-0023FF              100
        BANK36           002400-0024FF              100
        BANK5            0005E6-0005FF               1A
        BANK6            000650-0006FF               B0
        BANK7            000700-0007FF              100
        BANK8            000800-0008FF              100
        BANK9            000900-0009FF              100
        BIGRAM           0005E6-0005FF               1A
                         000650-0024FF             1EB0
        BIGSFR           000000-0004FF              500
                         002500-0025FF              100
        CODE             000004-00FEF5             FEF2
                         014AF8-01FFFB             B504
        CONFIG           30000A-300011                8
        CONST            000004-00FEF5             FEF2
                         014AF8-01FFFB             B504
        EEDATA           380000-3803FF              400
        MEDIUMCONST      002600-00FEF5             D8F6
                         014AF8-01FFFB             B504
        RAM              0005E6-0005FF               1A
                         000650-0024FF              100
        SFR              000000-0004FF              100
                         002500-0025FF              100
        SMALLCONST       002600-00FEF5              100
                         014AF8-01FFFB              100

                                  Symbol Table

?_ADC_Read                  cstackCOMRAM 000501
?___aodiv                   cstackCOMRAM 000501
?___aomod                   cstackCOMRAM 000501
?___fladd                   cstackCOMRAM 000501
?___fldiv                   cstackCOMRAM 000501
?___flmul                   cstackCOMRAM 000501
?___flneg                   cstackCOMRAM 000501
?___flsub                   cstackCOMRAM 00051A
?___fltol                   cstackCOMRAM 000501
?___fpclassifyf             cstackCOMRAM 000501
?___wmul                    cstackCOMRAM 000501
?___xxtofl                  cstackCOMRAM 000506
?_abs                       cstackCOMRAM 000513
?_atoi                      cstackCOMRAM 000507
?_floorf                    cstackCOMRAM 00051A
?_getdistancia              cstackCOMRAM 000501
?_isdigit                   cstackCOMRAM 000501
?_isspace                   cstackCOMRAM 000501
?_labs                      cstackCOMRAM 000501
?_sprintf                   cstackBANK5  000592
?_vfprintf                  cstackBANK5  00058C
ADC_Read@ch                 cstackCOMRAM 000505
_ADCON0bits                 (abs)        0003F3
_ADCON2bits                 (abs)        0003F5
_ADC_Init                   text58       014A52
_ADC_Read                   text57       0149AA
_ADPCH                      (abs)        0003EC
_ADREFbits                  (abs)        0003F8
_ADRESH                     (abs)        0003EB
_ADRESL                     (abs)        0003EA
_ANSELA                     (abs)        000400
_ANSELBbits                 (abs)        000408
_ANSELCbits                 (abs)        000410
_ANSELDbits                 (abs)        000418
_ANSELEbits                 (abs)        000420
_ANSELF                     (abs)        000428
_ANSELFbits                 (abs)        000428
_Advertencia                text49       014550
_Advertencia2               text48       014824
_Clock_Init                 text47       014A70
_LATA                       (abs)        0004BE
_MenuCalentador             text44       012926
_MenuLed                    text41       012040
_MenuLedCon                 text39       0118BE
_MenuMotor                  text38       012E70
_MenuPrincipal              text37       01267E
_MenuPrincipalCon           text36       012BCC
_MenuS                      text7        013E3A
_OSCCON1bits                (abs)        0000AD
_OSCFRQbits                 (abs)        0000B1
_PORTBbits                  (abs)        0004CF
_PORTCbits                  (abs)        0004D0
_PORTDbits                  (abs)        0004D1
_PORTEbits                  (abs)        0004D2
_PORTF                      (abs)        0004D3
_PORTFbits                  (abs)        0004D3
_Sec1Est                    text43       0141DA
_Sec2Est                    text42       014134
_Sec3Est                    text40       01430E
_TRISA                      (abs)        0004C6
_TRISBbits                  (abs)        0004C7
_TRISCbits                  (abs)        0004C8
_TRISDbits                  (abs)        0004C9
_TRISEbits                  (abs)        0004CA
_TRISF                      (abs)        0004CB
_TRISFbits                  (abs)        0004CB
_WPUBbits                   (abs)        000409
_WPUDbits                   (abs)        000419
__HRAM                      (abs)        000000
__Habs1                     abs1         000000
__Hbank10                   bank10       000000
__Hbank11                   bank11       000000
__Hbank12                   bank12       000000
__Hbank13                   bank13       000000
__Hbank14                   bank14       000000
__Hbank15                   bank15       000000
__Hbank16                   bank16       000000
__Hbank17                   bank17       000000
__Hbank18                   bank18       000000
__Hbank19                   bank19       000000
__Hbank20                   bank20       000000
__Hbank21                   bank21       000000
__Hbank22                   bank22       000000
__Hbank23                   bank23       000000
__Hbank24                   bank24       000000
__Hbank25                   bank25       000000
__Hbank26                   bank26       000000
__Hbank27                   bank27       000000
__Hbank28                   bank28       000000
__Hbank29                   bank29       000000
__Hbank30                   bank30       000000
__Hbank31                   bank31       000000
__Hbank32                   bank32       000000
__Hbank33                   bank33       000000
__Hbank34                   bank34       000000
__Hbank35                   bank35       000000
__Hbank36                   bank36       000000
__Hbank5                    bank5        000000
__Hbank6                    bank6        000000
__Hbank7                    bank7        000000
__Hbank8                    bank8        000000
__Hbank9                    bank9        000000
__Hbigbss                   bigbss       000000
__Hbigdata                  bigdata      000000
__Hbigram                   bigram       000000
__Hbigsfr                   bigsfr       000000
__Hbss                      bss          000000
__HbssBANK5                 bssBANK5     000000
__HbssBANK6                 bssBANK6     000000
__HbssCOMRAM                bssCOMRAM    000000
__Hcinit                    cinit        000000
__Hclrtext                  clrtext      000000
__Hcomram                   comram       000000
__Hconfig                   config       30000A
__Hconst                    const        000000
__HcstackBANK5              cstackBANK5  000000
__HcstackCOMRAM             cstackCOMRAM 000000
__Hdata                     data         000000
__HdataBANK5                dataBANK5    000000
__Heeprom_data              eeprom_data  000000
__Hfarbss                   farbss       000000
__Hfardata                  fardata      000000
__Hheap                     heap         000000
__Hibigdata                 ibigdata     000000
__Hidata                    idata        000000
__HidataBANK5               idataBANK5   000000
__Hidloc                    idloc        200040
__Hifardata                 ifardata     000000
__Hinit                     init         020000
__Hintsave_regs             intsave_regs 000000
__Hirdata                   irdata       000000
__Hmediumconst              mediumconst  010000
__HnvFARRAM                 nvFARRAM     000000
__Hnvbit                    nvbit        000000
__Hnvrram                   nvrram       000000
__Hparam                    rparam       000000
__Hpowerup                  powerup      000000
__Hram                      ram          000000
__Hramtop                   ramtop       002600
__Hrbit                     rbit         000000
__Hrbss                     rbss         000000
__Hrdata                    rdata        000000
__Hreset_vec                reset_vec    000004
__Hrparam                   rparam       000000
__Hsfr                      sfr          000000
__Hsmallconst               smallconst   000000
__Hspace_0                  (abs)        020000
__Hspace_1                  (abs)        000650
__Hspace_2                  (abs)        000000
__Hspace_4                  (abs)        60000A
__Hstack                    stack        000000
__Hstruct                   struct       000000
__Htemp                     temp         000000
__Htext                     text         000000
__Htext0                    text0        000000
__Htext1                    text1        000000
__Htext10                   text10       000000
__Htext11                   text11       000000
__Htext12                   text12       000000
__Htext13                   text13       000000
__Htext14                   text14       000000
__Htext15                   text15       000000
__Htext16                   text16       000000
__Htext17                   text17       000000
__Htext18                   text18       000000
__Htext19                   text19       000000
__Htext2                    text2        000000
__Htext20                   text20       000000
__Htext21                   text21       000000
__Htext22                   text22       000000
__Htext23                   text23       000000
__Htext24                   text24       000000
__Htext25                   text25       000000
__Htext26                   text26       000000
__Htext27                   text27       000000
__Htext28                   text28       000000
__Htext29                   text29       000000
__Htext3                    text3        000000
__Htext30                   text30       000000
__Htext31                   text31       000000
__Htext32                   text32       000000
__Htext33                   text33       000000
__Htext34                   text34       000000
__Htext35                   text35       000000
__Htext36                   text36       000000
__Htext37                   text37       000000
__Htext38                   text38       000000
__Htext39                   text39       000000
__Htext4                    text4        000000
__Htext40                   text40       000000
__Htext41                   text41       000000
__Htext42                   text42       000000
__Htext43                   text43       000000
__Htext44                   text44       000000
__Htext45                   text45       000000
__Htext46                   text46       000000
__Htext47                   text47       000000
__Htext48                   text48       000000
__Htext49                   text49       000000
__Htext5                    text5        000000
__Htext50                   text50       000000
__Htext51                   text51       000000
__Htext52                   text52       000000
__Htext53                   text53       000000
__Htext54                   text54       000000
__Htext55                   text55       000000
__Htext56                   text56       000000
__Htext57                   text57       000000
__Htext58                   text58       000000
__Htext6                    text6        000000
__Htext7                    text7        000000
__Htext8                    text8        000000
__Htext9                    text9        000000
__LRAM                      (abs)        000001
__Labs1                     abs1         000000
__Lbank10                   bank10       000000
__Lbank11                   bank11       000000
__Lbank12                   bank12       000000
__Lbank13                   bank13       000000
__Lbank14                   bank14       000000
__Lbank15                   bank15       000000
__Lbank16                   bank16       000000
__Lbank17                   bank17       000000
__Lbank18                   bank18       000000
__Lbank19                   bank19       000000
__Lbank20                   bank20       000000
__Lbank21                   bank21       000000
__Lbank22                   bank22       000000
__Lbank23                   bank23       000000
__Lbank24                   bank24       000000
__Lbank25                   bank25       000000
__Lbank26                   bank26       000000
__Lbank27                   bank27       000000
__Lbank28                   bank28       000000
__Lbank29                   bank29       000000
__Lbank30                   bank30       000000
__Lbank31                   bank31       000000
__Lbank32                   bank32       000000
__Lbank33                   bank33       000000
__Lbank34                   bank34       000000
__Lbank35                   bank35       000000
__Lbank36                   bank36       000000
__Lbank5                    bank5        000000
__Lbank6                    bank6        000000
__Lbank7                    bank7        000000
__Lbank8                    bank8        000000
__Lbank9                    bank9        000000
__Lbigbss                   bigbss       000000
__Lbigdata                  bigdata      000000
__Lbigram                   bigram       000000
__Lbigsfr                   bigsfr       000000
__Lbss                      bss          000000
__LbssBANK5                 bssBANK5     000000
__LbssBANK6                 bssBANK6     000000
__LbssCOMRAM                bssCOMRAM    000000
__Lcinit                    cinit        000000
__Lclrtext                  clrtext      000000
__Lcomram                   comram       000000
__Lconfig                   config       000000
__Lconst                    const        000000
__LcstackBANK5              cstackBANK5  000000
__LcstackCOMRAM             cstackCOMRAM 000000
__Ldata                     data         000000
__LdataBANK5                dataBANK5    000000
__Leeprom_data              eeprom_data  000000
__Lfarbss                   farbss       000000
__Lfardata                  fardata      000000
__Lheap                     heap         000000
__Libigdata                 ibigdata     000000
__Lidata                    idata        000000
__LidataBANK5               idataBANK5   000000
__Lidloc                    idloc        000000
__Lifardata                 ifardata     000000
__Linit                     init         01FFFC
__Lintsave_regs             intsave_regs 000000
__Lirdata                   irdata       000000
__Lmediumconst              mediumconst  00FEF6
__LnvFARRAM                 nvFARRAM     000000
__Lnvbit                    nvbit        000000
__Lnvrram                   nvrram       000000
__Lparam                    rparam       000000
__Lpowerup                  powerup      000000
__Lram                      ram          000000
__Lramtop                   ramtop       002600
__Lrbit                     rbit         000000
__Lrbss                     rbss         000000
__Lrdata                    rdata        000000
__Lreset_vec                reset_vec    000000
__Lrparam                   rparam       000000
__Lsfr                      sfr          000000
__Lsmallconst               smallconst   000000
__Lspace_0                  (abs)        000000
__Lspace_1                  (abs)        000000
__Lspace_2                  (abs)        000000
__Lspace_4                  (abs)        000000
__Lstack                    stack        000000
__Lstruct                   struct       000000
__Ltemp                     temp         000000
__Ltext                     text         000000
__Ltext0                    text0        000000
__Ltext1                    text1        000000
__Ltext10                   text10       000000
__Ltext11                   text11       000000
__Ltext12                   text12       000000
__Ltext13                   text13       000000
__Ltext14                   text14       000000
__Ltext15                   text15       000000
__Ltext16                   text16       000000
__Ltext17                   text17       000000
__Ltext18                   text18       000000
__Ltext19                   text19       000000
__Ltext2                    text2        000000
__Ltext20                   text20       000000
__Ltext21                   text21       000000
__Ltext22                   text22       000000
__Ltext23                   text23       000000
__Ltext24                   text24       000000
__Ltext25                   text25       000000
__Ltext26                   text26       000000
__Ltext27                   text27       000000
__Ltext28                   text28       000000
__Ltext29                   text29       000000
__Ltext3                    text3        000000
__Ltext30                   text30       000000
__Ltext31                   text31       000000
__Ltext32                   text32       000000
__Ltext33                   text33       000000
__Ltext34                   text34       000000
__Ltext35                   text35       000000
__Ltext36                   text36       000000
__Ltext37                   text37       000000
__Ltext38                   text38       000000
__Ltext39                   text39       000000
__Ltext4                    text4        000000
__Ltext40                   text40       000000
__Ltext41                   text41       000000
__Ltext42                   text42       000000
__Ltext43                   text43       000000
__Ltext44                   text44       000000
__Ltext45                   text45       000000
__Ltext46                   text46       000000
__Ltext47                   text47       000000
__Ltext48                   text48       000000
__Ltext49                   text49       000000
__Ltext5                    text5        000000
__Ltext50                   text50       000000
__Ltext51                   text51       000000
__Ltext52                   text52       000000
__Ltext53                   text53       000000
__Ltext54                   text54       000000
__Ltext55                   text55       000000
__Ltext56                   text56       000000
__Ltext57                   text57       000000
__Ltext58                   text58       000000
__Ltext6                    text6        000000
__Ltext7                    text7        000000
__Ltext8                    text8        000000
__Ltext9                    text9        000000
__S0                        (abs)        020000
__S1                        (abs)        000650
__S4                        (abs)        000000
__S5                        (abs)        000000
___aodiv                    text31       0136E8
___aodiv@counter            cstackCOMRAM 000511
___aodiv@dividend           cstackCOMRAM 000501
___aodiv@divisor            cstackCOMRAM 000509
___aodiv@quotient           cstackCOMRAM 000513
___aodiv@sign               cstackCOMRAM 000512
___aomod                    text30       013870
___aomod@counter            cstackCOMRAM 000511
___aomod@dividend           cstackCOMRAM 000501
___aomod@divisor            cstackCOMRAM 000509
___aomod@sign               cstackCOMRAM 000512
___fladd                    text19       010FD4
___fladd@a                  cstackCOMRAM 000505
___fladd@aexp               cstackCOMRAM 00050E
___fladd@b                  cstackCOMRAM 000501
___fladd@bexp               cstackCOMRAM 00050F
___fladd@grs                cstackCOMRAM 000510
___fladd@signs              cstackCOMRAM 00050D
___fldiv                    text23       011CA6
___fldiv@a                  cstackCOMRAM 000505
___fldiv@aexp               cstackCOMRAM 000519
___fldiv@b                  cstackCOMRAM 000501
___fldiv@bexp               cstackCOMRAM 000518
___fldiv@grs                cstackCOMRAM 000514
___fldiv@new_exp            cstackCOMRAM 000512
___fldiv@rem                cstackCOMRAM 00050D
___fldiv@sign               cstackCOMRAM 000511
___fleq                     text22       01408A
___fleq@ff1                 cstackCOMRAM 000501
___fleq@ff2                 cstackCOMRAM 000505
___flge                     text56       013C38
___flge@ff1                 cstackCOMRAM 00051A
___flge@ff2                 cstackCOMRAM 00051E
___flmul                    text21       011494
___flmul@a                  cstackCOMRAM 000505
___flmul@aexp               cstackCOMRAM 000512
___flmul@b                  cstackCOMRAM 000501
___flmul@bexp               cstackCOMRAM 000513
___flmul@grs                cstackCOMRAM 00050E
___flmul@prod               cstackCOMRAM 000514
___flmul@sign               cstackCOMRAM 00050D
___flmul@temp               cstackCOMRAM 000518
___flneg                    text20       014972
___flneg@f1                 cstackCOMRAM 000501
___flsub                    text18       014798
___flsub@a                  cstackCOMRAM 00051E
___flsub@b                  cstackCOMRAM 00051A
___fltol                    text17       013B32
___fltol@exp1               cstackCOMRAM 00050A
___fltol@f1                 cstackCOMRAM 000501
___fltol@sign1              cstackCOMRAM 000509
___fpclassifyf              text16       013D3C
___fpclassifyf@F465         bssBANK5     0005D1
___fpclassifyf@e            cstackCOMRAM 000509
___fpclassifyf@u            cstackCOMRAM 00050B
___fpclassifyf@x            cstackCOMRAM 000501
___heap_hi                  (abs)        000000
___heap_lo                  (abs)        000000
___inthi_sp                 stack        000000
___intlo_sp                 stack        000000
___param_bank               (abs)        000000
___rparam_used              (abs)        000001
___sp                       stack        000000
___wmul                     text35       014A2C
___wmul@multiplicand        cstackCOMRAM 000503
___wmul@multiplier          cstackCOMRAM 000501
___wmul@product             cstackCOMRAM 000505
___xxtofl                   text6        013534
___xxtofl@arg               cstackCOMRAM 000510
___xxtofl@exp               cstackCOMRAM 00050F
___xxtofl@sign              cstackCOMRAM 00050E
___xxtofl@val               cstackCOMRAM 000506
__accesstop                 (abs)        000560
__activetblptr              (abs)        000003
__end_of_ADC_Init           text58       014A70
__end_of_ADC_Read           text57       0149DA
__end_of_Advertencia        text49       0145B2
__end_of_Advertencia2       text48       01486A
__end_of_Clock_Init         text47       014A88
__end_of_MenuCalentador     text44       012BCC
__end_of_MenuLed            text41       0123C6
__end_of_MenuLedCon         text39       011CA6
__end_of_MenuMotor          text38       0130FA
__end_of_MenuPrincipal      text37       012926
__end_of_MenuPrincipalCon   text36       012E70
__end_of_MenuS              text7        013F12
__end_of_Sec1Est            text43       014280
__end_of_Sec2Est            text42       0141DA
__end_of_Sec3Est            text40       014398
__end_of___aodiv            text31       013870
__end_of___aomod            text30       0139D4
__end_of___fladd            text19       011494
__end_of___fldiv            text23       012040
__end_of___fleq             text22       014134
__end_of___flge             text56       013D3C
__end_of___flmul            text21       0118BE
__end_of___flneg            text20       0149AA
__end_of___flsub            text18       0147DE
__end_of___fltol            text17       013C38
__end_of___fpclassifyf      text16       013E3A
__end_of___wmul             text35       014A52
__end_of___xxtofl           text6        0136E8
__end_of__initialization    cinit        01492C
__end_of__send_byte         text54       014798
__end_of__write_nibble      text55       01447C
__end_of_abs                text29       014972
__end_of_atoi               text32       013B32
__end_of_dtoa               text24       01267E
__end_of_efgtoa             text11       010A64
__end_of_floorf             text15       013534
__end_of_fputc              text27       013FDC
__end_of_fputs              text26       0148F2
__end_of_getdistancia       text5        01474A
__end_of_isdigit            text34       014A06
__end_of_isspace            text33       014824
__end_of_labs               text14       014550
__end_of_lcd_char           text46       014ADA
__end_of_lcd_clear          text45       014A9E
__end_of_lcd_command        text53       014AF6
__end_of_lcd_custom_char    text4        014606
__end_of_lcd_disable_blink  text3        014AC6
__end_of_lcd_disable_cursor text2        014AB2
__end_of_lcd_init           text1        01430E
__end_of_lcd_out            text50       0144EA
__end_of_lcd_set_cursor     text52       01440A
__end_of_lcd_write          text51       014AE8
__end_of_main               text0        013322
__end_of_memcpy             text13       0146FC
__end_of_pad                text25       01408A
__end_of_putch              text28       014AF8
__end_of_sprintf            text8        0146AC
__end_of_strcpy             text12       0148AE
__end_of_vfpfcnvrt          text10       010FD4
__end_of_vfprintf           text9        01465A
__initialization            cinit        0148F2
__lcd_params                bssCOMRAM    00055F
__mediumconst               mediumconst  00FEF6
__pbssBANK5                 bssBANK5     0005CD
__pbssBANK6                 bssBANK6     000600
__pbssCOMRAM                bssCOMRAM    00055F
__pcinit                    cinit        0148F2
__pcstackBANK5              cstackBANK5  000560
__pcstackCOMRAM             cstackCOMRAM 000501
__pdataBANK5                dataBANK5    0005A7
__pidataBANK5               idataBANK5   014A06
__pmediumconst              mediumconst  00FEF6
__ptext0                    text0        0130FA
__ptext1                    text1        014280
__ptext10                   text10       010A64
__ptext11                   text11       010000
__ptext12                   text12       01486A
__ptext13                   text13       0146AC
__ptext14                   text14       0144EA
__ptext15                   text15       013322
__ptext16                   text16       013D3C
__ptext17                   text17       013B32
__ptext18                   text18       014798
__ptext19                   text19       010FD4
__ptext2                    text2        014A9E
__ptext20                   text20       014972
__ptext21                   text21       011494
__ptext22                   text22       01408A
__ptext23                   text23       011CA6
__ptext24                   text24       0123C6
__ptext25                   text25       013FDC
__ptext26                   text26       0148AE
__ptext27                   text27       013F12
__ptext28                   text28       014AF6
__ptext29                   text29       014932
__ptext3                    text3        014AB2
__ptext30                   text30       013870
__ptext31                   text31       0136E8
__ptext32                   text32       0139D4
__ptext33                   text33       0147DE
__ptext34                   text34       0149DA
__ptext35                   text35       014A2C
__ptext36                   text36       012BCC
__ptext37                   text37       01267E
__ptext38                   text38       012E70
__ptext39                   text39       0118BE
__ptext4                    text4        0145B2
__ptext40                   text40       01430E
__ptext41                   text41       012040
__ptext42                   text42       014134
__ptext43                   text43       0141DA
__ptext44                   text44       012926
__ptext45                   text45       014A88
__ptext46                   text46       014AC6
__ptext47                   text47       014A70
__ptext48                   text48       014824
__ptext49                   text49       014550
__ptext5                    text5        0146FC
__ptext50                   text50       01447C
__ptext51                   text51       014ADA
__ptext52                   text52       014398
__ptext53                   text53       014AE8
__ptext54                   text54       01474A
__ptext55                   text55       01440A
__ptext56                   text56       013C38
__ptext57                   text57       0149AA
__ptext58                   text58       014A52
__ptext6                    text6        013534
__ptext7                    text7        013E3A
__ptext8                    text8        01465A
__ptext9                    text9        014606
__ramtop                    ramtop       002600
__send_byte                 text54       01474A
__send_byte@mode            cstackCOMRAM 000503
__send_byte@value           cstackCOMRAM 000506
__smallconst                smallconst   000000
__write_nibble              text55       01440A
__write_nibble@nibble       cstackCOMRAM 000502
_abs                        text29       014932
_atoi                       text32       0139D4
_auxStr                     dataBANK5    0005A9
_dbuf                       bssBANK6     000600
_distancia                  bssBANK5     0005DD
_dtoa                       text24       0123C6
_dtoa$1479                  cstackCOMRAM 00052E
_efgtoa                     text11       010000
_efgtoa$1510                cstackBANK5  000566
_estado                     bssBANK5     0005E4
_fig1                       dataBANK5    0005C5
_fig2                       dataBANK5    0005BD
_flags                      bssBANK5     0005E3
_floorf                     text15       013322
_fputc                      text27       013F12
_fputs                      text26       0148AE
_getdistancia               text5        0146FC
_isdigit                    text34       0149DA
_isspace                    text33       0147DE
_isspace$1590               cstackCOMRAM 000505
_labs                       text14       0144EA
_lcd_char                   text46       014AC6
_lcd_clear                  text45       014A88
_lcd_command                text53       014AE8
_lcd_custom_char            text4        0145B2
_lcd_disable_blink          text3        014AB2
_lcd_disable_cursor         text2        014A9E
_lcd_init                   text1        014280
_lcd_out                    text50       01447C
_lcd_set_cursor             text52       014398
_lcd_write                  text51       014ADA
_main                       text0        0130FA
_memcpy                     text13       0146AC
_menuOp                     bssBANK5     0005DF
_opSel                      dataBANK5    0005A7
_pad                        text25       013FDC
_prec                       bssBANK5     0005DB
_putch                      text28       014AF6
_sprintf                    text8        01465A
_state                      bssBANK5     0005E5
_strcpy                     text12       01486A
_temp                       bssBANK5     0005D5
_ultrasonido                bssBANK5     0005E1
_vfpfcnvrt                  text10       010A64
_vfprintf                   text9        014606
_width                      bssBANK5     0005D9
abs@a                       cstackCOMRAM 000513
atoi@n                      cstackCOMRAM 00050E
atoi@neg                    cstackCOMRAM 00050C
atoi@s                      cstackCOMRAM 000507
dtoa@d                      cstackCOMRAM 00051E
dtoa@fp                     cstackCOMRAM 00051C
dtoa@i                      cstackCOMRAM 00053C
dtoa@n                      cstackCOMRAM 000534
dtoa@p                      cstackCOMRAM 000530
dtoa@s                      cstackCOMRAM 00053E
dtoa@w                      cstackCOMRAM 000532
efgtoa@c                    cstackCOMRAM 000534
efgtoa@d                    cstackBANK5  00056B
efgtoa@e                    cstackBANK5  00056F
efgtoa@f                    cstackCOMRAM 000530
efgtoa@fp                   cstackCOMRAM 00052E
efgtoa@g                    cstackBANK5  000582
efgtoa@h                    cstackBANK5  000577
efgtoa@i                    cstackBANK5  00057F
efgtoa@l                    cstackBANK5  00057B
efgtoa@m                    cstackBANK5  00056D
efgtoa@mode                 cstackBANK5  000569
efgtoa@n                    cstackBANK5  000586
efgtoa@ne                   cstackBANK5  000560
efgtoa@nmode                cstackBANK5  00056A
efgtoa@ou                   cstackBANK5  000573
efgtoa@p                    cstackBANK5  000562
efgtoa@pp                   cstackBANK5  000568
efgtoa@sign                 cstackBANK5  000581
efgtoa@t                    cstackBANK5  000564
efgtoa@u                    cstackBANK5  000588
efgtoa@w                    cstackBANK5  000571
end_of_initialization       cinit        01492C
floorf@F526                 bssBANK5     0005CD
floorf@e                    cstackCOMRAM 000528
floorf@m                    cstackCOMRAM 000524
floorf@u                    cstackCOMRAM 00052A
floorf@x                    cstackCOMRAM 00051A
fputc@c                     cstackCOMRAM 000501
fputc@fp                    cstackCOMRAM 000503
fputs@c                     cstackCOMRAM 00050E
fputs@fp                    cstackCOMRAM 00050C
fputs@i                     cstackCOMRAM 00050F
fputs@s                     cstackCOMRAM 00050A
getdistancia@cont           cstackCOMRAM 000503
intlevel0                   text         000000
intlevel1                   text         000000
intlevel2                   text         000000
intlevel3                   text         000000
isa$std                     (abs)        000001
isa$xinst                   (abs)        000000
isdigit@c                   cstackCOMRAM 000501
isspace@c                   cstackCOMRAM 000501
labs@a                      cstackCOMRAM 000501
lcd_char@col                cstackCOMRAM 00050C
lcd_char@letra              cstackCOMRAM 00050D
lcd_char@row                cstackCOMRAM 00050E
lcd_command@cmd             cstackCOMRAM 000507
lcd_custom_char@charmap     cstackCOMRAM 000508
lcd_custom_char@i           cstackCOMRAM 00050C
lcd_custom_char@mem         cstackCOMRAM 00050B
lcd_out@col                 cstackCOMRAM 00050C
lcd_out@row                 cstackCOMRAM 00050F
lcd_out@str                 cstackCOMRAM 00050D
lcd_set_cursor@col          cstackCOMRAM 000508
lcd_set_cursor@row          cstackCOMRAM 00050B
lcd_write@letra             cstackCOMRAM 000507
main@valoradc               cstackCOMRAM 00055B
memcpy@d                    cstackCOMRAM 000507
memcpy@d1                   cstackCOMRAM 000501
memcpy@n                    cstackCOMRAM 000505
memcpy@s                    cstackCOMRAM 000509
memcpy@s1                   cstackCOMRAM 000503
memcpy@tmp                  cstackCOMRAM 00050B
pad@buf                     cstackCOMRAM 000513
pad@fp                      cstackCOMRAM 000511
pad@i                       cstackCOMRAM 000518
pad@p                       cstackCOMRAM 000515
pad@w                       cstackCOMRAM 00051A
sprintf@ap                  cstackBANK5  00059A
sprintf@f                   cstackBANK5  00059C
sprintf@fmt                 cstackBANK5  000594
sprintf@s                   cstackBANK5  000592
stackhi                     (abs)        000000
stacklo                     (abs)        000000
start                       init         01FFFC
start_initialization        cinit        0148F2
strcpy@d                    cstackCOMRAM 000507
strcpy@dest                 cstackCOMRAM 000501
strcpy@s                    cstackCOMRAM 000505
strcpy@src                  cstackCOMRAM 000503
vfpfcnvrt@ap                cstackCOMRAM 000543
vfpfcnvrt@c                 cstackCOMRAM 000552
vfpfcnvrt@convarg           cstackCOMRAM 00054A
vfpfcnvrt@cp                cstackCOMRAM 000553
vfpfcnvrt@done              cstackCOMRAM 000548
vfpfcnvrt@fmt               cstackCOMRAM 000541
vfpfcnvrt@fp                cstackCOMRAM 00053F
vfprintf@ap                 cstackBANK5  000590
vfprintf@cfmt               cstackCOMRAM 000555
vfprintf@fmt                cstackBANK5  00058E
vfprintf@fp                 cstackBANK5  00058C


MODULE INFORMATION

Module		Function		Class		Link	Load	Size
C:\Program Files\Microchip\xc8\v2.40\pic\sources\c99\common\sprcmul.c
		___flmul       		CODE           	11494	0000	1066

C:\Program Files\Microchip\xc8\v2.40\pic\sources\c99\common\sprcmul.c estimated size: 1066

C:\Program Files\Microchip\xc8\v2.40\pic\sources\c99\common\nf_fputc.c
		_fputc         		CODE           	13F12	0000	202

C:\Program Files\Microchip\xc8\v2.40\pic\sources\c99\common\nf_fputc.c estimated size: 202

LCD_LIB.c
		_lcd_command   		CODE           	14AE8	0000	14
		_lcd_disable_cursor		CODE           	14A9E	0000	20
		_lcd_char      		CODE           	14AC6	0000	20
		_lcd_set_cursor		CODE           	14398	0000	114
		_lcd_clear     		CODE           	14A88	0000	22
		_lcd_disable_blink		CODE           	14AB2	0000	20
		__send_byte    		CODE           	1474A	0000	78
		_lcd_write     		CODE           	14ADA	0000	14
		__write_nibble 		CODE           	1440A	0000	114
		_lcd_custom_char		CODE           	145B2	0000	84
		_lcd_init      		CODE           	14280	0000	142
		_lcd_out       		CODE           	1447C	0000	110

LCD_LIB.c estimated size: 752

C:\Program Files\Microchip\xc8\v2.40\pic\sources\c99\common\sprcdiv.c
		___fldiv       		CODE           	11CA6	0000	922

C:\Program Files\Microchip\xc8\v2.40\pic\sources\c99\common\sprcdiv.c estimated size: 922

C:\Program Files\Microchip\xc8\v2.40\pic\sources\c99\common\nf_sprintf.c
		_sprintf       		CODE           	1465A	0000	82

C:\Program Files\Microchip\xc8\v2.40\pic\sources\c99\common\nf_sprintf.c estimated size: 82

C:\Program Files\Microchip\xc8\v2.40\pic\sources\c99\common\memcpy.c
		_memcpy        		CODE           	146AC	0000	80

C:\Program Files\Microchip\xc8\v2.40\pic\sources\c99\common\memcpy.c estimated size: 80

C:\Program Files\Microchip\xc8\v2.40\pic\sources\c99\common\fltol.c
		___fltol       		CODE           	13B32	0000	262

C:\Program Files\Microchip\xc8\v2.40\pic\sources\c99\common\fltol.c estimated size: 262

C:\Program Files\Microchip\xc8\v2.40\pic\sources\c99\common\isspace.c
		_isspace       		CODE           	147DE	0000	70

C:\Program Files\Microchip\xc8\v2.40\pic\sources\c99\common\isspace.c estimated size: 70

C:\Program Files\Microchip\xc8\v2.40\pic\sources\c99\common\atoi.c
		_atoi          		CODE           	139D4	0000	350

C:\Program Files\Microchip\xc8\v2.40\pic\sources\c99\common\atoi.c estimated size: 350

C:\Program Files\Microchip\xc8\v2.40\pic\sources\c99\common\Umul16.c
		___wmul        		CODE           	14A2C	0000	38

C:\Program Files\Microchip\xc8\v2.40\pic\sources\c99\common\Umul16.c estimated size: 38

C:\Program Files\Microchip\xc8\v2.40\pic\sources\c99\common\fleq.c
		___fleq        		CODE           	1408A	0000	170

C:\Program Files\Microchip\xc8\v2.40\pic\sources\c99\common\fleq.c estimated size: 170

C:\Program Files\Microchip\xc8\v2.40\pic\sources\c99\common\abs.c
		_abs           		CODE           	14932	0000	64

C:\Program Files\Microchip\xc8\v2.40\pic\sources\c99\common\abs.c estimated size: 64

C:\Program Files\Microchip\xc8\v2.40\pic\sources\c99\common\__fpclassifyf.c
		___fpclassifyf 		CODE           	13D3C	0000	254

C:\Program Files\Microchip\xc8\v2.40\pic\sources\c99\common\__fpclassifyf.c estimated size: 254

C:\Program Files\Microchip\xc8\v2.40\pic\sources\c99\common\isdigit.c
		_isdigit       		CODE           	149DA	0000	44

C:\Program Files\Microchip\xc8\v2.40\pic\sources\c99\common\isdigit.c estimated size: 44

C:\Program Files\Microchip\xc8\v2.40\pic\sources\c99\common\sprcadd.c
		___flsub       		CODE           	14798	0000	70
		___fladd       		CODE           	10FD4	0000	1216

C:\Program Files\Microchip\xc8\v2.40\pic\sources\c99\common\sprcadd.c estimated size: 1286

C:\Program Files\Microchip\xc8\v2.40\pic\sources\c99\common\floorf.c
		_floorf        		CODE           	13322	0000	530

C:\Program Files\Microchip\xc8\v2.40\pic\sources\c99\common\floorf.c estimated size: 530

C:\Program Files\Microchip\xc8\v2.40\pic\sources\c99\common\flneg.c
		___flneg       		CODE           	14972	0000	56

C:\Program Files\Microchip\xc8\v2.40\pic\sources\c99\common\flneg.c estimated size: 56

config.c
		_Clock_Init    		CODE           	14A70	0000	24

config.c estimated size: 24

C:\Program Files\Microchip\xc8\v2.40\pic\sources\c99\common\labs.c
		_labs          		CODE           	144EA	0000	102

C:\Program Files\Microchip\xc8\v2.40\pic\sources\c99\common\labs.c estimated size: 102

C:\Program Files\Microchip\xc8\v2.40\pic\sources\c99\common\xxtofl.c
		___xxtofl      		CODE           	13534	0000	436

C:\Program Files\Microchip\xc8\v2.40\pic\sources\c99\common\xxtofl.c estimated size: 436

C:\Program Files\Microchip\xc8\v2.40\pic\sources\c99\common\nf_fputs.c
		_fputs         		CODE           	148AE	0000	68

C:\Program Files\Microchip\xc8\v2.40\pic\sources\c99\common\nf_fputs.c estimated size: 68

C:\Program Files\Microchip\xc8\v2.40\pic\sources\c99\common\aomod.c
		___aomod       		CODE           	13870	0000	356

C:\Program Files\Microchip\xc8\v2.40\pic\sources\c99\common\aomod.c estimated size: 356

shared
		__initialization		CODE           	148F2	0000	58

shared estimated size: 58

C:\Program Files\Microchip\xc8\v2.40\pic\sources\c99\common\strcpy.c
		_strcpy        		CODE           	1486A	0000	68

C:\Program Files\Microchip\xc8\v2.40\pic\sources\c99\common\strcpy.c estimated size: 68

C:\Program Files\Microchip\xc8\v2.40\pic\sources\c99\common\flge.c
		___flge        		CODE           	13C38	0000	260

C:\Program Files\Microchip\xc8\v2.40\pic\sources\c99\common\flge.c estimated size: 260

C:\Program Files\Microchip\xc8\v2.40\pic\sources\c99\common\putch.c
		_putch         		CODE           	14AF6	0000	2

C:\Program Files\Microchip\xc8\v2.40\pic\sources\c99\common\putch.c estimated size: 2

ADC_LIB.c
		_ADC_Read      		CODE           	149AA	0000	48
		_ADC_Init      		CODE           	14A52	0000	30

ADC_LIB.c estimated size: 78

C:\Program Files\Microchip\xc8\v2.40\pic\sources\c99\common\doprnt.c
		_vfpfcnvrt     		CODE           	10A64	0000	1392
		_efgtoa        		CODE           	10000	0000	2660
		_pad           		CODE           	13FDC	0000	174
		_dtoa          		CODE           	123C6	0000	696
		_vfprintf      		CODE           	14606	0000	84

C:\Program Files\Microchip\xc8\v2.40\pic\sources\c99\common\doprnt.c estimated size: 5006

main.c
		_Sec3Est       		CODE           	1430E	0000	138
		_MenuMotor     		CODE           	12E70	0000	650
		_MenuS         		CODE           	13E3A	0000	216
		_MenuPrincipalCon		CODE           	12BCC	0000	676
		_MenuPrincipal 		CODE           	1267E	0000	680
		_main          		CODE           	130FA	0000	552
		_MenuCalentador		CODE           	12926	0000	678
		_getdistancia  		CODE           	146FC	0000	78
		_MenuLed       		CODE           	12040	0000	902
		_MenuLedCon    		CODE           	118BE	0000	1000
		_Advertencia   		CODE           	14550	0000	98
		_Advertencia2  		CODE           	14824	0000	70
		_Sec1Est       		CODE           	141DA	0000	166
		_Sec2Est       		CODE           	14134	0000	166

main.c estimated size: 6070

C:\Program Files\Microchip\xc8\v2.40\pic\sources\c99\common\aodiv.c
		___aodiv       		CODE           	136E8	0000	392

C:\Program Files\Microchip\xc8\v2.40\pic\sources\c99\common\aodiv.c estimated size: 392

