Microchip MPLAB XC8 Compiler V2.40

Linker command line:

-W-3 \
  --edf=C:\Program Files\Microchip\xc8\v2.40\pic\dat\20220703182018_en.msgs \
  -pivt0x8=08h -cn -h+dist/default/production\PIC_T.X.production.sym \
  --cmf=dist/default/production\PIC_T.X.production.cmf -z -Q18F57Q43 \
  -oC:\Users\Andre\AppData\Local\Temp\xcAsjf8.4 --defsym=__MPLAB_BUILD=1 \
  --fixupoverflow=error -Mdist/default/production/PIC_T.X.production.map \
  --md=C:\Users\Andre\AppData\Local\Temp\xcAsjf8.dat -E1 -ver=XC8 Compiler \
  --acfsm=1493 -ACODE=00h-01FFFFh -ACONST=00h-01FFFFh \
  -ASMALLCONST=02600h-026FFhx474 \
  -AMEDIUMCONST=02600h-0FFFFh,012600h-01FFFFh -ACOMRAM=0501h-055Fh \
  -AABS1=0500h-024FFh -ABIGRAM=0501h-024FFh \
  -ARAM=0560h-05FFh,0600h-06FFhx31 -ABANK5=0560h-05FFh -ABANK6=0600h-06FFh \
  -ABANK7=0700h-07FFh -ABANK8=0800h-08FFh -ABANK9=0900h-09FFh \
  -ABANK10=0A00h-0AFFh -ABANK11=0B00h-0BFFh -ABANK12=0C00h-0CFFh \
  -ABANK13=0D00h-0DFFh -ABANK14=0E00h-0EFFh -ABANK15=0F00h-0FFFh \
  -ABANK16=01000h-010FFh -ABANK17=01100h-011FFh -ABANK18=01200h-012FFh \
  -ABANK19=01300h-013FFh -ABANK20=01400h-014FFh -ABANK21=01500h-015FFh \
  -ABANK22=01600h-016FFh -ABANK23=01700h-017FFh -ABANK24=01800h-018FFh \
  -ABANK25=01900h-019FFh -ABANK26=01A00h-01AFFh -ABANK27=01B00h-01BFFh \
  -ABANK28=01C00h-01CFFh -ABANK29=01D00h-01DFFh -ABANK30=01E00h-01EFFh \
  -ABANK31=01F00h-01FFFh -ABANK32=02000h-020FFh -ABANK33=02100h-021FFh \
  -ABANK34=02200h-022FFh -ABANK35=02300h-023FFh -ABANK36=02400h-024FFh \
  -ASFR=00h-0FFhx4,0400h-045Fh,0460h-04FFh,02500h-025FFh \
  -ABIGSFR=00h-04FFh,02500h-025FFh -ACONFIG=0300000h-0300011h \
  -AIDLOC=0200000h-020003Fh -AEEDATA=0380000h-03803FFh -peeprom_data=EEDATA \
  -preset_vec=00h -ppowerup=CODE,init -pramtop=02600h \
  -psmallconst=SMALLCONST -pmediumconst=MEDIUMCONST -pconst=CONST \
  -AFARRAM=00h-00h \
  -prdata=COMRAM,nvrram=COMRAM,nvbit=COMRAM,rbss=COMRAM,rbit=COMRAM \
  -pfarbss=FARRAM,fardata=FARRAM,nvFARRAM=FARRAM \
  -pintsave_regs=BIGRAM,bigbss=BIGRAM,bigdata=BIGRAM -pbss=RAM \
  -pidata=CODE,irdata=CODE,ibigdata=CODE,ifardata=CODE -prparam=COMRAM \
  C:\Users\Andre\AppData\Local\Temp\xcAsjf8.o \
  dist/default/production\PIC_T.X.production.o 

Object code version is 3.11

Machine type is 18F57Q43



                Name                               Link     Load   Length Selector   Space Scale
C:\Users\Andre\AppData\Local\Temp\xcAsjf8.o
                idloc                            200000   200000       40        0       5
                config                           300000   300000        A        0       4
                init                                 1A       1A        4        4       0
                reset_vec                             0        0        4        0       0
dist/default/production\PIC_T.X.production.o
                idloc                            200000   200000       40        0       5
                config                           300000   300000        A        0       4
                smallconst                         2600     2600       32     1300       0
                ivt0x8                                8        8       12        4       0
                text24                             2B30     2B30       3A     1319       0
                text23                             2C62     2C62        6     1319       0
                text22                             2C6E     2C6E        2     1319       0
                text21                             2C6C     2C6C        2     1319       0
                text20                             2632     2632       C0     1319       0
                text19                             2AEE     2AEE       42     1319       0
                text18                             2968     2968       82     1319       0
                text17                             2C68     2C68        4     1319       0
                text16                             2BE0     2BE0       1C     1319       0
                text15                             27A4     27A4       A8     1319       0
                text14                             2BBC     2BBC       24     1319       0
                text13                             2C4A     2C4A        E     1319       0
                text12                             2C3C     2C3C        E     1319       0
                text11                             2C2E     2C2E        E     1319       0
                text10                             2C20     2C20        E     1319       0
                text9                              2C12     2C12        E     1319       0
                text8                              26F2     26F2       B2     1319       0
                text7                              2BFC     2BFC       16     1319       0
                text6                              2A46     2A46       56     1319       0
                text5                              2C58     2C58        A     1319       0
                text4                              284C     284C       96     1319       0
                text3                              28E2     28E2       86     1319       0
                text2                              2A9C     2A9C       52     1319       0
                text1                              2B96     2B96       26     1319       0
                text0                              29EA     29EA       5C     1319       0
                cstackCOMRAM                        528      528       1F      501       1
                bssBANK5                            560      560       30      560       1
                bssCOMRAM                           501      501       27      501       1
                cinit                              2B6A     2B6A       2C     1319       0
                nvCOMRAM                            547      547       10      501       1

TOTAL           Name                               Link     Load   Length     Space
        CLASS   CODE           
                init                                 1A       1A        4         0
                reset_vec                             0        0        4         0
                ivt0x8                                8        8       12         0
                text24                             2B30     2B30       3A         0
                text23                             2C62     2C62        6         0
                text22                             2C6E     2C6E        2         0
                text21                             2C6C     2C6C        2         0
                text20                             2632     2632       C0         0
                text19                             2AEE     2AEE       42         0
                text18                             2968     2968       82         0
                text17                             2C68     2C68        4         0
                text16                             2BE0     2BE0       1C         0
                text15                             27A4     27A4       A8         0
                text14                             2BBC     2BBC       24         0
                text13                             2C4A     2C4A        E         0
                text12                             2C3C     2C3C        E         0
                text11                             2C2E     2C2E        E         0
                text10                             2C20     2C20        E         0
                text9                              2C12     2C12        E         0
                text8                              26F2     26F2       B2         0
                text7                              2BFC     2BFC       16         0
                text6                              2A46     2A46       56         0
                text5                              2C58     2C58        A         0
                text4                              284C     284C       96         0
                text3                              28E2     28E2       86         0
                text2                              2A9C     2A9C       52         0
                text1                              2B96     2B96       26         0
                text0                              29EA     29EA       5C         0
                cinit                              2B6A     2B6A       2C         0

        CLASS   CONST          

        CLASS   SMALLCONST     
                smallconst                         2600     2600       32         0

        CLASS   MEDIUMCONST    

        CLASS   COMRAM         
                cstackCOMRAM                        528      528       1F         1
                bssCOMRAM                           501      501       27         1
                nvCOMRAM                            547      547       10         1

        CLASS   ABS1           

        CLASS   BIGRAM         

        CLASS   RAM            

        CLASS   BANK5          
                bssBANK5                            560      560       30         1

        CLASS   BANK6          

        CLASS   BANK7          

        CLASS   BANK8          

        CLASS   BANK9          

        CLASS   BANK10         

        CLASS   BANK11         

        CLASS   BANK12         

        CLASS   BANK13         

        CLASS   BANK14         

        CLASS   BANK15         

        CLASS   BANK16         

        CLASS   BANK17         

        CLASS   BANK18         

        CLASS   BANK19         

        CLASS   BANK20         

        CLASS   BANK21         

        CLASS   BANK22         

        CLASS   BANK23         

        CLASS   BANK24         

        CLASS   BANK25         

        CLASS   BANK26         

        CLASS   BANK27         

        CLASS   BANK28         

        CLASS   BANK29         

        CLASS   BANK30         

        CLASS   BANK31         

        CLASS   BANK32         

        CLASS   BANK33         

        CLASS   BANK34         

        CLASS   BANK35         

        CLASS   BANK36         

        CLASS   SFR            

        CLASS   BIGSFR         

        CLASS   CONFIG         
                config                           300000   300000        A         4

        CLASS   IDLOC          
                idloc                            200000   200000       40         5

        CLASS   EEDATA         

        CLASS   FARRAM         

        CLASS   HEAP           

        CLASS   STACK          



SEGMENTS        Name                           Load    Length   Top    Selector   Space  Class

                reset_vec                      000000  000004  000004         0       0  CODE    
                ivt0x8                         000008  000016  00001E         4       0  CODE    
                bssCOMRAM                      000501  000056  000557       501       1  COMRAM  
                bssBANK5                       000560  000030  000590       560       1  BANK5   
                smallconst                     002600  000032  002632      1300       0  SMALLCON
                text20                         002632  00063E  002C70      1319       0  CODE    


UNUSED ADDRESS RANGES

        Name                Unused          Largest block    Delta
        BANK10           000A00-000AFF              100
        BANK11           000B00-000BFF              100
        BANK12           000C00-000CFF              100
        BANK13           000D00-000DFF              100
        BANK14           000E00-000EFF              100
        BANK15           000F00-000FFF              100
        BANK16           001000-0010FF              100
        BANK17           001100-0011FF              100
        BANK18           001200-0012FF              100
        BANK19           001300-0013FF              100
        BANK20           001400-0014FF              100
        BANK21           001500-0015FF              100
        BANK22           001600-0016FF              100
        BANK23           001700-0017FF              100
        BANK24           001800-0018FF              100
        BANK25           001900-0019FF              100
        BANK26           001A00-001AFF              100
        BANK27           001B00-001BFF              100
        BANK28           001C00-001CFF              100
        BANK29           001D00-001DFF              100
        BANK30           001E00-001EFF              100
        BANK31           001F00-001FFF              100
        BANK32           002000-0020FF              100
        BANK33           002100-0021FF              100
        BANK34           002200-0022FF              100
        BANK35           002300-0023FF              100
        BANK36           002400-0024FF              100
        BANK5            000590-0005FF               70
        BANK6            000600-0006FF              100
        BANK7            000700-0007FF              100
        BANK8            000800-0008FF              100
        BANK9            000900-0009FF              100
        BIGRAM           000557-00055F                9
                         000590-0024FF             1F70
        BIGSFR           000000-0004FF              500
                         002500-0025FF              100
        CODE             000004-000007                4
                         00001E-0025FF             25E2
                         002C70-01FFFF            1D390
        COMRAM           000557-00055F                9
        CONFIG           30000A-300011                8
        CONST            000004-000007                4
                         00001E-0025FF             25E2
                         002C70-01FFFF            1D390
        EEDATA           380000-3803FF              400
        MEDIUMCONST      002C70-00FFFF             D390
                         012600-01FFFF             DA00
        RAM              000590-0024FF              100
        SFR              000000-0004FF              100
                         002500-0025FF              100
        SMALLCONST       002C70-01FFFF              100

                                  Symbol Table

?_printf                                      cstackCOMRAM 000543
?_vfprintf                                    cstackCOMRAM 00053B
IVTBASEH                                      (abs)        00045E
IVTBASEL                                      (abs)        00045D
IVTBASEU                                      (abs)        00045F
UART1_SetErrorHandler@interruptHandler        cstackCOMRAM 00052A
UART1_SetFramingErrorHandler@interruptHandler cstackCOMRAM 00052A
UART1_SetOverrunErrorHandler@interruptHandler cstackCOMRAM 00052A
UART1_SetRxInterruptHandler@InterruptHandler  cstackCOMRAM 00052A
UART1_SetTxInterruptHandler@InterruptHandler  cstackCOMRAM 00052A
UART1_Write@txData                            cstackCOMRAM 00052A
_ACTCON                                       (abs)        0000AC
_ANSELA                                       (abs)        000400
_ANSELB                                       (abs)        000408
_ANSELC                                       (abs)        000410
_ANSELD                                       (abs)        000418
_ANSELE                                       (abs)        000420
_ANSELF                                       (abs)        000428
_INLVLA                                       (abs)        000404
_INLVLB                                       (abs)        00040C
_INLVLC                                       (abs)        000414
_INLVLD                                       (abs)        00041C
_INLVLE                                       (abs)        000424
_INLVLF                                       (abs)        00042C
_INTCON0bits                                  (abs)        0004D6
_INTERRUPT_Initialize                         text17       002C68
_INTERRUPT_InterruptManager                   text18       002968
_LATA                                         (abs)        0004BE
_LATB                                         (abs)        0004BF
_LATC                                         (abs)        0004C0
_LATD                                         (abs)        0004C1
_LATE                                         (abs)        0004C2
_LATF                                         (abs)        0004C3
_ODCONA                                       (abs)        000402
_ODCONB                                       (abs)        00040A
_ODCONC                                       (abs)        000412
_ODCOND                                       (abs)        00041A
_ODCONE                                       (abs)        000422
_ODCONF                                       (abs)        00042A
_OSCCON1                                      (abs)        0000AD
_OSCCON3                                      (abs)        0000AF
_OSCEN                                        (abs)        0000B3
_OSCFRQ                                       (abs)        0000B1
_OSCILLATOR_Initialize                        text16       002BE0
_OSCTUNE                                      (abs)        0000B0
_PIE4bits                                     (abs)        0004A2
_PIN_MANAGER_Initialize                       text15       0027A4
_PIR4bits                                     (abs)        0004B2
_PMD0                                         (abs)        000060
_PMD1                                         (abs)        000061
_PMD3                                         (abs)        000063
_PMD4                                         (abs)        000064
_PMD5                                         (abs)        000065
_PMD6                                         (abs)        000066
_PMD7                                         (abs)        000067
_PMD8                                         (abs)        000068
_PMD_Initialize                               text14       002BBC
_PORTBbits                                    (abs)        0004CF
_RB1I2C                                       (abs)        000289
_RB2I2C                                       (abs)        000288
_RC3I2C                                       (abs)        000287
_RC4I2C                                       (abs)        000286
_RF0PPS                                       (abs)        000229
_SLRCONA                                      (abs)        000403
_SLRCONB                                      (abs)        00040B
_SLRCONC                                      (abs)        000413
_SLRCOND                                      (abs)        00041B
_SLRCONE                                      (abs)        000423
_SLRCONF                                      (abs)        00042B
_SYSTEM_Initialize                            text7        002BFC
_TRISA                                        (abs)        0004C6
_TRISB                                        (abs)        0004C7
_TRISC                                        (abs)        0004C8
_TRISD                                        (abs)        0004C9
_TRISE                                        (abs)        0004CA
_TRISF                                        (abs)        0004CB
_U1BRGH                                       (abs)        0002AF
_U1BRGL                                       (abs)        0002AE
_U1CON0                                       (abs)        0002AB
_U1CON1                                       (abs)        0002AC
_U1CON2                                       (abs)        0002AD
_U1ERRIE                                      (abs)        0002B3
_U1ERRIR                                      (abs)        0002B2
_U1ERRIRbits                                  (abs)        0002B2
_U1FIFO                                       (abs)        0002B0
_U1P1H                                        (abs)        0002A6
_U1P1L                                        (abs)        0002A5
_U1P2H                                        (abs)        0002A8
_U1P2L                                        (abs)        0002A7
_U1P3H                                        (abs)        0002AA
_U1P3L                                        (abs)        0002A9
_U1RXB                                        (abs)        0002A1
_U1RXPPS                                      (abs)        000272
_U1TXB                                        (abs)        0002A3
_U1UIR                                        (abs)        0002B1
_UART1_DefaultErrorHandler                    text23       002C62
_UART1_DefaultFramingErrorHandler             text22       002C6E
_UART1_DefaultOverrunErrorHandler             text21       002C6C
_UART1_ErrorHandler                           nvCOMRAM     000547
_UART1_FramingErrorHandler                    nvCOMRAM     00054D
_UART1_Initialize                             text8        0026F2
_UART1_OverrunErrorHandler                    nvCOMRAM     00054A
_UART1_Receive_ISR                            text20       002632
_UART1_RxDataHandler                          text24       002B30
_UART1_RxInterruptHandler                     nvCOMRAM     000553
_UART1_SetErrorHandler                        text13       002C4A
_UART1_SetFramingErrorHandler                 text12       002C3C
_UART1_SetOverrunErrorHandler                 text11       002C2E
_UART1_SetRxInterruptHandler                  text10       002C20
_UART1_SetTxInterruptHandler                  text9        002C12
_UART1_Transmit_ISR                           text19       002AEE
_UART1_TxInterruptHandler                     nvCOMRAM     000550
_UART1_Write                                  text6        002A46
_WPUA                                         (abs)        000401
_WPUB                                         (abs)        000409
_WPUC                                         (abs)        000411
_WPUD                                         (abs)        000419
_WPUE                                         (abs)        000421
_WPUF                                         (abs)        000429
__HRAM                                        (abs)        000000
__Habs1                                       abs1         000000
__Hbank10                                     bank10       000000
__Hbank11                                     bank11       000000
__Hbank12                                     bank12       000000
__Hbank13                                     bank13       000000
__Hbank14                                     bank14       000000
__Hbank15                                     bank15       000000
__Hbank16                                     bank16       000000
__Hbank17                                     bank17       000000
__Hbank18                                     bank18       000000
__Hbank19                                     bank19       000000
__Hbank20                                     bank20       000000
__Hbank21                                     bank21       000000
__Hbank22                                     bank22       000000
__Hbank23                                     bank23       000000
__Hbank24                                     bank24       000000
__Hbank25                                     bank25       000000
__Hbank26                                     bank26       000000
__Hbank27                                     bank27       000000
__Hbank28                                     bank28       000000
__Hbank29                                     bank29       000000
__Hbank30                                     bank30       000000
__Hbank31                                     bank31       000000
__Hbank32                                     bank32       000000
__Hbank33                                     bank33       000000
__Hbank34                                     bank34       000000
__Hbank35                                     bank35       000000
__Hbank36                                     bank36       000000
__Hbank5                                      bank5        000000
__Hbank6                                      bank6        000000
__Hbank7                                      bank7        000000
__Hbank8                                      bank8        000000
__Hbank9                                      bank9        000000
__Hbigbss                                     bigbss       000000
__Hbigdata                                    bigdata      000000
__Hbigram                                     bigram       000000
__Hbigsfr                                     bigsfr       000000
__Hbss                                        bss          000000
__HbssBANK5                                   bssBANK5     000000
__HbssCOMRAM                                  bssCOMRAM    000000
__Hcinit                                      cinit        000000
__Hclrtext                                    clrtext      000000
__Hcomram                                     comram       000000
__Hconfig                                     config       30000A
__Hconst                                      const        000000
__HcstackCOMRAM                               cstackCOMRAM 000000
__Hdata                                       data         000000
__Heeprom_data                                eeprom_data  000000
__Hfarbss                                     farbss       000000
__Hfardata                                    fardata      000000
__Hheap                                       heap         000000
__Hibigdata                                   ibigdata     000000
__Hidata                                      idata        000000
__Hidloc                                      idloc        200040
__Hifardata                                   ifardata     000000
__Hinit                                       init         00001E
__Hintsave_regs                               intsave_regs 000000
__Hirdata                                     irdata       000000
__Hivt0x8                                     ivt0x8       00001A
__Hmediumconst                                mediumconst  000000
__HnvCOMRAM                                   nvCOMRAM     000000
__HnvFARRAM                                   nvFARRAM     000000
__Hnvbit                                      nvbit        000000
__Hnvrram                                     nvrram       000000
__Hparam                                      rparam       000000
__Hpowerup                                    powerup      000000
__Hram                                        ram          000000
__Hramtop                                     ramtop       002600
__Hrbit                                       rbit         000000
__Hrbss                                       rbss         000000
__Hrdata                                      rdata        000000
__Hreset_vec                                  reset_vec    000004
__Hrparam                                     rparam       000000
__Hsfr                                        sfr          000000
__Hsmallconst                                 smallconst   002632
__Hspace_0                                    (abs)        002C70
__Hspace_1                                    (abs)        000590
__Hspace_2                                    (abs)        000000
__Hspace_4                                    (abs)        60000A
__Hstack                                      stack        000000
__Hstruct                                     struct       000000
__Htemp                                       temp         000000
__Htext                                       text         000000
__Htext0                                      text0        000000
__Htext1                                      text1        000000
__Htext10                                     text10       000000
__Htext11                                     text11       000000
__Htext12                                     text12       000000
__Htext13                                     text13       000000
__Htext14                                     text14       000000
__Htext15                                     text15       000000
__Htext16                                     text16       000000
__Htext17                                     text17       000000
__Htext18                                     text18       000000
__Htext19                                     text19       000000
__Htext2                                      text2        000000
__Htext20                                     text20       000000
__Htext21                                     text21       000000
__Htext22                                     text22       000000
__Htext23                                     text23       000000
__Htext24                                     text24       000000
__Htext25                                     text25       000000
__Htext3                                      text3        000000
__Htext4                                      text4        000000
__Htext5                                      text5        000000
__Htext6                                      text6        000000
__Htext7                                      text7        000000
__Htext8                                      text8        000000
__Htext9                                      text9        000000
__LRAM                                        (abs)        000001
__Labs1                                       abs1         000000
__Lbank10                                     bank10       000000
__Lbank11                                     bank11       000000
__Lbank12                                     bank12       000000
__Lbank13                                     bank13       000000
__Lbank14                                     bank14       000000
__Lbank15                                     bank15       000000
__Lbank16                                     bank16       000000
__Lbank17                                     bank17       000000
__Lbank18                                     bank18       000000
__Lbank19                                     bank19       000000
__Lbank20                                     bank20       000000
__Lbank21                                     bank21       000000
__Lbank22                                     bank22       000000
__Lbank23                                     bank23       000000
__Lbank24                                     bank24       000000
__Lbank25                                     bank25       000000
__Lbank26                                     bank26       000000
__Lbank27                                     bank27       000000
__Lbank28                                     bank28       000000
__Lbank29                                     bank29       000000
__Lbank30                                     bank30       000000
__Lbank31                                     bank31       000000
__Lbank32                                     bank32       000000
__Lbank33                                     bank33       000000
__Lbank34                                     bank34       000000
__Lbank35                                     bank35       000000
__Lbank36                                     bank36       000000
__Lbank5                                      bank5        000000
__Lbank6                                      bank6        000000
__Lbank7                                      bank7        000000
__Lbank8                                      bank8        000000
__Lbank9                                      bank9        000000
__Lbigbss                                     bigbss       000000
__Lbigdata                                    bigdata      000000
__Lbigram                                     bigram       000000
__Lbigsfr                                     bigsfr       000000
__Lbss                                        bss          000000
__LbssBANK5                                   bssBANK5     000000
__LbssCOMRAM                                  bssCOMRAM    000000
__Lcinit                                      cinit        000000
__Lclrtext                                    clrtext      000000
__Lcomram                                     comram       000000
__Lconfig                                     config       000000
__Lconst                                      const        000000
__LcstackCOMRAM                               cstackCOMRAM 000000
__Ldata                                       data         000000
__Leeprom_data                                eeprom_data  000000
__Lfarbss                                     farbss       000000
__Lfardata                                    fardata      000000
__Lheap                                       heap         000000
__Libigdata                                   ibigdata     000000
__Lidata                                      idata        000000
__Lidloc                                      idloc        000000
__Lifardata                                   ifardata     000000
__Linit                                       init         00001A
__Lintsave_regs                               intsave_regs 000000
__Lirdata                                     irdata       000000
__Livt0x8                                     ivt0x8       000008
__Lmediumconst                                mediumconst  000000
__LnvCOMRAM                                   nvCOMRAM     000000
__LnvFARRAM                                   nvFARRAM     000000
__Lnvbit                                      nvbit        000000
__Lnvrram                                     nvrram       000000
__Lparam                                      rparam       000000
__Lpowerup                                    powerup      000000
__Lram                                        ram          000000
__Lramtop                                     ramtop       002600
__Lrbit                                       rbit         000000
__Lrbss                                       rbss         000000
__Lrdata                                      rdata        000000
__Lreset_vec                                  reset_vec    000000
__Lrparam                                     rparam       000000
__Lsfr                                        sfr          000000
__Lsmallconst                                 smallconst   002600
__Lspace_0                                    (abs)        000000
__Lspace_1                                    (abs)        000000
__Lspace_2                                    (abs)        000000
__Lspace_4                                    (abs)        000000
__Lstack                                      stack        000000
__Lstruct                                     struct       000000
__Ltemp                                       temp         000000
__Ltext                                       text         000000
__Ltext0                                      text0        000000
__Ltext1                                      text1        000000
__Ltext10                                     text10       000000
__Ltext11                                     text11       000000
__Ltext12                                     text12       000000
__Ltext13                                     text13       000000
__Ltext14                                     text14       000000
__Ltext15                                     text15       000000
__Ltext16                                     text16       000000
__Ltext17                                     text17       000000
__Ltext18                                     text18       000000
__Ltext19                                     text19       000000
__Ltext2                                      text2        000000
__Ltext20                                     text20       000000
__Ltext21                                     text21       000000
__Ltext22                                     text22       000000
__Ltext23                                     text23       000000
__Ltext24                                     text24       000000
__Ltext25                                     text25       000000
__Ltext3                                      text3        000000
__Ltext4                                      text4        000000
__Ltext5                                      text5        000000
__Ltext6                                      text6        000000
__Ltext7                                      text7        000000
__Ltext8                                      text8        000000
__Ltext9                                      text9        000000
__S0                                          (abs)        002C70
__S1                                          (abs)        000590
__S4                                          (abs)        000000
__S5                                          (abs)        000000
___heap_hi                                    (abs)        000000
___heap_lo                                    (abs)        000000
___inthi_sp                                   stack        000000
___intlo_sp                                   stack        000000
___param_bank                                 (abs)        000000
___rparam_used                                (abs)        000001
___sp                                         stack        000000
__accesstop                                   (abs)        000560
__activetblptr                                (abs)        000003
__end_of_INTERRUPT_Initialize                 text17       002C6C
__end_of_INTERRUPT_InterruptManager           text18       0029EA
__end_of_OSCILLATOR_Initialize                text16       002BFC
__end_of_PIN_MANAGER_Initialize               text15       00284C
__end_of_PMD_Initialize                       text14       002BE0
__end_of_SYSTEM_Initialize                    text7        002C12
__end_of_UART1_DefaultErrorHandler            text23       002C68
__end_of_UART1_DefaultFramingErrorHandler     text22       002C70
__end_of_UART1_DefaultOverrunErrorHandler     text21       002C6E
__end_of_UART1_Initialize                     text8        0027A4
__end_of_UART1_Receive_ISR                    text20       0026F2
__end_of_UART1_RxDataHandler                  text24       002B6A
__end_of_UART1_SetErrorHandler                text13       002C58
__end_of_UART1_SetFramingErrorHandler         text12       002C4A
__end_of_UART1_SetOverrunErrorHandler         text11       002C3C
__end_of_UART1_SetRxInterruptHandler          text10       002C2E
__end_of_UART1_SetTxInterruptHandler          text9        002C20
__end_of_UART1_Transmit_ISR                   text19       002B30
__end_of_UART1_Write                          text6        002A9C
__end_of__initialization                      cinit        002B90
__end_of_fputc                                text4        0028E2
__end_of_main                                 text0        002A46
__end_of_printf                               text1        002BBC
__end_of_putch                                text5        002C62
__end_of_vfpfcnvrt                            text3        002968
__end_of_vfprintf                             text2        002AEE
__initialization                              cinit        002B6A
__mediumconst                                 mediumconst  000000
__pbssBANK5                                   bssBANK5     000560
__pbssCOMRAM                                  bssCOMRAM    000501
__pcinit                                      cinit        002B6A
__pcstackCOMRAM                               cstackCOMRAM 000528
__pivt0x8                                     ivt0x8       000008
__pnvCOMRAM                                   nvCOMRAM     000547
__psmallconst                                 smallconst   002600
__ptext0                                      text0        0029EA
__ptext1                                      text1        002B96
__ptext10                                     text10       002C20
__ptext11                                     text11       002C2E
__ptext12                                     text12       002C3C
__ptext13                                     text13       002C4A
__ptext14                                     text14       002BBC
__ptext15                                     text15       0027A4
__ptext16                                     text16       002BE0
__ptext17                                     text17       002C68
__ptext18                                     text18       002968
__ptext19                                     text19       002AEE
__ptext2                                      text2        002A9C
__ptext20                                     text20       002632
__ptext21                                     text21       002C6C
__ptext22                                     text22       002C6E
__ptext23                                     text23       002C62
__ptext24                                     text24       002B30
__ptext25                                     text25       000000
__ptext3                                      text3        0028E2
__ptext4                                      text4        00284C
__ptext5                                      text5        002C58
__ptext6                                      text6        002A46
__ptext7                                      text7        002BFC
__ptext8                                      text8        0026F2
__ptext9                                      text9        002C12
__ramtop                                      ramtop       002600
__smallconst                                  smallconst   002600
_flags                                        bssCOMRAM    000521
_fputc                                        text4        00284C
_frame                                        bssBANK5     000580
_index                                        bssCOMRAM    00051F
_main                                         text0        0029EA
_prec                                         bssCOMRAM    00051D
_printf                                       text1        002B96
_putch                                        text5        002C58
_uart1RxBuffer                                bssCOMRAM    000509
_uart1RxCount                                 bssCOMRAM    000523
_uart1RxHead                                  bssCOMRAM    000525
_uart1RxLastError                             bssCOMRAM    000522
_uart1RxStatusBuffer                          bssCOMRAM    000501
_uart1RxTail                                  bssCOMRAM    000524
_uart1TxBuffer                                bssCOMRAM    000511
_uart1TxBufferRemaining                       nvCOMRAM     000556
_uart1TxHead                                  bssCOMRAM    000527
_uart1TxTail                                  bssCOMRAM    000526
_vfpfcnvrt                                    text3        0028E2
_vfprintf                                     text2        002A9C
_width                                        bssCOMRAM    00051B
end_of_initialization                         cinit        002B90
fputc@c                                       cstackCOMRAM 00052C
fputc@fp                                      cstackCOMRAM 00052E
intlevel0                                     text         000000
intlevel1                                     text         000000
intlevel2                                     text         000000
intlevel3                                     text         000000
isa$std                                       (abs)        000001
isa$xinst                                     (abs)        000000
ivt0x8_base                                   ivt0x8       000008
printf@ap                                     cstackCOMRAM 000545
printf@fmt                                    cstackCOMRAM 000543
putch@txData                                  cstackCOMRAM 00052B
stackhi                                       (abs)        000000
stacklo                                       (abs)        000000
start                                         init         00001A
start_initialization                          cinit        002B6A
vfpfcnvrt@ap                                  cstackCOMRAM 000539
vfpfcnvrt@fmt                                 cstackCOMRAM 000537
vfpfcnvrt@fp                                  cstackCOMRAM 000535
vfprintf@ap                                   cstackCOMRAM 00053F
vfprintf@cfmt                                 cstackCOMRAM 000541
vfprintf@fmt                                  cstackCOMRAM 00053D
vfprintf@fp                                   cstackCOMRAM 00053B


MODULE INFORMATION

Module		Function		Class		Link	Load	Size
C:\Program Files\Microchip\xc8\v2.40\pic\sources\c99\common\nf_fputc.c
		_fputc         		CODE           	284C	0000	150

C:\Program Files\Microchip\xc8\v2.40\pic\sources\c99\common\nf_fputc.c estimated size: 150

mcc_generated_files/interrupt_manager.c
		_INTERRUPT_Initialize		CODE           	2C68	0000	4
		_INTERRUPT_InterruptManager		CODE           	2968	0000	130

mcc_generated_files/interrupt_manager.c estimated size: 134

C:\Program Files\Microchip\xc8\v2.40\pic\sources\c99\common\printf.c
		_printf        		CODE           	2B96	0000	38

C:\Program Files\Microchip\xc8\v2.40\pic\sources\c99\common\printf.c estimated size: 38

mcc_generated_files/pin_manager.c
		_PIN_MANAGER_Initialize		CODE           	27A4	0000	168

mcc_generated_files/pin_manager.c estimated size: 168

mcc_generated_files/uart1.c
		_UART1_Write   		CODE           	2A46	0000	86
		_putch         		CODE           	2C58	0000	10
		_UART1_SetFramingErrorHandler		CODE           	2C3C	0000	14
		_UART1_SetOverrunErrorHandler		CODE           	2C2E	0000	14
		_UART1_Receive_ISR		CODE           	2632	0000	192
		_UART1_SetRxInterruptHandler		CODE           	2C20	0000	14
		_UART1_SetTxInterruptHandler		CODE           	2C12	0000	14
		_UART1_Initialize		CODE           	26F2	0000	178
		_UART1_SetErrorHandler		CODE           	2C4A	0000	14
		_UART1_Transmit_ISR		CODE           	2AEE	0000	66
		_UART1_DefaultFramingErrorHandler		CODE           	2C6E	0000	2
		_UART1_DefaultErrorHandler		CODE           	2C62	0000	6
		_UART1_RxDataHandler		CODE           	2B30	0000	58
		_UART1_DefaultOverrunErrorHandler		CODE           	2C6C	0000	2

mcc_generated_files/uart1.c estimated size: 670

shared
		__initialization		CODE           	2B6A	0000	38

shared estimated size: 38

mcc_generated_files/mcc.c
		_PMD_Initialize		CODE           	2BBC	0000	36
		_OSCILLATOR_Initialize		CODE           	2BE0	0000	28
		_SYSTEM_Initialize		CODE           	2BFC	0000	22

mcc_generated_files/mcc.c estimated size: 86

C:\Program Files\Microchip\xc8\v2.40\pic\sources\c99\common\doprnt.c
		_vfpfcnvrt     		CODE           	28E2	0000	134
		_vfprintf      		CODE           	2A9C	0000	82

C:\Program Files\Microchip\xc8\v2.40\pic\sources\c99\common\doprnt.c estimated size: 216

main.c
		_main          		CODE           	29EA	0000	92

main.c estimated size: 92

