Microchip MPLAB XC8 Compiler V2.40

Linker command line:

-W-3 \
  --edf=C:\Program Files\Microchip\xc8\v2.40\pic\dat\20220703182018_en.msgs \
  -pivt0x8=08h -cn -h+dist/default/production\SAC.X.production.sym \
  --cmf=dist/default/production\SAC.X.production.cmf -z -Q18F57Q43 \
  -oC:\Users\Andre\AppData\Local\Temp\xcAsia8.4 --defsym=__MPLAB_BUILD=1 \
  --fixupoverflow=error -Mdist/default/production/SAC.X.production.map \
  --md=C:\Users\Andre\AppData\Local\Temp\xcAsia8.dat -E1 -ver=XC8 Compiler \
  --acfsm=1493 -ACODE=00h-01FFFFh -ACONST=00h-01FFFFh \
  -ASMALLCONST=02600h-026FFhx474 \
  -AMEDIUMCONST=02600h-0FFFFh,012600h-01FFFFh -ACOMRAM=0501h-055Fh \
  -AABS1=0500h-024FFh -ABIGRAM=0501h-024FFh \
  -ARAM=0560h-05FFh,0600h-06FFhx31 -ABANK5=0560h-05FFh -ABANK6=0600h-06FFh \
  -ABANK7=0700h-07FFh -ABANK8=0800h-08FFh -ABANK9=0900h-09FFh \
  -ABANK10=0A00h-0AFFh -ABANK11=0B00h-0BFFh -ABANK12=0C00h-0CFFh \
  -ABANK13=0D00h-0DFFh -ABANK14=0E00h-0EFFh -ABANK15=0F00h-0FFFh \
  -ABANK16=01000h-010FFh -ABANK17=01100h-011FFh -ABANK18=01200h-012FFh \
  -ABANK19=01300h-013FFh -ABANK20=01400h-014FFh -ABANK21=01500h-015FFh \
  -ABANK22=01600h-016FFh -ABANK23=01700h-017FFh -ABANK24=01800h-018FFh \
  -ABANK25=01900h-019FFh -ABANK26=01A00h-01AFFh -ABANK27=01B00h-01BFFh \
  -ABANK28=01C00h-01CFFh -ABANK29=01D00h-01DFFh -ABANK30=01E00h-01EFFh \
  -ABANK31=01F00h-01FFFh -ABANK32=02000h-020FFh -ABANK33=02100h-021FFh \
  -ABANK34=02200h-022FFh -ABANK35=02300h-023FFh -ABANK36=02400h-024FFh \
  -ASFR=00h-0FFhx4,0400h-045Fh,0460h-04FFh,02500h-025FFh \
  -ABIGSFR=00h-04FFh,02500h-025FFh -ACONFIG=0300000h-0300011h \
  -AIDLOC=0200000h-020003Fh -AEEDATA=0380000h-03803FFh -peeprom_data=EEDATA \
  -preset_vec=00h -ppowerup=CODE,init -pramtop=02600h \
  -psmallconst=SMALLCONST -pmediumconst=MEDIUMCONST -pconst=CONST \
  -AFARRAM=00h-00h \
  -prdata=COMRAM,nvrram=COMRAM,nvbit=COMRAM,rbss=COMRAM,rbit=COMRAM \
  -pfarbss=FARRAM,fardata=FARRAM,nvFARRAM=FARRAM \
  -pintsave_regs=BIGRAM,bigbss=BIGRAM,bigdata=BIGRAM -pbss=RAM \
  -pidata=CODE,irdata=CODE,ibigdata=CODE,ifardata=CODE -prparam=COMRAM \
  C:\Users\Andre\AppData\Local\Temp\xcAsia8.o \
  dist/default/production\SAC.X.production.o 

Object code version is 3.11

Machine type is 18F57Q43



                Name                               Link     Load   Length Selector   Space Scale
C:\Users\Andre\AppData\Local\Temp\xcAsia8.o
                idloc                            200000   200000       40        0       5
                config                           300000   300000        A        0       4
                init                                 1A       1A        4        4       0
                reset_vec                             0        0        4        0       0
dist/default/production\SAC.X.production.o
                idloc                            200000   200000       40        0       5
                config                           300000   300000        A        0       4
                smallconst                         2600     2600       76     1300       0
                ivt0x8                                8        8       12        4       0
                text65                             6EB2     6EB2       3C     133B       0
                text64                             713A     713A        6     389A       0
                text63                             7142     7142        2     389A       0
                text62                             7140     7140        2     389A       0
                text61                             6400     6400       CA     133B       0
                text60                             6DE8     6DE8       46     133B       0
                text59                             6800     6800       86     133B       0
                text58                             6B5A     6B5A       5C     133B       0
                text57                             7134     7134        6     389A       0
                text56                             70A6     70A6       1C     133B       0
                text55                             6628     6628       A8     133B       0
                text54                             7060     7060       24     133B       0
                text53                             7114     7114        E     133B       0
                text52                             7106     7106        E     133B       0
                text51                             70F8     70F8        E     133B       0
                text50                             70EA     70EA        E     133B       0
                text49                             70DC     70DC        E     133B       0
                text48                             64CA     64CA       B4     133B       0
                text47                             70C2     70C2       1A     133B       0
                text46                             4DC4     4DC4      39A     133B       0
                text45                             657E     657E       AA     133B       0
                text44                             6026     6026      104     133B       0
                text43                             45B2     45B2      42A     133B       0
                text42                             6F26     6F26       38     133B       0
                text41                             6900     6900       6A     133B       0
                text40                             703A     703A       26     133B       0
                text39                             581E     581E      1B4     133B       0
                text38                             6DA2     6DA2       46     133B       0
                text37                             6FC0     6FC0       2C     133B       0
                text36                             6A9C     6A9C       60     133B       0
                text35                             7084     7084       22     133B       0
                text34                             6F94     6F94       2C     133B       0
                text33                             6EEE     6EEE       38     133B       0
                text32                             2676     2676     105C     133B       0
                text31                             7014     7014       26     133B       0
                text30                             53DC     53DC      230     133B       0
                text29                             59D2     59D2      188     133B       0
                text28                             5B5A     5B5A      164     133B       0
                text27                             6E72     6E72       40     133B       0
                text26                             6C10     6C10       58     133B       0
                text25                             7122     7122        A     133B       0
                text24                             676A     676A       96     133B       0
                text23                             6E2E     6E2E       44     133B       0
                text22                             6886     6886       7A     133B       0
                text21                             515E     515E      27E     133B       0
                text20                             40F2     40F2      4C0     133B       0
                text19                             6D5C     6D5C       46     133B       0
                text18                             5F20     5F20      106     133B       0
                text17                             612A     612A       FE     133B       0
                text16                             560C     560C      212     133B       0
                text15                             6A36     6A36       66     133B       0
                text14                             6D0C     6D0C       50     133B       0
                text13                             6AFC     6AFC       5E     133B       0
                text12                             36D2     36D2      A20     133B       0
                text11                             6F5E     6F5E       36     133B       0
                text10                             5DFC     5DFC      124     133B       0
                text9                              6228     6228       F6     133B       0
                text8                              49DC     49DC      3E8     133B       0
                text7                              6C68     6C68       54     133B       0
                text6                              6FEC     6FEC       28     133B       0
                text5                              6BB6     6BB6       5A     133B       0
                text4                              69D0     69D0       66     133B       0
                text3                              696A     696A       66     133B       0
                text2                              631E     631E       E2     133B       0
                text1                              66D0     66D0       9A     133B       0
                text0                              5CBE     5CBE      13E     133B       0
                cstackCOMRAM                        501      501       5B      501       1
                cstackBANK5                         560      560       3A      560       1
                cstackBANK6                         668      668       3C      600       1
                dataBANK6                           6AD      6AD        7      600       1
                bssBANK6                            600      600       68      600       1
                bssBANK5                            59A      59A       25      560       1
                bssCOMRAM                           55C      55C        2      501       1
                cinit                              6CBC     6CBC       50     133B       0
                nvBANK6                             6A4      6A4        9      600       1
                nvBANK5                             5BF      5BF        7      560       1
                idataBANK6                         712C     712C        7     133B       0

TOTAL           Name                               Link     Load   Length     Space
        CLASS   CODE           
                init                                 1A       1A        4         0
                reset_vec                             0        0        4         0
                ivt0x8                                8        8       12         0
                text65                             6EB2     6EB2       3C         0
                text64                             713A     713A        6         0
                text63                             7142     7142        2         0
                text62                             7140     7140        2         0
                text61                             6400     6400       CA         0
                text60                             6DE8     6DE8       46         0
                text59                             6800     6800       86         0
                text58                             6B5A     6B5A       5C         0
                text57                             7134     7134        6         0
                text56                             70A6     70A6       1C         0
                text55                             6628     6628       A8         0
                text54                             7060     7060       24         0
                text53                             7114     7114        E         0
                text52                             7106     7106        E         0
                text51                             70F8     70F8        E         0
                text50                             70EA     70EA        E         0
                text49                             70DC     70DC        E         0
                text48                             64CA     64CA       B4         0
                text47                             70C2     70C2       1A         0
                text46                             4DC4     4DC4      39A         0
                text45                             657E     657E       AA         0
                text44                             6026     6026      104         0
                text43                             45B2     45B2      42A         0
                text42                             6F26     6F26       38         0
                text41                             6900     6900       6A         0
                text40                             703A     703A       26         0
                text39                             581E     581E      1B4         0
                text38                             6DA2     6DA2       46         0
                text37                             6FC0     6FC0       2C         0
                text36                             6A9C     6A9C       60         0
                text35                             7084     7084       22         0
                text34                             6F94     6F94       2C         0
                text33                             6EEE     6EEE       38         0
                text32                             2676     2676     105C         0
                text31                             7014     7014       26         0
                text30                             53DC     53DC      230         0
                text29                             59D2     59D2      188         0
                text28                             5B5A     5B5A      164         0
                text27                             6E72     6E72       40         0
                text26                             6C10     6C10       58         0
                text25                             7122     7122        A         0
                text24                             676A     676A       96         0
                text23                             6E2E     6E2E       44         0
                text22                             6886     6886       7A         0
                text21                             515E     515E      27E         0
                text20                             40F2     40F2      4C0         0
                text19                             6D5C     6D5C       46         0
                text18                             5F20     5F20      106         0
                text17                             612A     612A       FE         0
                text16                             560C     560C      212         0
                text15                             6A36     6A36       66         0
                text14                             6D0C     6D0C       50         0
                text13                             6AFC     6AFC       5E         0
                text12                             36D2     36D2      A20         0
                text11                             6F5E     6F5E       36         0
                text10                             5DFC     5DFC      124         0
                text9                              6228     6228       F6         0
                text8                              49DC     49DC      3E8         0
                text7                              6C68     6C68       54         0
                text6                              6FEC     6FEC       28         0
                text5                              6BB6     6BB6       5A         0
                text4                              69D0     69D0       66         0
                text3                              696A     696A       66         0
                text2                              631E     631E       E2         0
                text1                              66D0     66D0       9A         0
                text0                              5CBE     5CBE      13E         0
                cinit                              6CBC     6CBC       50         0
                idataBANK6                         712C     712C        7         0

        CLASS   CONST          

        CLASS   SMALLCONST     
                smallconst                         2600     2600       76         0

        CLASS   MEDIUMCONST    

        CLASS   COMRAM         
                cstackCOMRAM                        501      501       5B         1
                bssCOMRAM                           55C      55C        2         1

        CLASS   ABS1           

        CLASS   BIGRAM         

        CLASS   RAM            

        CLASS   BANK5          
                cstackBANK5                         560      560       3A         1
                bssBANK5                            59A      59A       25         1
                nvBANK5                             5BF      5BF        7         1

        CLASS   BANK6          
                cstackBANK6                         668      668       3C         1
                dataBANK6                           6AD      6AD        7         1
                bssBANK6                            600      600       68         1
                nvBANK6                             6A4      6A4        9         1

        CLASS   BANK7          

        CLASS   BANK8          

        CLASS   BANK9          

        CLASS   BANK10         

        CLASS   BANK11         

        CLASS   BANK12         

        CLASS   BANK13         

        CLASS   BANK14         

        CLASS   BANK15         

        CLASS   BANK16         

        CLASS   BANK17         

        CLASS   BANK18         

        CLASS   BANK19         

        CLASS   BANK20         

        CLASS   BANK21         

        CLASS   BANK22         

        CLASS   BANK23         

        CLASS   BANK24         

        CLASS   BANK25         

        CLASS   BANK26         

        CLASS   BANK27         

        CLASS   BANK28         

        CLASS   BANK29         

        CLASS   BANK30         

        CLASS   BANK31         

        CLASS   BANK32         

        CLASS   BANK33         

        CLASS   BANK34         

        CLASS   BANK35         

        CLASS   BANK36         

        CLASS   SFR            

        CLASS   BIGSFR         

        CLASS   CONFIG         
                config                           300000   300000        A         4

        CLASS   IDLOC          
                idloc                            200000   200000       40         5

        CLASS   EEDATA         

        CLASS   FARRAM         

        CLASS   HEAP           

        CLASS   STACK          



SEGMENTS        Name                           Load    Length   Top    Selector   Space  Class

                reset_vec                      000000  000004  000004         0       0  CODE    
                ivt0x8                         000008  000016  00001E         4       0  CODE    
                cstackCOMRAM                   000501  00005D  00055E       501       1  COMRAM  
                cstackBANK5                    000560  000066  0005C6       560       1  BANK5   
                bssBANK6                       000600  0000B4  0006B4       600       1  BANK6   
                smallconst                     002600  000076  002676      1300       0  SMALLCON
                text32                         002676  004ABD  007133      133B       0  CODE    
                text57                         007134  000010  007144      389A       0  CODE    


UNUSED ADDRESS RANGES

        Name                Unused          Largest block    Delta
        BANK10           000A00-000AFF              100
        BANK11           000B00-000BFF              100
        BANK12           000C00-000CFF              100
        BANK13           000D00-000DFF              100
        BANK14           000E00-000EFF              100
        BANK15           000F00-000FFF              100
        BANK16           001000-0010FF              100
        BANK17           001100-0011FF              100
        BANK18           001200-0012FF              100
        BANK19           001300-0013FF              100
        BANK20           001400-0014FF              100
        BANK21           001500-0015FF              100
        BANK22           001600-0016FF              100
        BANK23           001700-0017FF              100
        BANK24           001800-0018FF              100
        BANK25           001900-0019FF              100
        BANK26           001A00-001AFF              100
        BANK27           001B00-001BFF              100
        BANK28           001C00-001CFF              100
        BANK29           001D00-001DFF              100
        BANK30           001E00-001EFF              100
        BANK31           001F00-001FFF              100
        BANK32           002000-0020FF              100
        BANK33           002100-0021FF              100
        BANK34           002200-0022FF              100
        BANK35           002300-0023FF              100
        BANK36           002400-0024FF              100
        BANK5            0005C6-0005FF               3A
        BANK6            0006B4-0006FF               4C
        BANK7            000700-0007FF              100
        BANK8            000800-0008FF              100
        BANK9            000900-0009FF              100
        BIGRAM           00055E-00055F                2
                         0005C6-0005FF               3A
                         0006B4-0024FF             1E4C
        BIGSFR           000000-0004FF              500
                         002500-0025FF              100
        CODE             000004-000007                4
                         00001E-0025FF             25E2
                         007133-007133                1
                         007144-01FFFF            18EBC
        COMRAM           00055E-00055F                2
        CONFIG           30000A-300011                8
        CONST            000004-000007                4
                         00001E-0025FF             25E2
                         007133-007133                1
                         007144-01FFFF            18EBC
        EEDATA           380000-3803FF              400
        MEDIUMCONST      007133-007133                1
                         007144-00FFFF             8EBC
                         012600-01FFFF             DA00
        RAM              0005C6-0005FF               3A
                         0006B4-0024FF              100
        SFR              000000-0004FF              100
                         002500-0025FF              100
        SMALLCONST       007133-007133                1
                         007144-01FFFF              100

                                  Symbol Table

?___aodiv                                     cstackCOMRAM 000503
?___aomod                                     cstackCOMRAM 000503
?___fladd                                     cstackCOMRAM 000503
?___fldiv                                     cstackCOMRAM 000503
?___flmul                                     cstackCOMRAM 000503
?___flneg                                     cstackCOMRAM 000503
?___flsub                                     cstackCOMRAM 00051C
?___fltol                                     cstackCOMRAM 000503
?___fpclassifyf                               cstackCOMRAM 000503
?___lmul                                      cstackCOMRAM 000503
?___wmul                                      cstackCOMRAM 000503
?___xxtofl                                    cstackCOMRAM 000503
?_abs                                         cstackCOMRAM 000515
?_atof                                        cstackCOMRAM 00053D
?_floorf                                      cstackCOMRAM 00051C
?_isdigit                                     cstackCOMRAM 000503
?_islower                                     cstackCOMRAM 000503
?_isspace                                     cstackCOMRAM 000503
?_isxdigit                                    cstackCOMRAM 000507
?_labs                                        cstackCOMRAM 000503
?_nanf                                        cstackCOMRAM 000503
?_printf                                      cstackBANK5  000592
?_splitString                                 cstackCOMRAM 000512
?_strchr                                      cstackCOMRAM 000503
?_strcspn                                     cstackCOMRAM 000507
?_strlen                                      cstackCOMRAM 000503
?_strncmp                                     cstackCOMRAM 000503
?_strspn                                      cstackCOMRAM 000507
?_strtof                                      cstackCOMRAM 000528
?_strtok                                      cstackCOMRAM 00050E
?_toupper                                     cstackCOMRAM 000507
?_vfprintf                                    cstackBANK5  00058C
IVTBASEH                                      (abs)        00045E
IVTBASEL                                      (abs)        00045D
IVTBASEU                                      (abs)        00045F
UART1_SetErrorHandler@interruptHandler        cstackCOMRAM 000503
UART1_SetFramingErrorHandler@interruptHandler cstackCOMRAM 000503
UART1_SetOverrunErrorHandler@interruptHandler cstackCOMRAM 000503
UART1_SetRxInterruptHandler@InterruptHandler  cstackCOMRAM 000503
UART1_SetTxInterruptHandler@InterruptHandler  cstackCOMRAM 000503
UART1_Write@txData                            cstackCOMRAM 000503
_ACTCON                                       (abs)        0000AC
_ADACCH                                       (abs)        0003E4
_ADACCL                                       (abs)        0003E3
_ADACCU                                       (abs)        0003E5
_ADACQH                                       (abs)        0003EF
_ADACQL                                       (abs)        0003EE
_ADACT                                        (abs)        0003F9
_ADCAP                                        (abs)        0003F0
_ADCC_Initialize                              text58       006B5A
_ADCLK                                        (abs)        0003FA
_ADCNT                                        (abs)        0003E6
_ADCON0                                       (abs)        0003F3
_ADCON0bits                                   (abs)        0003F3
_ADCON1                                       (abs)        0003F4
_ADCON1bits                                   (abs)        0003F4
_ADCON2                                       (abs)        0003F5
_ADCON2bits                                   (abs)        0003F5
_ADCON3                                       (abs)        0003F6
_ADCON3bits                                   (abs)        0003F6
_ADERRH                                       (abs)        0003DE
_ADERRL                                       (abs)        0003DD
_ADFLTRH                                      (abs)        0003E2
_ADFLTRL                                      (abs)        0003E1
_ADLTHH                                       (abs)        0003DA
_ADLTHL                                       (abs)        0003D9
_ADPCH                                        (abs)        0003EC
_ADPREH                                       (abs)        0003F2
_ADPREL                                       (abs)        0003F1
_ADPREVH                                      (abs)        0003E9
_ADPREVL                                      (abs)        0003E8
_ADREF                                        (abs)        0003F8
_ADRESH                                       (abs)        0003EB
_ADRESL                                       (abs)        0003EA
_ADRPT                                        (abs)        0003E7
_ADSTAT                                       (abs)        0003F7
_ADSTATbits                                   (abs)        0003F7
_ADSTPTH                                      (abs)        0003E0
_ADSTPTL                                      (abs)        0003DF
_ADUTHH                                       (abs)        0003DC
_ADUTHL                                       (abs)        0003DB
_ANSELA                                       (abs)        000400
_ANSELB                                       (abs)        000408
_ANSELC                                       (abs)        000410
_ANSELD                                       (abs)        000418
_ANSELE                                       (abs)        000420
_ANSELF                                       (abs)        000428
_INLVLA                                       (abs)        000404
_INLVLB                                       (abs)        00040C
_INLVLC                                       (abs)        000414
_INLVLD                                       (abs)        00041C
_INLVLE                                       (abs)        000424
_INLVLF                                       (abs)        00042C
_INTCON0bits                                  (abs)        0004D6
_INTERRUPT_Initialize                         text57       007134
_INTERRUPT_InterruptManager                   text59       006800
_LATA                                         (abs)        0004BE
_LATB                                         (abs)        0004BF
_LATC                                         (abs)        0004C0
_LATD                                         (abs)        0004C1
_LATE                                         (abs)        0004C2
_LATF                                         (abs)        0004C3
_ODCONA                                       (abs)        000402
_ODCONB                                       (abs)        00040A
_ODCONC                                       (abs)        000412
_ODCOND                                       (abs)        00041A
_ODCONE                                       (abs)        000422
_ODCONF                                       (abs)        00042A
_OSCCON1                                      (abs)        0000AD
_OSCCON3                                      (abs)        0000AF
_OSCEN                                        (abs)        0000B3
_OSCFRQ                                       (abs)        0000B1
_OSCILLATOR_Initialize                        text56       0070A6
_OSCTUNE                                      (abs)        0000B0
_PIE4bits                                     (abs)        0004A2
_PIN_MANAGER_Initialize                       text55       006628
_PIR4bits                                     (abs)        0004B2
_PMD0                                         (abs)        000060
_PMD1                                         (abs)        000061
_PMD3                                         (abs)        000063
_PMD4                                         (abs)        000064
_PMD5                                         (abs)        000065
_PMD6                                         (abs)        000066
_PMD7                                         (abs)        000067
_PMD8                                         (abs)        000068
_PMD_Initialize                               text54       007060
_RB1I2C                                       (abs)        000289
_RB2I2C                                       (abs)        000288
_RC3I2C                                       (abs)        000287
_RC4I2C                                       (abs)        000286
_RF0PPS                                       (abs)        000229
_SLRCONA                                      (abs)        000403
_SLRCONB                                      (abs)        00040B
_SLRCONC                                      (abs)        000413
_SLRCOND                                      (abs)        00041B
_SLRCONE                                      (abs)        000423
_SLRCONF                                      (abs)        00042B
_SYSTEM_Initialize                            text47       0070C2
_TRISA                                        (abs)        0004C6
_TRISB                                        (abs)        0004C7
_TRISC                                        (abs)        0004C8
_TRISD                                        (abs)        0004C9
_TRISE                                        (abs)        0004CA
_TRISF                                        (abs)        0004CB
_U1BRGH                                       (abs)        0002AF
_U1BRGL                                       (abs)        0002AE
_U1CON0                                       (abs)        0002AB
_U1CON1                                       (abs)        0002AC
_U1CON2                                       (abs)        0002AD
_U1ERRIE                                      (abs)        0002B3
_U1ERRIR                                      (abs)        0002B2
_U1ERRIRbits                                  (abs)        0002B2
_U1FIFO                                       (abs)        0002B0
_U1P1H                                        (abs)        0002A6
_U1P1L                                        (abs)        0002A5
_U1P2H                                        (abs)        0002A8
_U1P2L                                        (abs)        0002A7
_U1P3H                                        (abs)        0002AA
_U1P3L                                        (abs)        0002A9
_U1RXB                                        (abs)        0002A1
_U1RXPPS                                      (abs)        000272
_U1TXB                                        (abs)        0002A3
_U1UIR                                        (abs)        0002B1
_UART1_DefaultErrorHandler                    text64       00713A
_UART1_DefaultFramingErrorHandler             text63       007142
_UART1_DefaultOverrunErrorHandler             text62       007140
_UART1_ErrorHandler                           nvBANK6      0006A4
_UART1_FramingErrorHandler                    nvBANK6      0006AA
_UART1_Initialize                             text48       0064CA
_UART1_OverrunErrorHandler                    nvBANK6      0006A7
_UART1_Receive_ISR                            text61       006400
_UART1_RxDataHandler                          text65       006EB2
_UART1_RxInterruptHandler                     nvBANK5      0005C2
_UART1_SetErrorHandler                        text53       007114
_UART1_SetFramingErrorHandler                 text52       007106
_UART1_SetOverrunErrorHandler                 text51       0070F8
_UART1_SetRxInterruptHandler                  text50       0070EA
_UART1_SetTxInterruptHandler                  text49       0070DC
_UART1_Transmit_ISR                           text60       006DE8
_UART1_TxInterruptHandler                     nvBANK5      0005BF
_UART1_Write                                  text26       006C10
_WPUA                                         (abs)        000401
_WPUB                                         (abs)        000409
_WPUC                                         (abs)        000411
_WPUD                                         (abs)        000419
_WPUE                                         (abs)        000421
_WPUF                                         (abs)        000429
__HRAM                                        (abs)        000000
__Habs1                                       abs1         000000
__Hbank10                                     bank10       000000
__Hbank11                                     bank11       000000
__Hbank12                                     bank12       000000
__Hbank13                                     bank13       000000
__Hbank14                                     bank14       000000
__Hbank15                                     bank15       000000
__Hbank16                                     bank16       000000
__Hbank17                                     bank17       000000
__Hbank18                                     bank18       000000
__Hbank19                                     bank19       000000
__Hbank20                                     bank20       000000
__Hbank21                                     bank21       000000
__Hbank22                                     bank22       000000
__Hbank23                                     bank23       000000
__Hbank24                                     bank24       000000
__Hbank25                                     bank25       000000
__Hbank26                                     bank26       000000
__Hbank27                                     bank27       000000
__Hbank28                                     bank28       000000
__Hbank29                                     bank29       000000
__Hbank30                                     bank30       000000
__Hbank31                                     bank31       000000
__Hbank32                                     bank32       000000
__Hbank33                                     bank33       000000
__Hbank34                                     bank34       000000
__Hbank35                                     bank35       000000
__Hbank36                                     bank36       000000
__Hbank5                                      bank5        000000
__Hbank6                                      bank6        000000
__Hbank7                                      bank7        000000
__Hbank8                                      bank8        000000
__Hbank9                                      bank9        000000
__Hbigbss                                     bigbss       000000
__Hbigdata                                    bigdata      000000
__Hbigram                                     bigram       000000
__Hbigsfr                                     bigsfr       000000
__Hbss                                        bss          000000
__HbssBANK5                                   bssBANK5     000000
__HbssBANK6                                   bssBANK6     000000
__HbssCOMRAM                                  bssCOMRAM    000000
__Hcinit                                      cinit        000000
__Hclrtext                                    clrtext      000000
__Hcomram                                     comram       000000
__Hconfig                                     config       30000A
__Hconst                                      const        000000
__HcstackBANK5                                cstackBANK5  000000
__HcstackBANK6                                cstackBANK6  000000
__HcstackCOMRAM                               cstackCOMRAM 000000
__Hdata                                       data         000000
__HdataBANK6                                  dataBANK6    000000
__Heeprom_data                                eeprom_data  000000
__Hfarbss                                     farbss       000000
__Hfardata                                    fardata      000000
__Hheap                                       heap         000000
__Hibigdata                                   ibigdata     000000
__Hidata                                      idata        000000
__HidataBANK6                                 idataBANK6   000000
__Hidloc                                      idloc        200040
__Hifardata                                   ifardata     000000
__Hinit                                       init         00001E
__Hintsave_regs                               intsave_regs 000000
__Hirdata                                     irdata       000000
__Hivt0x8                                     ivt0x8       00001A
__Hmediumconst                                mediumconst  000000
__HnvBANK5                                    nvBANK5      000000
__HnvBANK6                                    nvBANK6      000000
__HnvFARRAM                                   nvFARRAM     000000
__Hnvbit                                      nvbit        000000
__Hnvrram                                     nvrram       000000
__Hparam                                      rparam       000000
__Hpowerup                                    powerup      000000
__Hram                                        ram          000000
__Hramtop                                     ramtop       002600
__Hrbit                                       rbit         000000
__Hrbss                                       rbss         000000
__Hrdata                                      rdata        000000
__Hreset_vec                                  reset_vec    000004
__Hrparam                                     rparam       000000
__Hsfr                                        sfr          000000
__Hsmallconst                                 smallconst   002676
__Hspace_0                                    (abs)        007144
__Hspace_1                                    (abs)        0006B4
__Hspace_2                                    (abs)        000000
__Hspace_4                                    (abs)        60000A
__Hstack                                      stack        000000
__Hstruct                                     struct       000000
__Htemp                                       temp         000000
__Htext                                       text         000000
__Htext0                                      text0        000000
__Htext1                                      text1        000000
__Htext10                                     text10       000000
__Htext11                                     text11       000000
__Htext12                                     text12       000000
__Htext13                                     text13       000000
__Htext14                                     text14       000000
__Htext15                                     text15       000000
__Htext16                                     text16       000000
__Htext17                                     text17       000000
__Htext18                                     text18       000000
__Htext19                                     text19       000000
__Htext2                                      text2        000000
__Htext20                                     text20       000000
__Htext21                                     text21       000000
__Htext22                                     text22       000000
__Htext23                                     text23       000000
__Htext24                                     text24       000000
__Htext25                                     text25       000000
__Htext26                                     text26       000000
__Htext27                                     text27       000000
__Htext28                                     text28       000000
__Htext29                                     text29       000000
__Htext3                                      text3        000000
__Htext30                                     text30       000000
__Htext31                                     text31       000000
__Htext32                                     text32       000000
__Htext33                                     text33       000000
__Htext34                                     text34       000000
__Htext35                                     text35       000000
__Htext36                                     text36       000000
__Htext37                                     text37       000000
__Htext38                                     text38       000000
__Htext39                                     text39       000000
__Htext4                                      text4        000000
__Htext40                                     text40       000000
__Htext41                                     text41       000000
__Htext42                                     text42       000000
__Htext43                                     text43       000000
__Htext44                                     text44       000000
__Htext45                                     text45       000000
__Htext46                                     text46       000000
__Htext47                                     text47       000000
__Htext48                                     text48       000000
__Htext49                                     text49       000000
__Htext5                                      text5        000000
__Htext50                                     text50       000000
__Htext51                                     text51       000000
__Htext52                                     text52       000000
__Htext53                                     text53       000000
__Htext54                                     text54       000000
__Htext55                                     text55       000000
__Htext56                                     text56       000000
__Htext57                                     text57       000000
__Htext58                                     text58       000000
__Htext59                                     text59       000000
__Htext6                                      text6        000000
__Htext60                                     text60       000000
__Htext61                                     text61       000000
__Htext62                                     text62       000000
__Htext63                                     text63       000000
__Htext64                                     text64       000000
__Htext65                                     text65       000000
__Htext66                                     text66       000000
__Htext7                                      text7        000000
__Htext8                                      text8        000000
__Htext9                                      text9        000000
__LRAM                                        (abs)        000001
__Labs1                                       abs1         000000
__Lbank10                                     bank10       000000
__Lbank11                                     bank11       000000
__Lbank12                                     bank12       000000
__Lbank13                                     bank13       000000
__Lbank14                                     bank14       000000
__Lbank15                                     bank15       000000
__Lbank16                                     bank16       000000
__Lbank17                                     bank17       000000
__Lbank18                                     bank18       000000
__Lbank19                                     bank19       000000
__Lbank20                                     bank20       000000
__Lbank21                                     bank21       000000
__Lbank22                                     bank22       000000
__Lbank23                                     bank23       000000
__Lbank24                                     bank24       000000
__Lbank25                                     bank25       000000
__Lbank26                                     bank26       000000
__Lbank27                                     bank27       000000
__Lbank28                                     bank28       000000
__Lbank29                                     bank29       000000
__Lbank30                                     bank30       000000
__Lbank31                                     bank31       000000
__Lbank32                                     bank32       000000
__Lbank33                                     bank33       000000
__Lbank34                                     bank34       000000
__Lbank35                                     bank35       000000
__Lbank36                                     bank36       000000
__Lbank5                                      bank5        000000
__Lbank6                                      bank6        000000
__Lbank7                                      bank7        000000
__Lbank8                                      bank8        000000
__Lbank9                                      bank9        000000
__Lbigbss                                     bigbss       000000
__Lbigdata                                    bigdata      000000
__Lbigram                                     bigram       000000
__Lbigsfr                                     bigsfr       000000
__Lbss                                        bss          000000
__LbssBANK5                                   bssBANK5     000000
__LbssBANK6                                   bssBANK6     000000
__LbssCOMRAM                                  bssCOMRAM    000000
__Lcinit                                      cinit        000000
__Lclrtext                                    clrtext      000000
__Lcomram                                     comram       000000
__Lconfig                                     config       000000
__Lconst                                      const        000000
__LcstackBANK5                                cstackBANK5  000000
__LcstackBANK6                                cstackBANK6  000000
__LcstackCOMRAM                               cstackCOMRAM 000000
__Ldata                                       data         000000
__LdataBANK6                                  dataBANK6    000000
__Leeprom_data                                eeprom_data  000000
__Lfarbss                                     farbss       000000
__Lfardata                                    fardata      000000
__Lheap                                       heap         000000
__Libigdata                                   ibigdata     000000
__Lidata                                      idata        000000
__LidataBANK6                                 idataBANK6   000000
__Lidloc                                      idloc        000000
__Lifardata                                   ifardata     000000
__Linit                                       init         00001A
__Lintsave_regs                               intsave_regs 000000
__Lirdata                                     irdata       000000
__Livt0x8                                     ivt0x8       000008
__Lmediumconst                                mediumconst  000000
__LnvBANK5                                    nvBANK5      000000
__LnvBANK6                                    nvBANK6      000000
__LnvFARRAM                                   nvFARRAM     000000
__Lnvbit                                      nvbit        000000
__Lnvrram                                     nvrram       000000
__Lparam                                      rparam       000000
__Lpowerup                                    powerup      000000
__Lram                                        ram          000000
__Lramtop                                     ramtop       002600
__Lrbit                                       rbit         000000
__Lrbss                                       rbss         000000
__Lrdata                                      rdata        000000
__Lreset_vec                                  reset_vec    000000
__Lrparam                                     rparam       000000
__Lsfr                                        sfr          000000
__Lsmallconst                                 smallconst   002600
__Lspace_0                                    (abs)        000000
__Lspace_1                                    (abs)        000000
__Lspace_2                                    (abs)        000000
__Lspace_4                                    (abs)        000000
__Lstack                                      stack        000000
__Lstruct                                     struct       000000
__Ltemp                                       temp         000000
__Ltext                                       text         000000
__Ltext0                                      text0        000000
__Ltext1                                      text1        000000
__Ltext10                                     text10       000000
__Ltext11                                     text11       000000
__Ltext12                                     text12       000000
__Ltext13                                     text13       000000
__Ltext14                                     text14       000000
__Ltext15                                     text15       000000
__Ltext16                                     text16       000000
__Ltext17                                     text17       000000
__Ltext18                                     text18       000000
__Ltext19                                     text19       000000
__Ltext2                                      text2        000000
__Ltext20                                     text20       000000
__Ltext21                                     text21       000000
__Ltext22                                     text22       000000
__Ltext23                                     text23       000000
__Ltext24                                     text24       000000
__Ltext25                                     text25       000000
__Ltext26                                     text26       000000
__Ltext27                                     text27       000000
__Ltext28                                     text28       000000
__Ltext29                                     text29       000000
__Ltext3                                      text3        000000
__Ltext30                                     text30       000000
__Ltext31                                     text31       000000
__Ltext32                                     text32       000000
__Ltext33                                     text33       000000
__Ltext34                                     text34       000000
__Ltext35                                     text35       000000
__Ltext36                                     text36       000000
__Ltext37                                     text37       000000
__Ltext38                                     text38       000000
__Ltext39                                     text39       000000
__Ltext4                                      text4        000000
__Ltext40                                     text40       000000
__Ltext41                                     text41       000000
__Ltext42                                     text42       000000
__Ltext43                                     text43       000000
__Ltext44                                     text44       000000
__Ltext45                                     text45       000000
__Ltext46                                     text46       000000
__Ltext47                                     text47       000000
__Ltext48                                     text48       000000
__Ltext49                                     text49       000000
__Ltext5                                      text5        000000
__Ltext50                                     text50       000000
__Ltext51                                     text51       000000
__Ltext52                                     text52       000000
__Ltext53                                     text53       000000
__Ltext54                                     text54       000000
__Ltext55                                     text55       000000
__Ltext56                                     text56       000000
__Ltext57                                     text57       000000
__Ltext58                                     text58       000000
__Ltext59                                     text59       000000
__Ltext6                                      text6        000000
__Ltext60                                     text60       000000
__Ltext61                                     text61       000000
__Ltext62                                     text62       000000
__Ltext63                                     text63       000000
__Ltext64                                     text64       000000
__Ltext65                                     text65       000000
__Ltext66                                     text66       000000
__Ltext7                                      text7        000000
__Ltext8                                      text8        000000
__Ltext9                                      text9        000000
__S0                                          (abs)        007144
__S1                                          (abs)        0006B4
__S4                                          (abs)        000000
__S5                                          (abs)        000000
___aodiv                                      text29       0059D2
___aodiv@counter                              cstackCOMRAM 000513
___aodiv@dividend                             cstackCOMRAM 000503
___aodiv@divisor                              cstackCOMRAM 00050B
___aodiv@quotient                             cstackCOMRAM 000515
___aodiv@sign                                 cstackCOMRAM 000514
___aomod                                      text28       005B5A
___aomod@counter                              cstackCOMRAM 000513
___aomod@dividend                             cstackCOMRAM 000503
___aomod@divisor                              cstackCOMRAM 00050B
___aomod@sign                                 cstackCOMRAM 000514
___fladd                                      text20       0040F2
___fladd@a                                    cstackCOMRAM 000507
___fladd@aexp                                 cstackCOMRAM 000510
___fladd@b                                    cstackCOMRAM 000503
___fladd@bexp                                 cstackCOMRAM 000511
___fladd@grs                                  cstackCOMRAM 000512
___fladd@signs                                cstackCOMRAM 00050F
___fldiv                                      text46       004DC4
___fldiv@a                                    cstackCOMRAM 000507
___fldiv@aexp                                 cstackCOMRAM 00051B
___fldiv@b                                    cstackCOMRAM 000503
___fldiv@bexp                                 cstackCOMRAM 00051A
___fldiv@grs                                  cstackCOMRAM 000516
___fldiv@new_exp                              cstackCOMRAM 000514
___fldiv@rem                                  cstackCOMRAM 00050F
___fldiv@sign                                 cstackCOMRAM 000513
___fleq                                       text45       00657E
___fleq@ff1                                   cstackCOMRAM 000503
___fleq@ff2                                   cstackCOMRAM 000507
___flge                                       text44       006026
___flge@ff1                                   cstackCOMRAM 00051C
___flge@ff2                                   cstackCOMRAM 000520
___flmul                                      text43       0045B2
___flmul@a                                    cstackCOMRAM 000507
___flmul@aexp                                 cstackCOMRAM 000510
___flmul@b                                    cstackCOMRAM 000503
___flmul@bexp                                 cstackCOMRAM 000515
___flmul@grs                                  cstackCOMRAM 000511
___flmul@prod                                 cstackCOMRAM 000516
___flmul@sign                                 cstackCOMRAM 00050F
___flmul@temp                                 cstackCOMRAM 00051A
___flneg                                      text42       006F26
___flneg@f1                                   cstackCOMRAM 000503
___flsub                                      text19       006D5C
___flsub@a                                    cstackCOMRAM 000520
___flsub@b                                    cstackCOMRAM 00051C
___fltol                                      text18       005F20
___fltol@exp1                                 cstackCOMRAM 00050C
___fltol@f1                                   cstackCOMRAM 000503
___fltol@sign1                                cstackCOMRAM 00050B
___fpclassifyf                                text17       00612A
___fpclassifyf@F465                           bssBANK5     0005AE
___fpclassifyf@e                              cstackCOMRAM 00050B
___fpclassifyf@u                              cstackCOMRAM 00050D
___fpclassifyf@x                              cstackCOMRAM 000503
___heap_hi                                    (abs)        000000
___heap_lo                                    (abs)        000000
___inthi_sp                                   stack        000000
___intlo_sp                                   stack        000000
___lmul                                       text41       006900
___lmul@multiplicand                          cstackCOMRAM 000507
___lmul@multiplier                            cstackCOMRAM 000503
___lmul@product                               cstackCOMRAM 00050B
___param_bank                                 (abs)        000000
___rparam_used                                (abs)        000001
___sp                                         stack        000000
___wmul                                       text40       00703A
___wmul@multiplicand                          cstackCOMRAM 000505
___wmul@multiplier                            cstackCOMRAM 000503
___wmul@product                               cstackCOMRAM 000507
___xxtofl                                     text39       00581E
___xxtofl@arg                                 cstackCOMRAM 00050D
___xxtofl@exp                                 cstackCOMRAM 00050C
___xxtofl@sign                                cstackCOMRAM 00050B
___xxtofl@val                                 cstackCOMRAM 000503
__accesstop                                   (abs)        000560
__activetblptr                                (abs)        000003
__end_of_ADCC_Initialize                      text58       006BB6
__end_of_INTERRUPT_Initialize                 text57       00713A
__end_of_INTERRUPT_InterruptManager           text59       006886
__end_of_OSCILLATOR_Initialize                text56       0070C2
__end_of_PIN_MANAGER_Initialize               text55       0066D0
__end_of_PMD_Initialize                       text54       007084
__end_of_SYSTEM_Initialize                    text47       0070DC
__end_of_UART1_DefaultErrorHandler            text64       007140
__end_of_UART1_DefaultFramingErrorHandler     text63       007144
__end_of_UART1_DefaultOverrunErrorHandler     text62       007142
__end_of_UART1_Initialize                     text48       00657E
__end_of_UART1_Receive_ISR                    text61       0064CA
__end_of_UART1_RxDataHandler                  text65       006EEE
__end_of_UART1_SetErrorHandler                text53       007122
__end_of_UART1_SetFramingErrorHandler         text52       007114
__end_of_UART1_SetOverrunErrorHandler         text51       007106
__end_of_UART1_SetRxInterruptHandler          text50       0070F8
__end_of_UART1_SetTxInterruptHandler          text49       0070EA
__end_of_UART1_Transmit_ISR                   text60       006E2E
__end_of_UART1_Write                          text26       006C68
__end_of___aodiv                              text29       005B5A
__end_of___aomod                              text28       005CBE
__end_of___fladd                              text20       0045B2
__end_of___fldiv                              text46       00515E
__end_of___fleq                               text45       006628
__end_of___flge                               text44       00612A
__end_of___flmul                              text43       0049DC
__end_of___flneg                              text42       006F5E
__end_of___flsub                              text19       006DA2
__end_of___fltol                              text18       006026
__end_of___fpclassifyf                        text17       006228
__end_of___lmul                               text41       00696A
__end_of___wmul                               text40       007060
__end_of___xxtofl                             text39       0059D2
__end_of__initialization                      cinit        006D06
__end_of_abs                                  text27       006EB2
__end_of_atof                                 text31       00703A
__end_of_dtoa                                 text21       0053DC
__end_of_efgtoa                               text12       0040F2
__end_of_extraerPartes                        text30       00560C
__end_of_floorf                               text16       00581E
__end_of_fputc                                text24       006800
__end_of_fputs                                text23       006E72
__end_of_isdigit                              text37       006FEC
__end_of_islower                              text34       006FC0
__end_of_isspace                              text38       006DE8
__end_of_isxdigit                             text36       006AFC
__end_of_labs                                 text15       006A9C
__end_of_main                                 text0        005DFC
__end_of_memcpy                               text14       006D5C
__end_of_nanf                                 text35       0070A6
__end_of_pad                                  text22       006900
__end_of_printf                               text6        007014
__end_of_putch                                text25       00712C
__end_of_splitString                          text1        00676A
__end_of_stoa                                 text10       005F20
__end_of_strchr                               text5        006C10
__end_of_strcpy                               text13       006B5A
__end_of_strcspn                              text4        006A36
__end_of_strlen                               text11       006F94
__end_of_strncmp                              text9        00631E
__end_of_strspn                               text3        0069D0
__end_of_strtof                               text32       0036D2
__end_of_strtok                               text2        006400
__end_of_toupper                              text33       006F26
__end_of_vfpfcnvrt                            text8        004DC4
__end_of_vfprintf                             text7        006CBC
__initialization                              cinit        006CBC
__mediumconst                                 mediumconst  000000
__pbssBANK5                                   bssBANK5     00059A
__pbssBANK6                                   bssBANK6     000600
__pbssCOMRAM                                  bssCOMRAM    00055C
__pcinit                                      cinit        006CBC
__pcstackBANK5                                cstackBANK5  000560
__pcstackBANK6                                cstackBANK6  000668
__pcstackCOMRAM                               cstackCOMRAM 000501
__pdataBANK6                                  dataBANK6    0006AD
__pidataBANK6                                 idataBANK6   00712C
__pivt0x8                                     ivt0x8       000008
__pnvBANK5                                    nvBANK5      0005BF
__pnvBANK6                                    nvBANK6      0006A4
__psmallconst                                 smallconst   002600
__ptext0                                      text0        005CBE
__ptext1                                      text1        0066D0
__ptext10                                     text10       005DFC
__ptext11                                     text11       006F5E
__ptext12                                     text12       0036D2
__ptext13                                     text13       006AFC
__ptext14                                     text14       006D0C
__ptext15                                     text15       006A36
__ptext16                                     text16       00560C
__ptext17                                     text17       00612A
__ptext18                                     text18       005F20
__ptext19                                     text19       006D5C
__ptext2                                      text2        00631E
__ptext20                                     text20       0040F2
__ptext21                                     text21       00515E
__ptext22                                     text22       006886
__ptext23                                     text23       006E2E
__ptext24                                     text24       00676A
__ptext25                                     text25       007122
__ptext26                                     text26       006C10
__ptext27                                     text27       006E72
__ptext28                                     text28       005B5A
__ptext29                                     text29       0059D2
__ptext3                                      text3        00696A
__ptext30                                     text30       0053DC
__ptext31                                     text31       007014
__ptext32                                     text32       002676
__ptext33                                     text33       006EEE
__ptext34                                     text34       006F94
__ptext35                                     text35       007084
__ptext36                                     text36       006A9C
__ptext37                                     text37       006FC0
__ptext38                                     text38       006DA2
__ptext39                                     text39       00581E
__ptext4                                      text4        0069D0
__ptext40                                     text40       00703A
__ptext41                                     text41       006900
__ptext42                                     text42       006F26
__ptext43                                     text43       0045B2
__ptext44                                     text44       006026
__ptext45                                     text45       00657E
__ptext46                                     text46       004DC4
__ptext47                                     text47       0070C2
__ptext48                                     text48       0064CA
__ptext49                                     text49       0070DC
__ptext5                                      text5        006BB6
__ptext50                                     text50       0070EA
__ptext51                                     text51       0070F8
__ptext52                                     text52       007106
__ptext53                                     text53       007114
__ptext54                                     text54       007060
__ptext55                                     text55       006628
__ptext56                                     text56       0070A6
__ptext57                                     text57       007134
__ptext58                                     text58       006B5A
__ptext59                                     text59       006800
__ptext6                                      text6        006FEC
__ptext60                                     text60       006DE8
__ptext61                                     text61       006400
__ptext62                                     text62       007140
__ptext63                                     text63       007142
__ptext64                                     text64       00713A
__ptext65                                     text65       006EB2
__ptext66                                     text66       000000
__ptext7                                      text7        006C68
__ptext8                                      text8        0049DC
__ptext9                                      text9        006228
__ramtop                                      ramtop       002600
__smallconst                                  smallconst   002600
_abs                                          text27       006E72
_atof                                         text31       007014
_dbuf                                         bssBANK6     000608
_dtoa                                         text21       00515E
_dtoa$1437                                    cstackCOMRAM 000532
_efgtoa                                       text12       0036D2
_efgtoa$1468                                  cstackBANK5  000566
_extraerPartes                                text30       0053DC
_flags                                        bssBANK5     0005BA
_floorf                                       text16       00560C
_fputc                                        text24       00676A
_fputs                                        text23       006E2E
_frame                                        bssBANK6     000658
_index                                        bssBANK5     0005B8
_isdigit                                      text37       006FC0
_islower                                      text34       006F94
_isspace                                      text38       006DA2
_isspace$1679                                 cstackCOMRAM 000507
_isxdigit                                     text36       006A9C
_isxdigit$1691                                cstackCOMRAM 00050D
_labs                                         text15       006A36
_main                                         text0        005CBE
_memcpy                                       text14       006D0C
_nanf                                         text35       007084
_pad                                          text22       006886
_prec                                         bssBANK5     0005B6
_printf                                       text6        006FEC
_putch                                        text25       007122
_splitString                                  text1        0066D0
_stoa                                         text10       005DFC
_strchr                                       text5        006BB6
_strcpy                                       text13       006AFC
_strcspn                                      text4        0069D0
_strlen                                       text11       006F5E
_strncmp                                      text9        006228
_strspn                                       text3        00696A
_strtof                                       text32       002676
_strtok                                       text2        00631E
_toupper                                      text33       006EEE
_uart1RxBuffer                                bssBANK6     000600
_uart1RxCount                                 bssBANK5     0005BC
_uart1RxHead                                  bssCOMRAM    00055D
_uart1RxLastError                             bssBANK5     0005BB
_uart1RxStatusBuffer                          bssBANK5     00059A
_uart1RxTail                                  bssCOMRAM    00055C
_uart1TxBuffer                                bssBANK5     0005A2
_uart1TxBufferRemaining                       nvBANK5      0005C5
_uart1TxHead                                  bssBANK5     0005BE
_uart1TxTail                                  bssBANK5     0005BD
_vfpfcnvrt                                    text8        0049DC
_vfpfcnvrt$1500                               cstackCOMRAM 00054B
_vfprintf                                     text7        006C68
_width                                        bssBANK5     0005B4
abs@a                                         cstackCOMRAM 000515
atof@s                                        cstackCOMRAM 00053D
dtoa@d                                        cstackCOMRAM 000522
dtoa@fp                                       cstackCOMRAM 000520
dtoa@i                                        cstackCOMRAM 000541
dtoa@n                                        cstackCOMRAM 000538
dtoa@p                                        cstackCOMRAM 000534
dtoa@s                                        cstackCOMRAM 000540
dtoa@w                                        cstackCOMRAM 000536
efgtoa@c                                      cstackCOMRAM 000536
efgtoa@d                                      cstackBANK5  00056B
efgtoa@e                                      cstackBANK5  00056F
efgtoa@f                                      cstackCOMRAM 000532
efgtoa@fp                                     cstackCOMRAM 000530
efgtoa@g                                      cstackBANK5  000582
efgtoa@h                                      cstackBANK5  000579
efgtoa@i                                      cstackBANK5  000577
efgtoa@l                                      cstackBANK5  00057D
efgtoa@m                                      cstackBANK5  00056D
efgtoa@mode                                   cstackBANK5  000569
efgtoa@n                                      cstackBANK5  000586
efgtoa@ne                                     cstackBANK5  000560
efgtoa@nmode                                  cstackBANK5  00056A
efgtoa@ou                                     cstackBANK5  000573
efgtoa@p                                      cstackBANK5  000562
efgtoa@pp                                     cstackBANK5  000568
efgtoa@sign                                   cstackBANK5  000581
efgtoa@t                                      cstackBANK5  000564
efgtoa@u                                      cstackBANK5  000588
efgtoa@w                                      cstackBANK5  000571
end_of_initialization                         cinit        006D06
extraerPartes@cadena                          cstackCOMRAM 000541
extraerPartes@i                               cstackBANK5  000578
extraerPartes@j                               cstackBANK5  000576
extraerPartes@k                               cstackBANK5  000574
extraerPartes@parteAlfabetica                 cstackCOMRAM 000543
extraerPartes@parteFlotante                   cstackCOMRAM 000545
extraerPartes@parteNumerica                   cstackBANK5  000564
extraerPartes@resultado                       cstackBANK5  000560
floorf@F526                                   bssBANK5     0005AA
floorf@e                                      cstackCOMRAM 00052A
floorf@m                                      cstackCOMRAM 000526
floorf@u                                      cstackCOMRAM 00052C
floorf@x                                      cstackCOMRAM 00051C
fputc@c                                       cstackCOMRAM 000505
fputc@fp                                      cstackCOMRAM 000507
fputs@c                                       cstackCOMRAM 000512
fputs@fp                                      cstackCOMRAM 000510
fputs@i                                       cstackCOMRAM 000513
fputs@s                                       cstackCOMRAM 00050E
intlevel0                                     text         000000
intlevel1                                     text         000000
intlevel2                                     text         000000
intlevel3                                     text         000000
isa$std                                       (abs)        000001
isa$xinst                                     (abs)        000000
isdigit@c                                     cstackCOMRAM 000503
islower@c                                     cstackCOMRAM 000503
isspace@c                                     cstackCOMRAM 000503
isxdigit@c                                    cstackCOMRAM 000507
ivt0x8_base                                   ivt0x8       000008
labs@a                                        cstackCOMRAM 000503
main@i                                        cstackBANK6  0006A2
main@parteAlfabetica                          cstackBANK6  000668
main@parteFlotante                            cstackBANK6  00069E
main@string                                   cstackBANK6  00068C
main@tokenCount                               cstackBANK6  00069C
main@tokens                                   cstackBANK6  000678
memcpy@d                                      cstackCOMRAM 00050A
memcpy@d1                                     cstackCOMRAM 000503
memcpy@n                                      cstackCOMRAM 000507
memcpy@s                                      cstackCOMRAM 00050C
memcpy@s1                                     cstackCOMRAM 000505
memcpy@tmp                                    cstackCOMRAM 000509
nanf@s                                        cstackCOMRAM 000503
nanf@u                                        cstackCOMRAM 000507
pad@buf                                       cstackCOMRAM 000517
pad@fp                                        cstackCOMRAM 000515
pad@i                                         cstackCOMRAM 00051C
pad@p                                         cstackCOMRAM 000519
pad@w                                         cstackCOMRAM 00051E
printf@ap                                     cstackCOMRAM 00055A
printf@fmt                                    cstackBANK5  000592
putch@txData                                  cstackCOMRAM 000504
splitString@delimiter                         cstackCOMRAM 000514
splitString@str                               cstackCOMRAM 000512
splitString@token                             cstackCOMRAM 000517
splitString@tokenCount                        cstackCOMRAM 000519
splitString@tokens                            cstackCOMRAM 000515
stackhi                                       (abs)        000000
stacklo                                       (abs)        000000
start                                         init         00001A
start_initialization                          cinit        006CBC
stoa@F1175                                    dataBANK6    0006AD
stoa@cp                                       cstackCOMRAM 00051E
stoa@fp                                       cstackCOMRAM 00050E
stoa@i                                        cstackCOMRAM 00051C
stoa@l                                        cstackCOMRAM 000520
stoa@nuls                                     cstackCOMRAM 000513
stoa@p                                        cstackCOMRAM 000522
stoa@s                                        cstackCOMRAM 000510
stoa@w                                        cstackCOMRAM 00051A
strchr@c                                      cstackCOMRAM 000505
strchr@s                                      cstackCOMRAM 000503
strcpy@d                                      cstackCOMRAM 00050B
strcpy@dest                                   cstackCOMRAM 000503
strcpy@s                                      cstackCOMRAM 000509
strcpy@src                                    cstackCOMRAM 000505
strcspn@c                                     cstackCOMRAM 000509
strcspn@i                                     cstackCOMRAM 00050C
strcspn@s                                     cstackCOMRAM 000507
strlen@a                                      cstackCOMRAM 000505
strlen@s                                      cstackCOMRAM 000503
strncmp@_l                                    cstackCOMRAM 000503
strncmp@_r                                    cstackCOMRAM 000505
strncmp@l                                     cstackCOMRAM 00050A
strncmp@n                                     cstackCOMRAM 000507
strncmp@r                                     cstackCOMRAM 00050C
strspn@c                                      cstackCOMRAM 000509
strspn@i                                      cstackCOMRAM 00050C
strspn@s                                      cstackCOMRAM 000507
strtof@_u                                     cstackCOMRAM 000538
strtof@digit                                  cstackCOMRAM 000532
strtof@eexp                                   cstackCOMRAM 000536
strtof@expon                                  cstackCOMRAM 000534
strtof@flags                                  cstackCOMRAM 000533
strtof@i                                      cstackCOMRAM 00053C
strtof@res                                    cstackCOMRAM 00052A
strtof@s                                      cstackCOMRAM 000528
strtok@p                                      bssBANK5     0005B2
strtok@s                                      cstackCOMRAM 00050E
strtok@sep                                    cstackCOMRAM 000510
toupper@c                                     cstackCOMRAM 000507
vfpfcnvrt@ap                                  cstackCOMRAM 000547
vfpfcnvrt@c                                   cstackCOMRAM 000555
vfpfcnvrt@convarg                             cstackCOMRAM 00054D
vfpfcnvrt@cp                                  cstackCOMRAM 000556
vfpfcnvrt@fmt                                 cstackCOMRAM 000545
vfpfcnvrt@fp                                  cstackCOMRAM 000543
vfprintf@ap                                   cstackBANK5  000590
vfprintf@cfmt                                 cstackCOMRAM 000558
vfprintf@fmt                                  cstackBANK5  00058E
vfprintf@fp                                   cstackBANK5  00058C


MODULE INFORMATION

Module		Function		Class		Link	Load	Size
C:\Program Files\Microchip\xc8\v2.40\pic\sources\c99\common\sprcmul.c
		___flmul       		CODE           	45B2	0000	1066

C:\Program Files\Microchip\xc8\v2.40\pic\sources\c99\common\sprcmul.c estimated size: 1066

C:\Program Files\Microchip\xc8\v2.40\pic\sources\c99\common\nf_fputc.c
		_fputc         		CODE           	676A	0000	150

C:\Program Files\Microchip\xc8\v2.40\pic\sources\c99\common\nf_fputc.c estimated size: 150

C:\Program Files\Microchip\xc8\v2.40\pic\sources\c99\common\sprcdiv.c
		___fldiv       		CODE           	4DC4	0000	922

C:\Program Files\Microchip\xc8\v2.40\pic\sources\c99\common\sprcdiv.c estimated size: 922

C:\Program Files\Microchip\xc8\v2.40\pic\sources\c99\common\toupper.c
		_toupper       		CODE           	6EEE	0000	56

C:\Program Files\Microchip\xc8\v2.40\pic\sources\c99\common\toupper.c estimated size: 56

C:\Program Files\Microchip\xc8\v2.40\pic\sources\c99\common\memcpy.c
		_memcpy        		CODE           	6D0C	0000	80

C:\Program Files\Microchip\xc8\v2.40\pic\sources\c99\common\memcpy.c estimated size: 80

C:\Program Files\Microchip\xc8\v2.40\pic\sources\c99\common\fltol.c
		___fltol       		CODE           	5F20	0000	262

C:\Program Files\Microchip\xc8\v2.40\pic\sources\c99\common\fltol.c estimated size: 262

C:\Program Files\Microchip\xc8\v2.40\pic\sources\c99\common\isspace.c
		_isspace       		CODE           	6DA2	0000	70

C:\Program Files\Microchip\xc8\v2.40\pic\sources\c99\common\isspace.c estimated size: 70

C:\Program Files\Microchip\xc8\v2.40\pic\sources\c99\common\isxdigit.c
		_isxdigit      		CODE           	6A9C	0000	96

C:\Program Files\Microchip\xc8\v2.40\pic\sources\c99\common\isxdigit.c estimated size: 96

C:\Program Files\Microchip\xc8\v2.40\pic\sources\c99\common\Umul16.c
		___wmul        		CODE           	703A	0000	38

C:\Program Files\Microchip\xc8\v2.40\pic\sources\c99\common\Umul16.c estimated size: 38

C:\Program Files\Microchip\xc8\v2.40\pic\sources\c99\common\fleq.c
		___fleq        		CODE           	657E	0000	170

C:\Program Files\Microchip\xc8\v2.40\pic\sources\c99\common\fleq.c estimated size: 170

C:\Program Files\Microchip\xc8\v2.40\pic\sources\c99\common\strncmp.c
		_strncmp       		CODE           	6228	0000	246

C:\Program Files\Microchip\xc8\v2.40\pic\sources\c99\common\strncmp.c estimated size: 246

mcc_generated_files/interrupt_manager.c
		_INTERRUPT_Initialize		CODE           	7134	0000	6
		_INTERRUPT_InterruptManager		CODE           	6800	0000	134

mcc_generated_files/interrupt_manager.c estimated size: 140

C:\Program Files\Microchip\xc8\v2.40\pic\sources\c99\common\abs.c
		_abs           		CODE           	6E72	0000	64

C:\Program Files\Microchip\xc8\v2.40\pic\sources\c99\common\abs.c estimated size: 64

C:\Program Files\Microchip\xc8\v2.40\pic\sources\c99\common\strtok.c
		_strtok        		CODE           	631E	0000	226

C:\Program Files\Microchip\xc8\v2.40\pic\sources\c99\common\strtok.c estimated size: 226

C:\Program Files\Microchip\xc8\v2.40\pic\sources\c99\common\printf.c
		_printf        		CODE           	6FEC	0000	40

C:\Program Files\Microchip\xc8\v2.40\pic\sources\c99\common\printf.c estimated size: 40

C:\Program Files\Microchip\xc8\v2.40\pic\sources\c99\common\__fpclassifyf.c
		___fpclassifyf 		CODE           	612A	0000	254

C:\Program Files\Microchip\xc8\v2.40\pic\sources\c99\common\__fpclassifyf.c estimated size: 254

mcc_generated_files/pin_manager.c
		_PIN_MANAGER_Initialize		CODE           	6628	0000	168

mcc_generated_files/pin_manager.c estimated size: 168

C:\Program Files\Microchip\xc8\v2.40\pic\sources\c99\common\isdigit.c
		_isdigit       		CODE           	6FC0	0000	44

C:\Program Files\Microchip\xc8\v2.40\pic\sources\c99\common\isdigit.c estimated size: 44

C:\Program Files\Microchip\xc8\v2.40\pic\sources\c99\common\sprcadd.c
		___flsub       		CODE           	6D5C	0000	70
		___fladd       		CODE           	40F2	0000	1216

C:\Program Files\Microchip\xc8\v2.40\pic\sources\c99\common\sprcadd.c estimated size: 1286

C:\Program Files\Microchip\xc8\v2.40\pic\sources\c99\common\floorf.c
		_floorf        		CODE           	560C	0000	530

C:\Program Files\Microchip\xc8\v2.40\pic\sources\c99\common\floorf.c estimated size: 530

C:\Program Files\Microchip\xc8\v2.40\pic\sources\c99\common\Umul32.c
		___lmul        		CODE           	6900	0000	106

C:\Program Files\Microchip\xc8\v2.40\pic\sources\c99\common\Umul32.c estimated size: 106

C:\Program Files\Microchip\xc8\v2.40\pic\sources\c99\common\flneg.c
		___flneg       		CODE           	6F26	0000	56

C:\Program Files\Microchip\xc8\v2.40\pic\sources\c99\common\flneg.c estimated size: 56

C:\Program Files\Microchip\xc8\v2.40\pic\sources\c99\common\labs.c
		_labs          		CODE           	6A36	0000	102

C:\Program Files\Microchip\xc8\v2.40\pic\sources\c99\common\labs.c estimated size: 102

C:\Program Files\Microchip\xc8\v2.40\pic\sources\c99\common\strcspn.c
		_strcspn       		CODE           	69D0	0000	102

C:\Program Files\Microchip\xc8\v2.40\pic\sources\c99\common\strcspn.c estimated size: 102

C:\Program Files\Microchip\xc8\v2.40\pic\sources\c99\common\xxtofl.c
		___xxtofl      		CODE           	581E	0000	436

C:\Program Files\Microchip\xc8\v2.40\pic\sources\c99\common\xxtofl.c estimated size: 436

mcc_generated_files/uart1.c
		_UART1_Write   		CODE           	6C10	0000	88
		_putch         		CODE           	7122	0000	10
		_UART1_SetFramingErrorHandler		CODE           	7106	0000	14
		_UART1_SetOverrunErrorHandler		CODE           	70F8	0000	14
		_UART1_Receive_ISR		CODE           	6400	0000	202
		_UART1_SetRxInterruptHandler		CODE           	70EA	0000	14
		_UART1_SetTxInterruptHandler		CODE           	70DC	0000	14
		_UART1_Initialize		CODE           	64CA	0000	180
		_UART1_SetErrorHandler		CODE           	7114	0000	14
		_UART1_Transmit_ISR		CODE           	6DE8	0000	70
		_UART1_DefaultFramingErrorHandler		CODE           	7142	0000	2
		_UART1_DefaultErrorHandler		CODE           	713A	0000	6
		_UART1_RxDataHandler		CODE           	6EB2	0000	60
		_UART1_DefaultOverrunErrorHandler		CODE           	7140	0000	2

mcc_generated_files/uart1.c estimated size: 690

C:\Program Files\Microchip\xc8\v2.40\pic\sources\c99\common\nf_fputs.c
		_fputs         		CODE           	6E2E	0000	68

C:\Program Files\Microchip\xc8\v2.40\pic\sources\c99\common\nf_fputs.c estimated size: 68

funtions_frame.c
		_extraerPartes 		CODE           	53DC	0000	560
		_splitString   		CODE           	66D0	0000	154

funtions_frame.c estimated size: 714

C:\Program Files\Microchip\xc8\v2.40\pic\sources\c99\common\aomod.c
		___aomod       		CODE           	5B5A	0000	356

C:\Program Files\Microchip\xc8\v2.40\pic\sources\c99\common\aomod.c estimated size: 356

C:\Program Files\Microchip\xc8\v2.40\pic\sources\c99\common\strlen.c
		_strlen        		CODE           	6F5E	0000	54

C:\Program Files\Microchip\xc8\v2.40\pic\sources\c99\common\strlen.c estimated size: 54

shared
		__initialization		CODE           	6CBC	0000	74

shared estimated size: 74

C:\Program Files\Microchip\xc8\v2.40\pic\sources\c99\common\strchr.c
		_strchr        		CODE           	6BB6	0000	90

C:\Program Files\Microchip\xc8\v2.40\pic\sources\c99\common\strchr.c estimated size: 90

C:\Program Files\Microchip\xc8\v2.40\pic\sources\c99\common\strcpy.c
		_strcpy        		CODE           	6AFC	0000	94

C:\Program Files\Microchip\xc8\v2.40\pic\sources\c99\common\strcpy.c estimated size: 94

mcc_generated_files/mcc.c
		_PMD_Initialize		CODE           	7060	0000	36
		_OSCILLATOR_Initialize		CODE           	70A6	0000	28
		_SYSTEM_Initialize		CODE           	70C2	0000	26

mcc_generated_files/mcc.c estimated size: 90

C:\Program Files\Microchip\xc8\v2.40\pic\sources\c99\common\flge.c
		___flge        		CODE           	6026	0000	260

C:\Program Files\Microchip\xc8\v2.40\pic\sources\c99\common\flge.c estimated size: 260

C:\Program Files\Microchip\xc8\v2.40\pic\sources\c99\common\doprnt.c
		_vfpfcnvrt     		CODE           	49DC	0000	1000
		_efgtoa        		CODE           	36D2	0000	2592
		_pad           		CODE           	6886	0000	122
		_dtoa          		CODE           	515E	0000	638
		_vfprintf      		CODE           	6C68	0000	84
		_stoa          		CODE           	5DFC	0000	292

C:\Program Files\Microchip\xc8\v2.40\pic\sources\c99\common\doprnt.c estimated size: 4728

mcc_generated_files/adcc.c
		_ADCC_Initialize		CODE           	6B5A	0000	92

mcc_generated_files/adcc.c estimated size: 92

main.c
		_main          		CODE           	5CBE	0000	318

main.c estimated size: 318

C:\Program Files\Microchip\xc8\v2.40\pic\sources\c99\common\strspn.c
		_strspn        		CODE           	696A	0000	102

C:\Program Files\Microchip\xc8\v2.40\pic\sources\c99\common\strspn.c estimated size: 102

C:\Program Files\Microchip\xc8\v2.40\pic\sources\c99\common\strtof.c
		_atof          		CODE           	7014	0000	38
		_strtof        		CODE           	2676	0000	4188

C:\Program Files\Microchip\xc8\v2.40\pic\sources\c99\common\strtof.c estimated size: 4226

C:\Program Files\Microchip\xc8\v2.40\pic\sources\c99\common\islower.c
		_islower       		CODE           	6F94	0000	44

C:\Program Files\Microchip\xc8\v2.40\pic\sources\c99\common\islower.c estimated size: 44

C:\Program Files\Microchip\xc8\v2.40\pic\sources\c99\common\aodiv.c
		___aodiv       		CODE           	59D2	0000	392

C:\Program Files\Microchip\xc8\v2.40\pic\sources\c99\common\aodiv.c estimated size: 392

C:\Program Files\Microchip\xc8\v2.40\pic\sources\c99\common\nanf.c
		_nanf          		CODE           	7084	0000	34

C:\Program Files\Microchip\xc8\v2.40\pic\sources\c99\common\nanf.c estimated size: 34

