Microchip MPLAB XC8 Compiler V2.40

Linker command line:

-W-3 \
  --edf=C:\Program Files\Microchip\xc8\v2.40\pic\dat\20220703182018_en.msgs \
  -pivt0x8=08h -cn -h+dist/default/production\Lab_Mic2.X.production.sym \
  --cmf=dist/default/production\Lab_Mic2.X.production.cmf -z -Q18F57Q43 \
  -oC:\Users\Andre\AppData\Local\Temp\xcAseoo.4 --defsym=__MPLAB_BUILD=1 \
  --fixupoverflow=error -Mdist/default/production/Lab_Mic2.X.production.map \
  --md=C:\Users\Andre\AppData\Local\Temp\xcAseoo.dat -E1 -ver=XC8 Compiler \
  --acfsm=1493 -ACODE=00h-01FFFFh -ACONST=00h-01FFFFh \
  -ASMALLCONST=02600h-026FFhx474 \
  -AMEDIUMCONST=02600h-0FFFFh,012600h-01FFFFh -ACOMRAM=0501h-055Fh \
  -AABS1=0500h-024FFh -ABIGRAM=0501h-024FFh \
  -ARAM=0560h-05FFh,0600h-06FFhx31 -ABANK5=0560h-05FFh -ABANK6=0600h-06FFh \
  -ABANK7=0700h-07FFh -ABANK8=0800h-08FFh -ABANK9=0900h-09FFh \
  -ABANK10=0A00h-0AFFh -ABANK11=0B00h-0BFFh -ABANK12=0C00h-0CFFh \
  -ABANK13=0D00h-0DFFh -ABANK14=0E00h-0EFFh -ABANK15=0F00h-0FFFh \
  -ABANK16=01000h-010FFh -ABANK17=01100h-011FFh -ABANK18=01200h-012FFh \
  -ABANK19=01300h-013FFh -ABANK20=01400h-014FFh -ABANK21=01500h-015FFh \
  -ABANK22=01600h-016FFh -ABANK23=01700h-017FFh -ABANK24=01800h-018FFh \
  -ABANK25=01900h-019FFh -ABANK26=01A00h-01AFFh -ABANK27=01B00h-01BFFh \
  -ABANK28=01C00h-01CFFh -ABANK29=01D00h-01DFFh -ABANK30=01E00h-01EFFh \
  -ABANK31=01F00h-01FFFh -ABANK32=02000h-020FFh -ABANK33=02100h-021FFh \
  -ABANK34=02200h-022FFh -ABANK35=02300h-023FFh -ABANK36=02400h-024FFh \
  -ASFR=00h-0FFhx4,0400h-045Fh,0460h-04FFh,02500h-025FFh \
  -ABIGSFR=00h-04FFh,02500h-025FFh -ACONFIG=0300000h-0300011h \
  -AIDLOC=0200000h-020003Fh -AEEDATA=0380000h-03803FFh -peeprom_data=EEDATA \
  -preset_vec=00h -ppowerup=CODE,init -pramtop=02600h \
  -psmallconst=SMALLCONST -pmediumconst=MEDIUMCONST -pconst=CONST \
  -AFARRAM=00h-00h \
  -prdata=COMRAM,nvrram=COMRAM,nvbit=COMRAM,rbss=COMRAM,rbit=COMRAM \
  -pfarbss=FARRAM,fardata=FARRAM,nvFARRAM=FARRAM \
  -pintsave_regs=BIGRAM,bigbss=BIGRAM,bigdata=BIGRAM -pbss=RAM \
  -pidata=CODE,irdata=CODE,ibigdata=CODE,ifardata=CODE -prparam=COMRAM \
  C:\Users\Andre\AppData\Local\Temp\xcAseoo.o \
  dist/default/production\Lab_Mic2.X.production.o 

Object code version is 3.11

Machine type is 18F57Q43



                Name                               Link     Load   Length Selector   Space Scale
C:\Users\Andre\AppData\Local\Temp\xcAseoo.o
                idloc                            200000   200000       40        0       5
                config                           300000   300000        A        0       4
                init                                 1A       1A        4        4       0
                reset_vec                             0        0        4        0       0
dist/default/production\Lab_Mic2.X.production.o
                idloc                            200000   200000       40        0       5
                config                           300000   300000        A        0       4
                smallconst                         2600     2600       36     1300       0
                ivt0x8                                8        8       12        4       0
                text55                             5EAA     5EAA        2     131B       0
                text54                             5C64     5C64       32     131B       0
                text53                             5BCA     5BCA       36     131B       0
                text52                             5C32     5C32       32     131B       0
                text51                             5CC6     5CC6       30     131B       0
                text50                             5DC8     5DC8       26     131B       0
                text49                             5890     5890       60     131B       0
                text48                             5726     5726       90     131B       0
                text47                             5D22     5D22       2C     131B       0
                text46                             5DA0     5DA0       28     131B       0
                text45                             3F1A     3F1A      39A     131B       0
                text44                             4A78     4A78      1B4     131B       0
                text43                             5076     5076      10A     131B       0
                text42                             58F0     58F0       5C     131B       0
                text41                             5EA4     5EA4        6     131B       0
                text40                             5E30     5E30       1C     131B       0
                text39                             5488     5488       B4     131B       0
                text38                             5DEE     5DEE       24     131B       0
                text37                             5E8C     5E8C        E     131B       0
                text36                             5D4E     5D4E       2A     131B       0
                text35                             5E7E     5E7E        E     131B       0
                text34                             5E70     5E70        E     131B       0
                text33                             5E62     5E62        E     131B       0
                text32                             57B6     57B6       74     131B       0
                text31                             5E12     5E12       1E     131B       0
                text30                             59F0     59F0       4E     131B       0
                text29                             5C00     5C00       32     131B       0
                text28                             5CF6     5CF6       2C     131B       0
                text27                             5A84     5A84       46     131B       0
                text26                             4F18     4F18      15E     131B       0
                text25                             4C2C     4C2C      188     131B       0
                text24                             4DB4     4DB4      164     131B       0
                text23                             5B52     5B52       40     131B       0
                text22                             5E4C     5E4C       16     131B       0
                text21                             5E9A     5E9A        A     131B       0
                text20                             5690     5690       96     131B       0
                text19                             5B0E     5B0E       44     131B       0
                text18                             55E6     55E6       AA     131B       0
                text17                             45B0     45B0      2B6     131B       0
                text16                             553C     553C       AA     131B       0
                text15                             5286     5286      104     131B       0
                text14                             3AF0     3AF0      42A     131B       0
                text13                             5B92     5B92       38     131B       0
                text12                             3630     3630      4C0     131B       0
                text11                             5A3E     5A3E       46     131B       0
                text10                             5180     5180      106     131B       0
                text9                              538A     538A       FE     131B       0
                text8                              4866     4866      212     131B       0
                text7                              582A     582A       66     131B       0
                text6                              59A0     59A0       50     131B       0
                text5                              5ACA     5ACA       44     131B       0
                text4                              2636     2636      A8A     131B       0
                text3                              30C0     30C0      570     131B       0
                text2                              594C     594C       54     131B       0
                text1                              5D78     5D78       28     131B       0
                text0                              42B4     42B4      2FC     131B       0
                cstackCOMRAM                        501      501       5B      501       1
                cstackBANK5                         560      560       61      560       1
                bssBANK6                            600      600       50      600       1
                bssBANK5                            5C1      5C1       2C      560       1
                bssCOMRAM                           55C      55C        2      501       1
                cinit                              5C96     5C96       30     131B       0
                nvBANK5                             5ED      5ED        C      560       1

TOTAL           Name                               Link     Load   Length     Space
        CLASS   CODE           
                init                                 1A       1A        4         0
                reset_vec                             0        0        4         0
                ivt0x8                                8        8       12         0
                text55                             5EAA     5EAA        2         0
                text54                             5C64     5C64       32         0
                text53                             5BCA     5BCA       36         0
                text52                             5C32     5C32       32         0
                text51                             5CC6     5CC6       30         0
                text50                             5DC8     5DC8       26         0
                text49                             5890     5890       60         0
                text48                             5726     5726       90         0
                text47                             5D22     5D22       2C         0
                text46                             5DA0     5DA0       28         0
                text45                             3F1A     3F1A      39A         0
                text44                             4A78     4A78      1B4         0
                text43                             5076     5076      10A         0
                text42                             58F0     58F0       5C         0
                text41                             5EA4     5EA4        6         0
                text40                             5E30     5E30       1C         0
                text39                             5488     5488       B4         0
                text38                             5DEE     5DEE       24         0
                text37                             5E8C     5E8C        E         0
                text36                             5D4E     5D4E       2A         0
                text35                             5E7E     5E7E        E         0
                text34                             5E70     5E70        E         0
                text33                             5E62     5E62        E         0
                text32                             57B6     57B6       74         0
                text31                             5E12     5E12       1E         0
                text30                             59F0     59F0       4E         0
                text29                             5C00     5C00       32         0
                text28                             5CF6     5CF6       2C         0
                text27                             5A84     5A84       46         0
                text26                             4F18     4F18      15E         0
                text25                             4C2C     4C2C      188         0
                text24                             4DB4     4DB4      164         0
                text23                             5B52     5B52       40         0
                text22                             5E4C     5E4C       16         0
                text21                             5E9A     5E9A        A         0
                text20                             5690     5690       96         0
                text19                             5B0E     5B0E       44         0
                text18                             55E6     55E6       AA         0
                text17                             45B0     45B0      2B6         0
                text16                             553C     553C       AA         0
                text15                             5286     5286      104         0
                text14                             3AF0     3AF0      42A         0
                text13                             5B92     5B92       38         0
                text12                             3630     3630      4C0         0
                text11                             5A3E     5A3E       46         0
                text10                             5180     5180      106         0
                text9                              538A     538A       FE         0
                text8                              4866     4866      212         0
                text7                              582A     582A       66         0
                text6                              59A0     59A0       50         0
                text5                              5ACA     5ACA       44         0
                text4                              2636     2636      A8A         0
                text3                              30C0     30C0      570         0
                text2                              594C     594C       54         0
                text1                              5D78     5D78       28         0
                text0                              42B4     42B4      2FC         0
                cinit                              5C96     5C96       30         0

        CLASS   CONST          

        CLASS   SMALLCONST     
                smallconst                         2600     2600       36         0

        CLASS   MEDIUMCONST    

        CLASS   COMRAM         
                cstackCOMRAM                        501      501       5B         1
                bssCOMRAM                           55C      55C        2         1

        CLASS   ABS1           

        CLASS   BIGRAM         

        CLASS   RAM            

        CLASS   BANK5          
                cstackBANK5                         560      560       61         1
                bssBANK5                            5C1      5C1       2C         1
                nvBANK5                             5ED      5ED        C         1

        CLASS   BANK6          
                bssBANK6                            600      600       50         1

        CLASS   BANK7          

        CLASS   BANK8          

        CLASS   BANK9          

        CLASS   BANK10         

        CLASS   BANK11         

        CLASS   BANK12         

        CLASS   BANK13         

        CLASS   BANK14         

        CLASS   BANK15         

        CLASS   BANK16         

        CLASS   BANK17         

        CLASS   BANK18         

        CLASS   BANK19         

        CLASS   BANK20         

        CLASS   BANK21         

        CLASS   BANK22         

        CLASS   BANK23         

        CLASS   BANK24         

        CLASS   BANK25         

        CLASS   BANK26         

        CLASS   BANK27         

        CLASS   BANK28         

        CLASS   BANK29         

        CLASS   BANK30         

        CLASS   BANK31         

        CLASS   BANK32         

        CLASS   BANK33         

        CLASS   BANK34         

        CLASS   BANK35         

        CLASS   BANK36         

        CLASS   SFR            

        CLASS   BIGSFR         

        CLASS   CONFIG         
                config                           300000   300000        A         4

        CLASS   IDLOC          
                idloc                            200000   200000       40         5

        CLASS   EEDATA         

        CLASS   FARRAM         

        CLASS   HEAP           

        CLASS   STACK          



SEGMENTS        Name                           Load    Length   Top    Selector   Space  Class

                reset_vec                      000000  000004  000004         0       0  CODE    
                ivt0x8                         000008  000016  00001E         4       0  CODE    
                cstackCOMRAM                   000501  00005D  00055E       501       1  COMRAM  
                cstackBANK5                    000560  000099  0005F9       560       1  BANK5   
                bssBANK6                       000600  000050  000650       600       1  BANK6   
                smallconst                     002600  000036  002636      1300       0  SMALLCON
                text4                          002636  003876  005EAC      131B       0  CODE    


UNUSED ADDRESS RANGES

        Name                Unused          Largest block    Delta
        BANK10           000A00-000AFF              100
        BANK11           000B00-000BFF              100
        BANK12           000C00-000CFF              100
        BANK13           000D00-000DFF              100
        BANK14           000E00-000EFF              100
        BANK15           000F00-000FFF              100
        BANK16           001000-0010FF              100
        BANK17           001100-0011FF              100
        BANK18           001200-0012FF              100
        BANK19           001300-0013FF              100
        BANK20           001400-0014FF              100
        BANK21           001500-0015FF              100
        BANK22           001600-0016FF              100
        BANK23           001700-0017FF              100
        BANK24           001800-0018FF              100
        BANK25           001900-0019FF              100
        BANK26           001A00-001AFF              100
        BANK27           001B00-001BFF              100
        BANK28           001C00-001CFF              100
        BANK29           001D00-001DFF              100
        BANK30           001E00-001EFF              100
        BANK31           001F00-001FFF              100
        BANK32           002000-0020FF              100
        BANK33           002100-0021FF              100
        BANK34           002200-0022FF              100
        BANK35           002300-0023FF              100
        BANK36           002400-0024FF              100
        BANK5            0005F9-0005FF                7
        BANK6            000650-0006FF               B0
        BANK7            000700-0007FF              100
        BANK8            000800-0008FF              100
        BANK9            000900-0009FF              100
        BIGRAM           00055E-00055F                2
                         0005F9-0005FF                7
                         000650-0024FF             1EB0
        BIGSFR           000000-0004FF              500
                         002500-0025FF              100
        CODE             000004-000007                4
                         00001E-0025FF             25E2
                         005EAC-01FFFF            1A154
        COMRAM           00055E-00055F                2
        CONFIG           30000A-300011                8
        CONST            000004-000007                4
                         00001E-0025FF             25E2
                         005EAC-01FFFF            1A154
        EEDATA           380000-3803FF              400
        MEDIUMCONST      005EAC-00FFFF             A154
                         012600-01FFFF             DA00
        RAM              0005F9-0005FF                7
                         000650-0024FF              100
        SFR              000000-0004FF              100
                         002500-0025FF              100
        SMALLCONST       005EAC-01FFFF              100

                                  Symbol Table

?_ADCC_GetSingleConversion                    cstackCOMRAM 000503
?_DHT11_Join_Data                             cstackCOMRAM 000509
?_DHT11_Read_Byte                             cstackCOMRAM 000503
?___aodiv                                     cstackCOMRAM 000503
?___aomod                                     cstackCOMRAM 000503
?___fladd                                     cstackCOMRAM 000503
?___fldiv                                     cstackCOMRAM 00051D
?___flmul                                     cstackCOMRAM 00051D
?___flneg                                     cstackCOMRAM 000503
?___flsub                                     cstackCOMRAM 000536
?___fltol                                     cstackCOMRAM 000503
?___fpclassifyf                               cstackCOMRAM 000503
?___wmul                                      cstackCOMRAM 000503
?___xxtofl                                    cstackCOMRAM 00050F
?_abs                                         cstackCOMRAM 000515
?_atoi                                        cstackCOMRAM 000509
?_floorf                                      cstackCOMRAM 000536
?_getDistancia                                cstackCOMRAM 000503
?_get_DHT                                     cstackCOMRAM 000503
?_isdigit                                     cstackCOMRAM 000503
?_isspace                                     cstackCOMRAM 000503
?_labs                                        cstackCOMRAM 000503
?_printf                                      cstackBANK5  0005A1
?_vfprintf                                    cstackBANK5  000599
ADCC_GetSingleConversion@channel              cstackCOMRAM 000507
DHT11_Join_Data@h                             cstackCOMRAM 000509
DHT11_Join_Data@l                             cstackCOMRAM 00050B
DHT11_Join_Data@pow                           cstackCOMRAM 00050D
DHT11_Read_Byte@data                          cstackCOMRAM 000509
DHT11_Read_Byte@i                             cstackCOMRAM 000507
DHT11_Read_Data@hum                           cstackCOMRAM 000538
DHT11_Read_Data@info                          cstackCOMRAM 00053A
DHT11_Read_Data@tem                           cstackCOMRAM 000536
IVTBASEH                                      (abs)        00045E
IVTBASEL                                      (abs)        00045D
IVTBASEU                                      (abs)        00045F
TMR0_SetInterruptHandler@InterruptHandler     cstackCOMRAM 000503
UART1_SetErrorHandler@interruptHandler        cstackCOMRAM 000503
UART1_SetFramingErrorHandler@interruptHandler cstackCOMRAM 000503
UART1_SetOverrunErrorHandler@interruptHandler cstackCOMRAM 000503
UART1_Write@txData                            cstackCOMRAM 000503
_ACTCON                                       (abs)        0000AC
_ADACCH                                       (abs)        0003E4
_ADACCL                                       (abs)        0003E3
_ADACCU                                       (abs)        0003E5
_ADACQH                                       (abs)        0003EF
_ADACQL                                       (abs)        0003EE
_ADACT                                        (abs)        0003F9
_ADCAP                                        (abs)        0003F0
_ADCC_GetSingleConversion                     text51       005CC6
_ADCC_Initialize                              text42       0058F0
_ADCLK                                        (abs)        0003FA
_ADCNT                                        (abs)        0003E6
_ADCON0                                       (abs)        0003F3
_ADCON0bits                                   (abs)        0003F3
_ADCON1                                       (abs)        0003F4
_ADCON1bits                                   (abs)        0003F4
_ADCON2                                       (abs)        0003F5
_ADCON2bits                                   (abs)        0003F5
_ADCON3                                       (abs)        0003F6
_ADCON3bits                                   (abs)        0003F6
_ADERRH                                       (abs)        0003DE
_ADERRL                                       (abs)        0003DD
_ADFLTRH                                      (abs)        0003E2
_ADFLTRL                                      (abs)        0003E1
_ADLTHH                                       (abs)        0003DA
_ADLTHL                                       (abs)        0003D9
_ADPCH                                        (abs)        0003EC
_ADPREH                                       (abs)        0003F2
_ADPREL                                       (abs)        0003F1
_ADPREVH                                      (abs)        0003E9
_ADPREVL                                      (abs)        0003E8
_ADREF                                        (abs)        0003F8
_ADRESH                                       (abs)        0003EB
_ADRESL                                       (abs)        0003EA
_ADRPT                                        (abs)        0003E7
_ADSTAT                                       (abs)        0003F7
_ADSTATbits                                   (abs)        0003F7
_ADSTPTH                                      (abs)        0003E0
_ADSTPTL                                      (abs)        0003DF
_ADUTHH                                       (abs)        0003DC
_ADUTHL                                       (abs)        0003DB
_ANSELA                                       (abs)        000400
_ANSELB                                       (abs)        000408
_ANSELC                                       (abs)        000410
_ANSELD                                       (abs)        000418
_ANSELE                                       (abs)        000420
_ANSELF                                       (abs)        000428
_DHT11_Join_Data                              text49       005890
_DHT11_Read_Byte                              text48       005726
_DHT11_Read_Data                              text43       005076
_DHT11_Response                               text47       005D22
_DHT11_Start                                  text46       005DA0
_INLVLA                                       (abs)        000404
_INLVLB                                       (abs)        00040C
_INLVLC                                       (abs)        000414
_INLVLD                                       (abs)        00041C
_INLVLE                                       (abs)        000424
_INLVLF                                       (abs)        00042C
_INTCON0bits                                  (abs)        0004D6
_INTERRUPT_Initialize                         text41       005EA4
_INTERRUPT_InterruptManager                   text52       005C32
_LATA                                         (abs)        0004BE
_LATB                                         (abs)        0004BF
_LATC                                         (abs)        0004C0
_LATD                                         (abs)        0004C1
_LATDbits                                     (abs)        0004C1
_LATE                                         (abs)        0004C2
_LATEbits                                     (abs)        0004C2
_LATF                                         (abs)        0004C3
_ODCONA                                       (abs)        000402
_ODCONB                                       (abs)        00040A
_ODCONC                                       (abs)        000412
_ODCOND                                       (abs)        00041A
_ODCONE                                       (abs)        000422
_ODCONF                                       (abs)        00042A
_OSCCON1                                      (abs)        0000AD
_OSCCON3                                      (abs)        0000AF
_OSCEN                                        (abs)        0000B3
_OSCFRQ                                       (abs)        0000B1
_OSCILLATOR_Initialize                        text40       005E30
_OSCTUNE                                      (abs)        0000B0
_PIE3bits                                     (abs)        0004A1
_PIN_MANAGER_Initialize                       text39       005488
_PIR3bits                                     (abs)        0004B1
_PIR4bits                                     (abs)        0004B2
_PMD0                                         (abs)        000060
_PMD1                                         (abs)        000061
_PMD3                                         (abs)        000063
_PMD4                                         (abs)        000064
_PMD5                                         (abs)        000065
_PMD6                                         (abs)        000066
_PMD7                                         (abs)        000067
_PMD8                                         (abs)        000068
_PMD_Initialize                               text38       005DEE
_PORTAbits                                    (abs)        0004CE
_PORTBbits                                    (abs)        0004CF
_PORTCbits                                    (abs)        0004D0
_PORTDbits                                    (abs)        0004D1
_PORTEbits                                    (abs)        0004D2
_PORTFbits                                    (abs)        0004D3
_RB1I2C                                       (abs)        000289
_RB2I2C                                       (abs)        000288
_RC3I2C                                       (abs)        000287
_RC4I2C                                       (abs)        000286
_RF0PPS                                       (abs)        000229
_SLRCONA                                      (abs)        000403
_SLRCONB                                      (abs)        00040B
_SLRCONC                                      (abs)        000413
_SLRCOND                                      (abs)        00041B
_SLRCONE                                      (abs)        000423
_SLRCONF                                      (abs)        00042B
_SYSTEM_Initialize                            text31       005E12
_T0CON0                                       (abs)        00031A
_T0CON0bits                                   (abs)        00031A
_T0CON1                                       (abs)        00031B
_TMR0H                                        (abs)        000319
_TMR0L                                        (abs)        000318
_TMR0_CallBack                                text54       005C64
_TMR0_DefaultInterruptHandler                 text55       005EAA
_TMR0_ISR                                     text53       005BCA
_TMR0_Initialize                              text36       005D4E
_TMR0_InterruptHandler                        nvBANK5      0005ED
_TMR0_SetInterruptHandler                     text37       005E8C
_TRISA                                        (abs)        0004C6
_TRISB                                        (abs)        0004C7
_TRISC                                        (abs)        0004C8
_TRISD                                        (abs)        0004C9
_TRISE                                        (abs)        0004CA
_TRISEbits                                    (abs)        0004CA
_TRISF                                        (abs)        0004CB
_U1BRGH                                       (abs)        0002AF
_U1BRGL                                       (abs)        0002AE
_U1CON0                                       (abs)        0002AB
_U1CON0bits                                   (abs)        0002AB
_U1CON1                                       (abs)        0002AC
_U1CON2                                       (abs)        0002AD
_U1ERRIE                                      (abs)        0002B3
_U1ERRIR                                      (abs)        0002B2
_U1ERRIRbits                                  (abs)        0002B2
_U1FIFO                                       (abs)        0002B0
_U1P1H                                        (abs)        0002A6
_U1P1L                                        (abs)        0002A5
_U1P2H                                        (abs)        0002A8
_U1P2L                                        (abs)        0002A7
_U1P3H                                        (abs)        0002AA
_U1P3L                                        (abs)        0002A9
_U1RXB                                        (abs)        0002A1
_U1RXPPS                                      (abs)        000272
_U1TXB                                        (abs)        0002A3
_U1UIR                                        (abs)        0002B1
_UART1_DefaultErrorHandler                    (abs)        000000
_UART1_DefaultFramingErrorHandler             (abs)        000000
_UART1_DefaultOverrunErrorHandler             (abs)        000000
_UART1_ErrorHandler                           nvBANK5      0005F0
_UART1_FramingErrorHandler                    nvBANK5      0005F6
_UART1_Initialize                             text32       0057B6
_UART1_OverrunErrorHandler                    nvBANK5      0005F3
_UART1_SetErrorHandler                        text35       005E7E
_UART1_SetFramingErrorHandler                 text34       005E70
_UART1_SetOverrunErrorHandler                 text33       005E62
_UART1_Write                                  text22       005E4C
_WPUA                                         (abs)        000401
_WPUB                                         (abs)        000409
_WPUC                                         (abs)        000411
_WPUD                                         (abs)        000419
_WPUE                                         (abs)        000421
_WPUF                                         (abs)        000429
__HRAM                                        (abs)        000000
__Habs1                                       abs1         000000
__Hbank10                                     bank10       000000
__Hbank11                                     bank11       000000
__Hbank12                                     bank12       000000
__Hbank13                                     bank13       000000
__Hbank14                                     bank14       000000
__Hbank15                                     bank15       000000
__Hbank16                                     bank16       000000
__Hbank17                                     bank17       000000
__Hbank18                                     bank18       000000
__Hbank19                                     bank19       000000
__Hbank20                                     bank20       000000
__Hbank21                                     bank21       000000
__Hbank22                                     bank22       000000
__Hbank23                                     bank23       000000
__Hbank24                                     bank24       000000
__Hbank25                                     bank25       000000
__Hbank26                                     bank26       000000
__Hbank27                                     bank27       000000
__Hbank28                                     bank28       000000
__Hbank29                                     bank29       000000
__Hbank30                                     bank30       000000
__Hbank31                                     bank31       000000
__Hbank32                                     bank32       000000
__Hbank33                                     bank33       000000
__Hbank34                                     bank34       000000
__Hbank35                                     bank35       000000
__Hbank36                                     bank36       000000
__Hbank5                                      bank5        000000
__Hbank6                                      bank6        000000
__Hbank7                                      bank7        000000
__Hbank8                                      bank8        000000
__Hbank9                                      bank9        000000
__Hbigbss                                     bigbss       000000
__Hbigdata                                    bigdata      000000
__Hbigram                                     bigram       000000
__Hbigsfr                                     bigsfr       000000
__Hbss                                        bss          000000
__HbssBANK5                                   bssBANK5     000000
__HbssBANK6                                   bssBANK6     000000
__HbssCOMRAM                                  bssCOMRAM    000000
__Hcinit                                      cinit        000000
__Hclrtext                                    clrtext      000000
__Hcomram                                     comram       000000
__Hconfig                                     config       30000A
__Hconst                                      const        000000
__HcstackBANK5                                cstackBANK5  000000
__HcstackCOMRAM                               cstackCOMRAM 000000
__Hdata                                       data         000000
__Heeprom_data                                eeprom_data  000000
__Hfarbss                                     farbss       000000
__Hfardata                                    fardata      000000
__Hheap                                       heap         000000
__Hibigdata                                   ibigdata     000000
__Hidata                                      idata        000000
__Hidloc                                      idloc        200040
__Hifardata                                   ifardata     000000
__Hinit                                       init         00001E
__Hintsave_regs                               intsave_regs 000000
__Hirdata                                     irdata       000000
__Hivt0x8                                     ivt0x8       00001A
__Hmediumconst                                mediumconst  000000
__HnvBANK5                                    nvBANK5      000000
__HnvFARRAM                                   nvFARRAM     000000
__Hnvbit                                      nvbit        000000
__Hnvrram                                     nvrram       000000
__Hparam                                      rparam       000000
__Hpowerup                                    powerup      000000
__Hram                                        ram          000000
__Hramtop                                     ramtop       002600
__Hrbit                                       rbit         000000
__Hrbss                                       rbss         000000
__Hrdata                                      rdata        000000
__Hreset_vec                                  reset_vec    000004
__Hrparam                                     rparam       000000
__Hsfr                                        sfr          000000
__Hsmallconst                                 smallconst   002636
__Hspace_0                                    (abs)        005EAC
__Hspace_1                                    (abs)        000650
__Hspace_2                                    (abs)        000000
__Hspace_4                                    (abs)        60000A
__Hstack                                      stack        000000
__Hstruct                                     struct       000000
__Htemp                                       temp         000000
__Htext                                       text         000000
__Htext0                                      text0        000000
__Htext1                                      text1        000000
__Htext10                                     text10       000000
__Htext11                                     text11       000000
__Htext12                                     text12       000000
__Htext13                                     text13       000000
__Htext14                                     text14       000000
__Htext15                                     text15       000000
__Htext16                                     text16       000000
__Htext17                                     text17       000000
__Htext18                                     text18       000000
__Htext19                                     text19       000000
__Htext2                                      text2        000000
__Htext20                                     text20       000000
__Htext21                                     text21       000000
__Htext22                                     text22       000000
__Htext23                                     text23       000000
__Htext24                                     text24       000000
__Htext25                                     text25       000000
__Htext26                                     text26       000000
__Htext27                                     text27       000000
__Htext28                                     text28       000000
__Htext29                                     text29       000000
__Htext3                                      text3        000000
__Htext30                                     text30       000000
__Htext31                                     text31       000000
__Htext32                                     text32       000000
__Htext33                                     text33       000000
__Htext34                                     text34       000000
__Htext35                                     text35       000000
__Htext36                                     text36       000000
__Htext37                                     text37       000000
__Htext38                                     text38       000000
__Htext39                                     text39       000000
__Htext4                                      text4        000000
__Htext40                                     text40       000000
__Htext41                                     text41       000000
__Htext42                                     text42       000000
__Htext43                                     text43       000000
__Htext44                                     text44       000000
__Htext45                                     text45       000000
__Htext46                                     text46       000000
__Htext47                                     text47       000000
__Htext48                                     text48       000000
__Htext49                                     text49       000000
__Htext5                                      text5        000000
__Htext50                                     text50       000000
__Htext51                                     text51       000000
__Htext52                                     text52       000000
__Htext53                                     text53       000000
__Htext54                                     text54       000000
__Htext55                                     text55       000000
__Htext56                                     text56       000000
__Htext6                                      text6        000000
__Htext7                                      text7        000000
__Htext8                                      text8        000000
__Htext9                                      text9        000000
__LRAM                                        (abs)        000001
__Labs1                                       abs1         000000
__Lbank10                                     bank10       000000
__Lbank11                                     bank11       000000
__Lbank12                                     bank12       000000
__Lbank13                                     bank13       000000
__Lbank14                                     bank14       000000
__Lbank15                                     bank15       000000
__Lbank16                                     bank16       000000
__Lbank17                                     bank17       000000
__Lbank18                                     bank18       000000
__Lbank19                                     bank19       000000
__Lbank20                                     bank20       000000
__Lbank21                                     bank21       000000
__Lbank22                                     bank22       000000
__Lbank23                                     bank23       000000
__Lbank24                                     bank24       000000
__Lbank25                                     bank25       000000
__Lbank26                                     bank26       000000
__Lbank27                                     bank27       000000
__Lbank28                                     bank28       000000
__Lbank29                                     bank29       000000
__Lbank30                                     bank30       000000
__Lbank31                                     bank31       000000
__Lbank32                                     bank32       000000
__Lbank33                                     bank33       000000
__Lbank34                                     bank34       000000
__Lbank35                                     bank35       000000
__Lbank36                                     bank36       000000
__Lbank5                                      bank5        000000
__Lbank6                                      bank6        000000
__Lbank7                                      bank7        000000
__Lbank8                                      bank8        000000
__Lbank9                                      bank9        000000
__Lbigbss                                     bigbss       000000
__Lbigdata                                    bigdata      000000
__Lbigram                                     bigram       000000
__Lbigsfr                                     bigsfr       000000
__Lbss                                        bss          000000
__LbssBANK5                                   bssBANK5     000000
__LbssBANK6                                   bssBANK6     000000
__LbssCOMRAM                                  bssCOMRAM    000000
__Lcinit                                      cinit        000000
__Lclrtext                                    clrtext      000000
__Lcomram                                     comram       000000
__Lconfig                                     config       000000
__Lconst                                      const        000000
__LcstackBANK5                                cstackBANK5  000000
__LcstackCOMRAM                               cstackCOMRAM 000000
__Ldata                                       data         000000
__Leeprom_data                                eeprom_data  000000
__Lfarbss                                     farbss       000000
__Lfardata                                    fardata      000000
__Lheap                                       heap         000000
__Libigdata                                   ibigdata     000000
__Lidata                                      idata        000000
__Lidloc                                      idloc        000000
__Lifardata                                   ifardata     000000
__Linit                                       init         00001A
__Lintsave_regs                               intsave_regs 000000
__Lirdata                                     irdata       000000
__Livt0x8                                     ivt0x8       000008
__Lmediumconst                                mediumconst  000000
__LnvBANK5                                    nvBANK5      000000
__LnvFARRAM                                   nvFARRAM     000000
__Lnvbit                                      nvbit        000000
__Lnvrram                                     nvrram       000000
__Lparam                                      rparam       000000
__Lpowerup                                    powerup      000000
__Lram                                        ram          000000
__Lramtop                                     ramtop       002600
__Lrbit                                       rbit         000000
__Lrbss                                       rbss         000000
__Lrdata                                      rdata        000000
__Lreset_vec                                  reset_vec    000000
__Lrparam                                     rparam       000000
__Lsfr                                        sfr          000000
__Lsmallconst                                 smallconst   002600
__Lspace_0                                    (abs)        000000
__Lspace_1                                    (abs)        000000
__Lspace_2                                    (abs)        000000
__Lspace_4                                    (abs)        000000
__Lstack                                      stack        000000
__Lstruct                                     struct       000000
__Ltemp                                       temp         000000
__Ltext                                       text         000000
__Ltext0                                      text0        000000
__Ltext1                                      text1        000000
__Ltext10                                     text10       000000
__Ltext11                                     text11       000000
__Ltext12                                     text12       000000
__Ltext13                                     text13       000000
__Ltext14                                     text14       000000
__Ltext15                                     text15       000000
__Ltext16                                     text16       000000
__Ltext17                                     text17       000000
__Ltext18                                     text18       000000
__Ltext19                                     text19       000000
__Ltext2                                      text2        000000
__Ltext20                                     text20       000000
__Ltext21                                     text21       000000
__Ltext22                                     text22       000000
__Ltext23                                     text23       000000
__Ltext24                                     text24       000000
__Ltext25                                     text25       000000
__Ltext26                                     text26       000000
__Ltext27                                     text27       000000
__Ltext28                                     text28       000000
__Ltext29                                     text29       000000
__Ltext3                                      text3        000000
__Ltext30                                     text30       000000
__Ltext31                                     text31       000000
__Ltext32                                     text32       000000
__Ltext33                                     text33       000000
__Ltext34                                     text34       000000
__Ltext35                                     text35       000000
__Ltext36                                     text36       000000
__Ltext37                                     text37       000000
__Ltext38                                     text38       000000
__Ltext39                                     text39       000000
__Ltext4                                      text4        000000
__Ltext40                                     text40       000000
__Ltext41                                     text41       000000
__Ltext42                                     text42       000000
__Ltext43                                     text43       000000
__Ltext44                                     text44       000000
__Ltext45                                     text45       000000
__Ltext46                                     text46       000000
__Ltext47                                     text47       000000
__Ltext48                                     text48       000000
__Ltext49                                     text49       000000
__Ltext5                                      text5        000000
__Ltext50                                     text50       000000
__Ltext51                                     text51       000000
__Ltext52                                     text52       000000
__Ltext53                                     text53       000000
__Ltext54                                     text54       000000
__Ltext55                                     text55       000000
__Ltext56                                     text56       000000
__Ltext6                                      text6        000000
__Ltext7                                      text7        000000
__Ltext8                                      text8        000000
__Ltext9                                      text9        000000
__S0                                          (abs)        005EAC
__S1                                          (abs)        000650
__S4                                          (abs)        000000
__S5                                          (abs)        000000
___aodiv                                      text25       004C2C
___aodiv@counter                              cstackCOMRAM 000513
___aodiv@dividend                             cstackCOMRAM 000503
___aodiv@divisor                              cstackCOMRAM 00050B
___aodiv@quotient                             cstackCOMRAM 000515
___aodiv@sign                                 cstackCOMRAM 000514
___aomod                                      text24       004DB4
___aomod@counter                              cstackCOMRAM 000513
___aomod@dividend                             cstackCOMRAM 000503
___aomod@divisor                              cstackCOMRAM 00050B
___aomod@sign                                 cstackCOMRAM 000514
___fladd                                      text12       003630
___fladd@a                                    cstackCOMRAM 000507
___fladd@aexp                                 cstackCOMRAM 000510
___fladd@b                                    cstackCOMRAM 000503
___fladd@bexp                                 cstackCOMRAM 000511
___fladd@grs                                  cstackCOMRAM 000512
___fladd@signs                                cstackCOMRAM 00050F
___fldiv                                      text45       003F1A
___fldiv@a                                    cstackCOMRAM 000521
___fldiv@aexp                                 cstackCOMRAM 000535
___fldiv@b                                    cstackCOMRAM 00051D
___fldiv@bexp                                 cstackCOMRAM 000534
___fldiv@grs                                  cstackCOMRAM 000530
___fldiv@new_exp                              cstackCOMRAM 00052E
___fldiv@rem                                  cstackCOMRAM 000529
___fldiv@sign                                 cstackCOMRAM 00052D
___fleq                                       text16       00553C
___fleq@ff1                                   cstackCOMRAM 000503
___fleq@ff2                                   cstackCOMRAM 000507
___flge                                       text15       005286
___flge@ff1                                   cstackCOMRAM 000536
___flge@ff2                                   cstackCOMRAM 00053A
___flmul                                      text14       003AF0
___flmul@a                                    cstackCOMRAM 000521
___flmul@aexp                                 cstackCOMRAM 00052A
___flmul@b                                    cstackCOMRAM 00051D
___flmul@bexp                                 cstackCOMRAM 00052F
___flmul@grs                                  cstackCOMRAM 00052B
___flmul@prod                                 cstackCOMRAM 000530
___flmul@sign                                 cstackCOMRAM 000529
___flmul@temp                                 cstackCOMRAM 000534
___flneg                                      text13       005B92
___flneg@f1                                   cstackCOMRAM 000503
___flsub                                      text11       005A3E
___flsub@a                                    cstackCOMRAM 00053A
___flsub@b                                    cstackCOMRAM 000536
___fltol                                      text10       005180
___fltol@exp1                                 cstackCOMRAM 00050C
___fltol@f1                                   cstackCOMRAM 000503
___fltol@sign1                                cstackCOMRAM 00050B
___fpclassifyf                                text9        00538A
___fpclassifyf@F465                           bssBANK5     0005C5
___fpclassifyf@e                              cstackCOMRAM 00050B
___fpclassifyf@u                              cstackCOMRAM 00050D
___fpclassifyf@x                              cstackCOMRAM 000503
___heap_hi                                    (abs)        000000
___heap_lo                                    (abs)        000000
___inthi_sp                                   stack        000000
___intlo_sp                                   stack        000000
___param_bank                                 (abs)        000000
___rparam_used                                (abs)        000001
___sp                                         stack        000000
___wmul                                       text50       005DC8
___wmul@multiplicand                          cstackCOMRAM 000505
___wmul@multiplier                            cstackCOMRAM 000503
___wmul@product                               cstackCOMRAM 000507
___xxtofl                                     text44       004A78
___xxtofl@arg                                 cstackCOMRAM 000519
___xxtofl@exp                                 cstackCOMRAM 000518
___xxtofl@sign                                cstackCOMRAM 000517
___xxtofl@val                                 cstackCOMRAM 00050F
__accesstop                                   (abs)        000560
__activetblptr                                (abs)        000003
__end_of_ADCC_GetSingleConversion             text51       005CF6
__end_of_ADCC_Initialize                      text42       00594C
__end_of_DHT11_Join_Data                      text49       0058F0
__end_of_DHT11_Read_Byte                      text48       0057B6
__end_of_DHT11_Read_Data                      text43       005180
__end_of_DHT11_Response                       text47       005D4E
__end_of_DHT11_Start                          text46       005DC8
__end_of_INTERRUPT_Initialize                 text41       005EAA
__end_of_INTERRUPT_InterruptManager           text52       005C64
__end_of_OSCILLATOR_Initialize                text40       005E4C
__end_of_PIN_MANAGER_Initialize               text39       00553C
__end_of_PMD_Initialize                       text38       005E12
__end_of_SYSTEM_Initialize                    text31       005E30
__end_of_TMR0_CallBack                        text54       005C96
__end_of_TMR0_DefaultInterruptHandler         text55       005EAC
__end_of_TMR0_ISR                             text53       005C00
__end_of_TMR0_Initialize                      text36       005D78
__end_of_TMR0_SetInterruptHandler             text37       005E9A
__end_of_UART1_Initialize                     text32       00582A
__end_of_UART1_SetErrorHandler                text35       005E8C
__end_of_UART1_SetFramingErrorHandler         text34       005E7E
__end_of_UART1_SetOverrunErrorHandler         text33       005E70
__end_of_UART1_Write                          text22       005E62
__end_of___aodiv                              text25       004DB4
__end_of___aomod                              text24       004F18
__end_of___fladd                              text12       003AF0
__end_of___fldiv                              text45       0042B4
__end_of___fleq                               text16       0055E6
__end_of___flge                               text15       00538A
__end_of___flmul                              text14       003F1A
__end_of___flneg                              text13       005BCA
__end_of___flsub                              text11       005A84
__end_of___fltol                              text10       005286
__end_of___fpclassifyf                        text9        005488
__end_of___wmul                               text50       005DEE
__end_of___xxtofl                             text44       004C2C
__end_of__initialization                      cinit        005CC0
__end_of_abs                                  text23       005B92
__end_of_atoi                                 text26       005076
__end_of_dtoa                                 text17       004866
__end_of_efgtoa                               text4        0030C0
__end_of_floorf                               text8        004A78
__end_of_fputc                                text20       005726
__end_of_fputs                                text19       005B52
__end_of_getDistancia                         text30       005A3E
__end_of_get_DHT                              text29       005C32
__end_of_isdigit                              text28       005D22
__end_of_isspace                              text27       005ACA
__end_of_labs                                 text7        005890
__end_of_main                                 text0        0045B0
__end_of_memcpy                               text6        0059F0
__end_of_pad                                  text18       005690
__end_of_printf                               text1        005DA0
__end_of_putch                                text21       005EA4
__end_of_strcpy                               text5        005B0E
__end_of_vfpfcnvrt                            text3        003630
__end_of_vfprintf                             text2        0059A0
__initialization                              cinit        005C96
__mediumconst                                 mediumconst  000000
__pbssBANK5                                   bssBANK5     0005C1
__pbssBANK6                                   bssBANK6     000600
__pbssCOMRAM                                  bssCOMRAM    00055C
__pcinit                                      cinit        005C96
__pcstackBANK5                                cstackBANK5  000560
__pcstackCOMRAM                               cstackCOMRAM 000501
__pivt0x8                                     ivt0x8       000008
__pnvBANK5                                    nvBANK5      0005ED
__psmallconst                                 smallconst   002600
__ptext0                                      text0        0042B4
__ptext1                                      text1        005D78
__ptext10                                     text10       005180
__ptext11                                     text11       005A3E
__ptext12                                     text12       003630
__ptext13                                     text13       005B92
__ptext14                                     text14       003AF0
__ptext15                                     text15       005286
__ptext16                                     text16       00553C
__ptext17                                     text17       0045B0
__ptext18                                     text18       0055E6
__ptext19                                     text19       005B0E
__ptext2                                      text2        00594C
__ptext20                                     text20       005690
__ptext21                                     text21       005E9A
__ptext22                                     text22       005E4C
__ptext23                                     text23       005B52
__ptext24                                     text24       004DB4
__ptext25                                     text25       004C2C
__ptext26                                     text26       004F18
__ptext27                                     text27       005A84
__ptext28                                     text28       005CF6
__ptext29                                     text29       005C00
__ptext3                                      text3        0030C0
__ptext30                                     text30       0059F0
__ptext31                                     text31       005E12
__ptext32                                     text32       0057B6
__ptext33                                     text33       005E62
__ptext34                                     text34       005E70
__ptext35                                     text35       005E7E
__ptext36                                     text36       005D4E
__ptext37                                     text37       005E8C
__ptext38                                     text38       005DEE
__ptext39                                     text39       005488
__ptext4                                      text4        002636
__ptext40                                     text40       005E30
__ptext41                                     text41       005EA4
__ptext42                                     text42       0058F0
__ptext43                                     text43       005076
__ptext44                                     text44       004A78
__ptext45                                     text45       003F1A
__ptext46                                     text46       005DA0
__ptext47                                     text47       005D22
__ptext48                                     text48       005726
__ptext49                                     text49       005890
__ptext5                                      text5        005ACA
__ptext50                                     text50       005DC8
__ptext51                                     text51       005CC6
__ptext52                                     text52       005C32
__ptext53                                     text53       005BCA
__ptext54                                     text54       005C64
__ptext55                                     text55       005EAA
__ptext56                                     text56       000000
__ptext6                                      text6        0059A0
__ptext7                                      text7        00582A
__ptext8                                      text8        004866
__ptext9                                      text9        00538A
__ramtop                                      ramtop       002600
__smallconst                                  smallconst   002600
_abs                                          text23       005B52
_adc_conv                                     bssBANK5     0005C9
_atoi                                         text26       004F18
_cont                                         bssBANK5     0005E3
_dbuf                                         bssBANK6     000600
_distancia                                    bssBANK5     0005D1
_dtoa                                         text17       0045B0
_dtoa$1803                                    cstackCOMRAM 000532
_efgtoa                                       text4        002636
_efgtoa$1834                                  cstackBANK5  000566
_flag                                         bssBANK5     0005E1
_flags                                        bssCOMRAM    00055C
_floorf                                       text8        004866
_fputc                                        text20       005690
_fputs                                        text19       005B0E
_getDistancia                                 text30       0059F0
_get_DHT                                      text29       005C00
_hume                                         bssBANK5     0005E5
_isdigit                                      text28       005CF6
_isspace                                      text27       005A84
_isspace$1914                                 cstackCOMRAM 000507
_labs                                         text7        00582A
_leda                                         bssBANK5     0005DD
_ledb                                         bssBANK5     0005DB
_ledc                                         bssBANK5     0005D9
_m_der                                        bssBANK5     0005D7
_m_izq                                        bssBANK5     0005D5
_m_stop                                       bssBANK5     0005D3
_main                                         text0        0042B4
_memcpy                                       text6        0059A0
_ok_dht                                       bssBANK5     0005DF
_pad                                          text18       0055E6
_prec                                         bssBANK5     0005CF
_printf                                       text1        005D78
_putch                                        text21       005E9A
_strcpy                                       text5        005ACA
_temp                                         bssBANK5     0005E9
_uart1RxLastError                             bssCOMRAM    00055D
_vfpfcnvrt                                    text3        0030C0
_vfprintf                                     text2        00594C
_width                                        bssBANK5     0005CD
abs@a                                         cstackCOMRAM 000515
atoi@n                                        cstackCOMRAM 000510
atoi@neg                                      cstackCOMRAM 00050E
atoi@s                                        cstackCOMRAM 000509
dtoa@d                                        cstackCOMRAM 000522
dtoa@fp                                       cstackCOMRAM 000520
dtoa@i                                        cstackCOMRAM 000541
dtoa@n                                        cstackCOMRAM 000538
dtoa@p                                        cstackCOMRAM 000534
dtoa@s                                        cstackCOMRAM 000540
dtoa@w                                        cstackCOMRAM 000536
efgtoa@c                                      cstackCOMRAM 000550
efgtoa@d                                      cstackBANK5  00056B
efgtoa@e                                      cstackBANK5  00056F
efgtoa@f                                      cstackCOMRAM 00054C
efgtoa@fp                                     cstackCOMRAM 00054A
efgtoa@g                                      cstackBANK5  000582
efgtoa@h                                      cstackBANK5  000577
efgtoa@i                                      cstackBANK5  00057F
efgtoa@l                                      cstackBANK5  00057B
efgtoa@m                                      cstackBANK5  00056D
efgtoa@mode                                   cstackBANK5  000569
efgtoa@n                                      cstackBANK5  000586
efgtoa@ne                                     cstackBANK5  000560
efgtoa@nmode                                  cstackBANK5  00056A
efgtoa@ou                                     cstackBANK5  000571
efgtoa@p                                      cstackBANK5  000562
efgtoa@pp                                     cstackBANK5  000568
efgtoa@sign                                   cstackBANK5  000581
efgtoa@t                                      cstackBANK5  000564
efgtoa@u                                      cstackBANK5  000588
efgtoa@w                                      cstackBANK5  000575
end_of_initialization                         cinit        005CC0
floorf@F526                                   bssBANK5     0005C1
floorf@e                                      cstackCOMRAM 000544
floorf@m                                      cstackCOMRAM 000540
floorf@u                                      cstackCOMRAM 000546
floorf@x                                      cstackCOMRAM 000536
fputc@c                                       cstackCOMRAM 000505
fputc@fp                                      cstackCOMRAM 000507
fputs@c                                       cstackCOMRAM 000512
fputs@fp                                      cstackCOMRAM 000510
fputs@i                                       cstackCOMRAM 000513
fputs@s                                       cstackCOMRAM 00050E
getDistancia@contador                         cstackCOMRAM 000505
intlevel0                                     text         000000
intlevel1                                     text         000000
intlevel2                                     text         000000
intlevel3                                     text         000000
isa$std                                       (abs)        000001
isa$xinst                                     (abs)        000000
isdigit@c                                     cstackCOMRAM 000503
isspace@c                                     cstackCOMRAM 000503
ivt0x8_base                                   ivt0x8       000008
labs@a                                        cstackCOMRAM 000503
memcpy@d                                      cstackCOMRAM 00050A
memcpy@d1                                     cstackCOMRAM 000503
memcpy@n                                      cstackCOMRAM 000507
memcpy@s                                      cstackCOMRAM 00050C
memcpy@s1                                     cstackCOMRAM 000505
memcpy@tmp                                    cstackCOMRAM 000509
pad@buf                                       cstackCOMRAM 000517
pad@fp                                        cstackCOMRAM 000515
pad@i                                         cstackCOMRAM 00051C
pad@p                                         cstackCOMRAM 000519
pad@w                                         cstackCOMRAM 00051E
printf@ap                                     cstackBANK5  0005BD
printf@fmt                                    cstackBANK5  0005A1
putch@txData                                  cstackCOMRAM 000504
stackhi                                       (abs)        000000
stacklo                                       (abs)        000000
start                                         init         00001A
start_initialization                          cinit        005C96
strcpy@d                                      cstackCOMRAM 000509
strcpy@dest                                   cstackCOMRAM 000503
strcpy@s                                      cstackCOMRAM 000507
strcpy@src                                    cstackCOMRAM 000505
vfpfcnvrt@ap                                  cstackCOMRAM 000557
vfpfcnvrt@c                                   cstackBANK5  000596
vfpfcnvrt@convarg                             cstackBANK5  00058E
vfpfcnvrt@cp                                  cstackBANK5  000597
vfpfcnvrt@done                                cstackBANK5  00058C
vfpfcnvrt@fmt                                 cstackCOMRAM 000555
vfpfcnvrt@fp                                  cstackCOMRAM 000553
vfprintf@ap                                   cstackBANK5  00059D
vfprintf@cfmt                                 cstackBANK5  00059F
vfprintf@fmt                                  cstackBANK5  00059B
vfprintf@fp                                   cstackBANK5  000599


MODULE INFORMATION

Module		Function		Class		Link	Load	Size
C:\Program Files\Microchip\xc8\v2.40\pic\sources\c99\common\sprcmul.c
		___flmul       		CODE           	3AF0	0000	1066

C:\Program Files\Microchip\xc8\v2.40\pic\sources\c99\common\sprcmul.c estimated size: 1066

C:\Program Files\Microchip\xc8\v2.40\pic\sources\c99\common\nf_fputc.c
		_fputc         		CODE           	5690	0000	150

C:\Program Files\Microchip\xc8\v2.40\pic\sources\c99\common\nf_fputc.c estimated size: 150

C:\Program Files\Microchip\xc8\v2.40\pic\sources\c99\common\sprcdiv.c
		___fldiv       		CODE           	3F1A	0000	922

C:\Program Files\Microchip\xc8\v2.40\pic\sources\c99\common\sprcdiv.c estimated size: 922

C:\Program Files\Microchip\xc8\v2.40\pic\sources\c99\common\memcpy.c
		_memcpy        		CODE           	59A0	0000	80

C:\Program Files\Microchip\xc8\v2.40\pic\sources\c99\common\memcpy.c estimated size: 80

C:\Program Files\Microchip\xc8\v2.40\pic\sources\c99\common\fltol.c
		___fltol       		CODE           	5180	0000	262

C:\Program Files\Microchip\xc8\v2.40\pic\sources\c99\common\fltol.c estimated size: 262

C:\Program Files\Microchip\xc8\v2.40\pic\sources\c99\common\isspace.c
		_isspace       		CODE           	5A84	0000	70

C:\Program Files\Microchip\xc8\v2.40\pic\sources\c99\common\isspace.c estimated size: 70

C:\Program Files\Microchip\xc8\v2.40\pic\sources\c99\common\atoi.c
		_atoi          		CODE           	4F18	0000	350

C:\Program Files\Microchip\xc8\v2.40\pic\sources\c99\common\atoi.c estimated size: 350

C:\Program Files\Microchip\xc8\v2.40\pic\sources\c99\common\Umul16.c
		___wmul        		CODE           	5DC8	0000	38

C:\Program Files\Microchip\xc8\v2.40\pic\sources\c99\common\Umul16.c estimated size: 38

C:\Program Files\Microchip\xc8\v2.40\pic\sources\c99\common\fleq.c
		___fleq        		CODE           	553C	0000	170

C:\Program Files\Microchip\xc8\v2.40\pic\sources\c99\common\fleq.c estimated size: 170

mcc_generated_files/interrupt_manager.c
		_INTERRUPT_Initialize		CODE           	5EA4	0000	6
		_INTERRUPT_InterruptManager		CODE           	5C32	0000	50

mcc_generated_files/interrupt_manager.c estimated size: 56

C:\Program Files\Microchip\xc8\v2.40\pic\sources\c99\common\abs.c
		_abs           		CODE           	5B52	0000	64

C:\Program Files\Microchip\xc8\v2.40\pic\sources\c99\common\abs.c estimated size: 64

mcc_generated_files/tmr0.c
		_TMR0_SetInterruptHandler		CODE           	5E8C	0000	14
		_TMR0_DefaultInterruptHandler		CODE           	5EAA	0000	2
		_TMR0_CallBack 		CODE           	5C64	0000	50
		_get_DHT       		CODE           	5C00	0000	50
		_TMR0_ISR      		CODE           	5BCA	0000	54
		_TMR0_Initialize		CODE           	5D4E	0000	42

mcc_generated_files/tmr0.c estimated size: 212

C:\Program Files\Microchip\xc8\v2.40\pic\sources\c99\common\printf.c
		_printf        		CODE           	5D78	0000	40

C:\Program Files\Microchip\xc8\v2.40\pic\sources\c99\common\printf.c estimated size: 40

C:\Program Files\Microchip\xc8\v2.40\pic\sources\c99\common\__fpclassifyf.c
		___fpclassifyf 		CODE           	538A	0000	254

C:\Program Files\Microchip\xc8\v2.40\pic\sources\c99\common\__fpclassifyf.c estimated size: 254

mcc_generated_files/pin_manager.c
		_PIN_MANAGER_Initialize		CODE           	5488	0000	180

mcc_generated_files/pin_manager.c estimated size: 180

C:\Program Files\Microchip\xc8\v2.40\pic\sources\c99\common\isdigit.c
		_isdigit       		CODE           	5CF6	0000	44

C:\Program Files\Microchip\xc8\v2.40\pic\sources\c99\common\isdigit.c estimated size: 44

C:\Program Files\Microchip\xc8\v2.40\pic\sources\c99\common\sprcadd.c
		___flsub       		CODE           	5A3E	0000	70
		___fladd       		CODE           	3630	0000	1216

C:\Program Files\Microchip\xc8\v2.40\pic\sources\c99\common\sprcadd.c estimated size: 1286

C:\Program Files\Microchip\xc8\v2.40\pic\sources\c99\common\floorf.c
		_floorf        		CODE           	4866	0000	530

C:\Program Files\Microchip\xc8\v2.40\pic\sources\c99\common\floorf.c estimated size: 530

C:\Program Files\Microchip\xc8\v2.40\pic\sources\c99\common\flneg.c
		___flneg       		CODE           	5B92	0000	56

C:\Program Files\Microchip\xc8\v2.40\pic\sources\c99\common\flneg.c estimated size: 56

C:\Program Files\Microchip\xc8\v2.40\pic\sources\c99\common\labs.c
		_labs          		CODE           	582A	0000	102

C:\Program Files\Microchip\xc8\v2.40\pic\sources\c99\common\labs.c estimated size: 102

C:\Program Files\Microchip\xc8\v2.40\pic\sources\c99\common\xxtofl.c
		___xxtofl      		CODE           	4A78	0000	436

C:\Program Files\Microchip\xc8\v2.40\pic\sources\c99\common\xxtofl.c estimated size: 436

mcc_generated_files/uart1.c
		_UART1_Write   		CODE           	5E4C	0000	22
		_putch         		CODE           	5E9A	0000	10
		_UART1_SetFramingErrorHandler		CODE           	5E70	0000	14
		_UART1_SetOverrunErrorHandler		CODE           	5E62	0000	14
		_UART1_Initialize		CODE           	57B6	0000	116
		_UART1_SetErrorHandler		CODE           	5E7E	0000	14

mcc_generated_files/uart1.c estimated size: 190

C:\Program Files\Microchip\xc8\v2.40\pic\sources\c99\common\nf_fputs.c
		_fputs         		CODE           	5B0E	0000	68

C:\Program Files\Microchip\xc8\v2.40\pic\sources\c99\common\nf_fputs.c estimated size: 68

C:\Program Files\Microchip\xc8\v2.40\pic\sources\c99\common\aomod.c
		___aomod       		CODE           	4DB4	0000	356

C:\Program Files\Microchip\xc8\v2.40\pic\sources\c99\common\aomod.c estimated size: 356

shared
		__initialization		CODE           	5C96	0000	42

shared estimated size: 42

C:\Program Files\Microchip\xc8\v2.40\pic\sources\c99\common\strcpy.c
		_strcpy        		CODE           	5ACA	0000	68

C:\Program Files\Microchip\xc8\v2.40\pic\sources\c99\common\strcpy.c estimated size: 68

mcc_generated_files/mcc.c
		_PMD_Initialize		CODE           	5DEE	0000	36
		_OSCILLATOR_Initialize		CODE           	5E30	0000	28
		_SYSTEM_Initialize		CODE           	5E12	0000	30

mcc_generated_files/mcc.c estimated size: 94

C:\Program Files\Microchip\xc8\v2.40\pic\sources\c99\common\flge.c
		___flge        		CODE           	5286	0000	260

C:\Program Files\Microchip\xc8\v2.40\pic\sources\c99\common\flge.c estimated size: 260

C:\Program Files\Microchip\xc8\v2.40\pic\sources\c99\common\doprnt.c
		_vfpfcnvrt     		CODE           	30C0	0000	1392
		_efgtoa        		CODE           	2636	0000	2698
		_pad           		CODE           	55E6	0000	170
		_dtoa          		CODE           	45B0	0000	694
		_vfprintf      		CODE           	594C	0000	84

C:\Program Files\Microchip\xc8\v2.40\pic\sources\c99\common\doprnt.c estimated size: 5038

dht11.c
		_DHT11_Read_Data		CODE           	5076	0000	266
		_DHT11_Read_Byte		CODE           	5726	0000	144
		_DHT11_Start   		CODE           	5DA0	0000	40
		_DHT11_Join_Data		CODE           	5890	0000	96
		_DHT11_Response		CODE           	5D22	0000	44

dht11.c estimated size: 590

mcc_generated_files/adcc.c
		_ADCC_GetSingleConversion		CODE           	5CC6	0000	48
		_ADCC_Initialize		CODE           	58F0	0000	92

mcc_generated_files/adcc.c estimated size: 140

main.c
		_main          		CODE           	42B4	0000	764
		_getDistancia  		CODE           	59F0	0000	78

main.c estimated size: 842

C:\Program Files\Microchip\xc8\v2.40\pic\sources\c99\common\aodiv.c
		___aodiv       		CODE           	4C2C	0000	392

C:\Program Files\Microchip\xc8\v2.40\pic\sources\c99\common\aodiv.c estimated size: 392

