Microchip MPLAB XC8 Compiler V2.40

Linker command line:

-W-3 \
  --edf=C:\Program Files\Microchip\xc8\v2.40\pic\dat\20220703182018_en.msgs \
  -pivt0x8=08h -cn -h+dist/default/production\PIC_R.X.production.sym \
  --cmf=dist/default/production\PIC_R.X.production.cmf -z -Q18F57Q43 \
  -oC:\Users\Andre\AppData\Local\Temp\xcAsap4.4 --defsym=__MPLAB_BUILD=1 \
  --fixupoverflow=error -Mdist/default/production/PIC_R.X.production.map \
  --md=C:\Users\Andre\AppData\Local\Temp\xcAsap4.dat -E1 -ver=XC8 Compiler \
  --acfsm=1493 -ACODE=00h-01FFFFh -ACONST=00h-01FFFFh \
  -ASMALLCONST=02600h-026FFhx474 \
  -AMEDIUMCONST=02600h-0FFFFh,012600h-01FFFFh -ACOMRAM=0501h-055Fh \
  -AABS1=0500h-024FFh -ABIGRAM=0501h-024FFh \
  -ARAM=0560h-05FFh,0600h-06FFhx31 -ABANK5=0560h-05FFh -ABANK6=0600h-06FFh \
  -ABANK7=0700h-07FFh -ABANK8=0800h-08FFh -ABANK9=0900h-09FFh \
  -ABANK10=0A00h-0AFFh -ABANK11=0B00h-0BFFh -ABANK12=0C00h-0CFFh \
  -ABANK13=0D00h-0DFFh -ABANK14=0E00h-0EFFh -ABANK15=0F00h-0FFFh \
  -ABANK16=01000h-010FFh -ABANK17=01100h-011FFh -ABANK18=01200h-012FFh \
  -ABANK19=01300h-013FFh -ABANK20=01400h-014FFh -ABANK21=01500h-015FFh \
  -ABANK22=01600h-016FFh -ABANK23=01700h-017FFh -ABANK24=01800h-018FFh \
  -ABANK25=01900h-019FFh -ABANK26=01A00h-01AFFh -ABANK27=01B00h-01BFFh \
  -ABANK28=01C00h-01CFFh -ABANK29=01D00h-01DFFh -ABANK30=01E00h-01EFFh \
  -ABANK31=01F00h-01FFFh -ABANK32=02000h-020FFh -ABANK33=02100h-021FFh \
  -ABANK34=02200h-022FFh -ABANK35=02300h-023FFh -ABANK36=02400h-024FFh \
  -ASFR=00h-0FFhx4,0400h-045Fh,0460h-04FFh,02500h-025FFh \
  -ABIGSFR=00h-04FFh,02500h-025FFh -ACONFIG=0300000h-0300011h \
  -AIDLOC=0200000h-020003Fh -AEEDATA=0380000h-03803FFh -peeprom_data=EEDATA \
  -preset_vec=00h -ppowerup=CODE,init -pramtop=02600h \
  -psmallconst=SMALLCONST -pmediumconst=MEDIUMCONST -pconst=CONST \
  -AFARRAM=00h-00h \
  -prdata=COMRAM,nvrram=COMRAM,nvbit=COMRAM,rbss=COMRAM,rbit=COMRAM \
  -pfarbss=FARRAM,fardata=FARRAM,nvFARRAM=FARRAM \
  -pintsave_regs=BIGRAM,bigbss=BIGRAM,bigdata=BIGRAM -pbss=RAM \
  -pidata=CODE,irdata=CODE,ibigdata=CODE,ifardata=CODE -prparam=COMRAM \
  C:\Users\Andre\AppData\Local\Temp\xcAsap4.o \
  dist/default/production\PIC_R.X.production.o 

Object code version is 3.11

Machine type is 18F57Q43



                Name                               Link     Load   Length Selector   Space Scale
C:\Users\Andre\AppData\Local\Temp\xcAsap4.o
                idloc                            200000   200000       40        0       5
                config                           300000   300000        A        0       4
                init                                 1A       1A        4        4       0
                reset_vec                             0        0        4        0       0
dist/default/production\PIC_R.X.production.o
                idloc                            200000   200000       40        0       5
                config                           300000   300000        A        0       4
                smallconst                         2600     2600       22     1300       0
                ivt0x8                                8        8       12        4       0
                text19                             2ABA     2ABA       3A     1311       0
                text18                             2BBC     2BBC        6     1311       0
                text17                             2BC8     2BC8        2     1311       0
                text16                             2BC6     2BC6        2     1311       0
                text15                             279C     279C       C0     1311       0
                text14                             2A3A     2A3A       42     1311       0
                text13                             29B8     29B8       82     1311       0
                text12                             2BC2     2BC2        4     1311       0
                text11                             2B44     2B44       1C     1311       0
                text10                             290E     290E       AA     1311       0
                text9                              2B20     2B20       24     1311       0
                text8                              2BAE     2BAE        E     1311       0
                text7                              2BA0     2BA0        E     1311       0
                text6                              2B92     2B92        E     1311       0
                text5                              2B84     2B84        E     1311       0
                text4                              2B76     2B76        E     1311       0
                text3                              285C     285C       B2     1311       0
                text2                              2B60     2B60       16     1311       0
                text1                              2A7C     2A7C       3E     1311       0
                text0                              2622     2622      17A     1311       0
                cstackCOMRAM                        523      523       20      501       1
                bssBANK5                            560      560       10      560       1
                bssCOMRAM                           501      501       22      501       1
                cinit                              2AF4     2AF4       2C     1311       0
                nvCOMRAM                            543      543       10      501       1

TOTAL           Name                               Link     Load   Length     Space
        CLASS   CODE           
                init                                 1A       1A        4         0
                reset_vec                             0        0        4         0
                ivt0x8                                8        8       12         0
                text19                             2ABA     2ABA       3A         0
                text18                             2BBC     2BBC        6         0
                text17                             2BC8     2BC8        2         0
                text16                             2BC6     2BC6        2         0
                text15                             279C     279C       C0         0
                text14                             2A3A     2A3A       42         0
                text13                             29B8     29B8       82         0
                text12                             2BC2     2BC2        4         0
                text11                             2B44     2B44       1C         0
                text10                             290E     290E       AA         0
                text9                              2B20     2B20       24         0
                text8                              2BAE     2BAE        E         0
                text7                              2BA0     2BA0        E         0
                text6                              2B92     2B92        E         0
                text5                              2B84     2B84        E         0
                text4                              2B76     2B76        E         0
                text3                              285C     285C       B2         0
                text2                              2B60     2B60       16         0
                text1                              2A7C     2A7C       3E         0
                text0                              2622     2622      17A         0
                cinit                              2AF4     2AF4       2C         0

        CLASS   CONST          

        CLASS   SMALLCONST     
                smallconst                         2600     2600       22         0

        CLASS   MEDIUMCONST    

        CLASS   COMRAM         
                cstackCOMRAM                        523      523       20         1
                bssCOMRAM                           501      501       22         1
                nvCOMRAM                            543      543       10         1

        CLASS   ABS1           

        CLASS   BIGRAM         

        CLASS   RAM            

        CLASS   BANK5          
                bssBANK5                            560      560       10         1

        CLASS   BANK6          

        CLASS   BANK7          

        CLASS   BANK8          

        CLASS   BANK9          

        CLASS   BANK10         

        CLASS   BANK11         

        CLASS   BANK12         

        CLASS   BANK13         

        CLASS   BANK14         

        CLASS   BANK15         

        CLASS   BANK16         

        CLASS   BANK17         

        CLASS   BANK18         

        CLASS   BANK19         

        CLASS   BANK20         

        CLASS   BANK21         

        CLASS   BANK22         

        CLASS   BANK23         

        CLASS   BANK24         

        CLASS   BANK25         

        CLASS   BANK26         

        CLASS   BANK27         

        CLASS   BANK28         

        CLASS   BANK29         

        CLASS   BANK30         

        CLASS   BANK31         

        CLASS   BANK32         

        CLASS   BANK33         

        CLASS   BANK34         

        CLASS   BANK35         

        CLASS   BANK36         

        CLASS   SFR            

        CLASS   BIGSFR         

        CLASS   CONFIG         
                config                           300000   300000        A         4

        CLASS   IDLOC          
                idloc                            200000   200000       40         5

        CLASS   EEDATA         

        CLASS   FARRAM         

        CLASS   HEAP           

        CLASS   STACK          



SEGMENTS        Name                           Load    Length   Top    Selector   Space  Class

                reset_vec                      000000  000004  000004         0       0  CODE    
                ivt0x8                         000008  000016  00001E         4       0  CODE    
                bssCOMRAM                      000501  000052  000553       501       1  COMRAM  
                bssBANK5                       000560  000010  000570       560       1  BANK5   
                smallconst                     002600  000022  002622      1300       0  SMALLCON
                text0                          002622  0005A8  002BCA      1311       0  CODE    


UNUSED ADDRESS RANGES

        Name                Unused          Largest block    Delta
        BANK10           000A00-000AFF              100
        BANK11           000B00-000BFF              100
        BANK12           000C00-000CFF              100
        BANK13           000D00-000DFF              100
        BANK14           000E00-000EFF              100
        BANK15           000F00-000FFF              100
        BANK16           001000-0010FF              100
        BANK17           001100-0011FF              100
        BANK18           001200-0012FF              100
        BANK19           001300-0013FF              100
        BANK20           001400-0014FF              100
        BANK21           001500-0015FF              100
        BANK22           001600-0016FF              100
        BANK23           001700-0017FF              100
        BANK24           001800-0018FF              100
        BANK25           001900-0019FF              100
        BANK26           001A00-001AFF              100
        BANK27           001B00-001BFF              100
        BANK28           001C00-001CFF              100
        BANK29           001D00-001DFF              100
        BANK30           001E00-001EFF              100
        BANK31           001F00-001FFF              100
        BANK32           002000-0020FF              100
        BANK33           002100-0021FF              100
        BANK34           002200-0022FF              100
        BANK35           002300-0023FF              100
        BANK36           002400-0024FF              100
        BANK5            000570-0005FF               90
        BANK6            000600-0006FF              100
        BANK7            000700-0007FF              100
        BANK8            000800-0008FF              100
        BANK9            000900-0009FF              100
        BIGRAM           000553-00055F                D
                         000570-0024FF             1F90
        BIGSFR           000000-0004FF              500
                         002500-0025FF              100
        CODE             000004-000007                4
                         00001E-0025FF             25E2
                         002BCA-01FFFF            1D436
        COMRAM           000553-00055F                D
        CONFIG           30000A-300011                8
        CONST            000004-000007                4
                         00001E-0025FF             25E2
                         002BCA-01FFFF            1D436
        EEDATA           380000-3803FF              400
        MEDIUMCONST      002BCA-00FFFF             D436
                         012600-01FFFF             DA00
        RAM              000570-0024FF              100
        SFR              000000-0004FF              100
                         002500-0025FF              100
        SMALLCONST       002BCA-01FFFF              100

                                  Symbol Table

IVTBASEH                                      (abs)        00045E
IVTBASEL                                      (abs)        00045D
IVTBASEU                                      (abs)        00045F
UART1_SetErrorHandler@interruptHandler        cstackCOMRAM 000525
UART1_SetFramingErrorHandler@interruptHandler cstackCOMRAM 000525
UART1_SetOverrunErrorHandler@interruptHandler cstackCOMRAM 000525
UART1_SetRxInterruptHandler@InterruptHandler  cstackCOMRAM 000525
UART1_SetTxInterruptHandler@InterruptHandler  cstackCOMRAM 000525
_ACTCON                                       (abs)        0000AC
_ANSELA                                       (abs)        000400
_ANSELB                                       (abs)        000408
_ANSELC                                       (abs)        000410
_ANSELD                                       (abs)        000418
_ANSELE                                       (abs)        000420
_ANSELF                                       (abs)        000428
_INLVLA                                       (abs)        000404
_INLVLB                                       (abs)        00040C
_INLVLC                                       (abs)        000414
_INLVLD                                       (abs)        00041C
_INLVLE                                       (abs)        000424
_INLVLF                                       (abs)        00042C
_INTCON0bits                                  (abs)        0004D6
_INTERRUPT_Initialize                         text12       002BC2
_INTERRUPT_InterruptManager                   text13       0029B8
_LATA                                         (abs)        0004BE
_LATB                                         (abs)        0004BF
_LATBbits                                     (abs)        0004BF
_LATC                                         (abs)        0004C0
_LATD                                         (abs)        0004C1
_LATE                                         (abs)        0004C2
_LATF                                         (abs)        0004C3
_ODCONA                                       (abs)        000402
_ODCONB                                       (abs)        00040A
_ODCONC                                       (abs)        000412
_ODCOND                                       (abs)        00041A
_ODCONE                                       (abs)        000422
_ODCONF                                       (abs)        00042A
_OSCCON1                                      (abs)        0000AD
_OSCCON3                                      (abs)        0000AF
_OSCEN                                        (abs)        0000B3
_OSCFRQ                                       (abs)        0000B1
_OSCILLATOR_Initialize                        text11       002B44
_OSCTUNE                                      (abs)        0000B0
_PIE4bits                                     (abs)        0004A2
_PIN_MANAGER_Initialize                       text10       00290E
_PIR4bits                                     (abs)        0004B2
_PMD0                                         (abs)        000060
_PMD1                                         (abs)        000061
_PMD3                                         (abs)        000063
_PMD4                                         (abs)        000064
_PMD5                                         (abs)        000065
_PMD6                                         (abs)        000066
_PMD7                                         (abs)        000067
_PMD8                                         (abs)        000068
_PMD_Initialize                               text9        002B20
_RB1I2C                                       (abs)        000289
_RB2I2C                                       (abs)        000288
_RC3I2C                                       (abs)        000287
_RC4I2C                                       (abs)        000286
_RF0PPS                                       (abs)        000229
_SLRCONA                                      (abs)        000403
_SLRCONB                                      (abs)        00040B
_SLRCONC                                      (abs)        000413
_SLRCOND                                      (abs)        00041B
_SLRCONE                                      (abs)        000423
_SLRCONF                                      (abs)        00042B
_SYSTEM_Initialize                            text2        002B60
_TRISA                                        (abs)        0004C6
_TRISB                                        (abs)        0004C7
_TRISC                                        (abs)        0004C8
_TRISD                                        (abs)        0004C9
_TRISE                                        (abs)        0004CA
_TRISF                                        (abs)        0004CB
_U1BRGH                                       (abs)        0002AF
_U1BRGL                                       (abs)        0002AE
_U1CON0                                       (abs)        0002AB
_U1CON1                                       (abs)        0002AC
_U1CON2                                       (abs)        0002AD
_U1ERRIE                                      (abs)        0002B3
_U1ERRIR                                      (abs)        0002B2
_U1ERRIRbits                                  (abs)        0002B2
_U1FIFO                                       (abs)        0002B0
_U1P1H                                        (abs)        0002A6
_U1P1L                                        (abs)        0002A5
_U1P2H                                        (abs)        0002A8
_U1P2L                                        (abs)        0002A7
_U1P3H                                        (abs)        0002AA
_U1P3L                                        (abs)        0002A9
_U1RXB                                        (abs)        0002A1
_U1RXPPS                                      (abs)        000272
_U1TXB                                        (abs)        0002A3
_U1UIR                                        (abs)        0002B1
_UART1_DefaultErrorHandler                    text18       002BBC
_UART1_DefaultFramingErrorHandler             text17       002BC8
_UART1_DefaultOverrunErrorHandler             text16       002BC6
_UART1_ErrorHandler                           nvCOMRAM     000543
_UART1_FramingErrorHandler                    nvCOMRAM     000549
_UART1_Initialize                             text3        00285C
_UART1_OverrunErrorHandler                    nvCOMRAM     000546
_UART1_Receive_ISR                            text15       00279C
_UART1_RxDataHandler                          text19       002ABA
_UART1_RxInterruptHandler                     nvCOMRAM     00054F
_UART1_SetErrorHandler                        text8        002BAE
_UART1_SetFramingErrorHandler                 text7        002BA0
_UART1_SetOverrunErrorHandler                 text6        002B92
_UART1_SetRxInterruptHandler                  text5        002B84
_UART1_SetTxInterruptHandler                  text4        002B76
_UART1_Transmit_ISR                           text14       002A3A
_UART1_TxInterruptHandler                     nvCOMRAM     00054C
_WPUA                                         (abs)        000401
_WPUB                                         (abs)        000409
_WPUC                                         (abs)        000411
_WPUD                                         (abs)        000419
_WPUE                                         (abs)        000421
_WPUF                                         (abs)        000429
__HRAM                                        (abs)        000000
__Habs1                                       abs1         000000
__Hbank10                                     bank10       000000
__Hbank11                                     bank11       000000
__Hbank12                                     bank12       000000
__Hbank13                                     bank13       000000
__Hbank14                                     bank14       000000
__Hbank15                                     bank15       000000
__Hbank16                                     bank16       000000
__Hbank17                                     bank17       000000
__Hbank18                                     bank18       000000
__Hbank19                                     bank19       000000
__Hbank20                                     bank20       000000
__Hbank21                                     bank21       000000
__Hbank22                                     bank22       000000
__Hbank23                                     bank23       000000
__Hbank24                                     bank24       000000
__Hbank25                                     bank25       000000
__Hbank26                                     bank26       000000
__Hbank27                                     bank27       000000
__Hbank28                                     bank28       000000
__Hbank29                                     bank29       000000
__Hbank30                                     bank30       000000
__Hbank31                                     bank31       000000
__Hbank32                                     bank32       000000
__Hbank33                                     bank33       000000
__Hbank34                                     bank34       000000
__Hbank35                                     bank35       000000
__Hbank36                                     bank36       000000
__Hbank5                                      bank5        000000
__Hbank6                                      bank6        000000
__Hbank7                                      bank7        000000
__Hbank8                                      bank8        000000
__Hbank9                                      bank9        000000
__Hbigbss                                     bigbss       000000
__Hbigdata                                    bigdata      000000
__Hbigram                                     bigram       000000
__Hbigsfr                                     bigsfr       000000
__Hbss                                        bss          000000
__HbssBANK5                                   bssBANK5     000000
__HbssCOMRAM                                  bssCOMRAM    000000
__Hcinit                                      cinit        000000
__Hclrtext                                    clrtext      000000
__Hcomram                                     comram       000000
__Hconfig                                     config       30000A
__Hconst                                      const        000000
__HcstackCOMRAM                               cstackCOMRAM 000000
__Hdata                                       data         000000
__Heeprom_data                                eeprom_data  000000
__Hfarbss                                     farbss       000000
__Hfardata                                    fardata      000000
__Hheap                                       heap         000000
__Hibigdata                                   ibigdata     000000
__Hidata                                      idata        000000
__Hidloc                                      idloc        200040
__Hifardata                                   ifardata     000000
__Hinit                                       init         00001E
__Hintsave_regs                               intsave_regs 000000
__Hirdata                                     irdata       000000
__Hivt0x8                                     ivt0x8       00001A
__Hmediumconst                                mediumconst  000000
__HnvCOMRAM                                   nvCOMRAM     000000
__HnvFARRAM                                   nvFARRAM     000000
__Hnvbit                                      nvbit        000000
__Hnvrram                                     nvrram       000000
__Hparam                                      rparam       000000
__Hpowerup                                    powerup      000000
__Hram                                        ram          000000
__Hramtop                                     ramtop       002600
__Hrbit                                       rbit         000000
__Hrbss                                       rbss         000000
__Hrdata                                      rdata        000000
__Hreset_vec                                  reset_vec    000004
__Hrparam                                     rparam       000000
__Hsfr                                        sfr          000000
__Hsmallconst                                 smallconst   002622
__Hspace_0                                    (abs)        002BCA
__Hspace_1                                    (abs)        000570
__Hspace_2                                    (abs)        000000
__Hspace_4                                    (abs)        60000A
__Hstack                                      stack        000000
__Hstruct                                     struct       000000
__Htemp                                       temp         000000
__Htext                                       text         000000
__Htext0                                      text0        000000
__Htext1                                      text1        000000
__Htext10                                     text10       000000
__Htext11                                     text11       000000
__Htext12                                     text12       000000
__Htext13                                     text13       000000
__Htext14                                     text14       000000
__Htext15                                     text15       000000
__Htext16                                     text16       000000
__Htext17                                     text17       000000
__Htext18                                     text18       000000
__Htext19                                     text19       000000
__Htext2                                      text2        000000
__Htext20                                     text20       000000
__Htext3                                      text3        000000
__Htext4                                      text4        000000
__Htext5                                      text5        000000
__Htext6                                      text6        000000
__Htext7                                      text7        000000
__Htext8                                      text8        000000
__Htext9                                      text9        000000
__LRAM                                        (abs)        000001
__Labs1                                       abs1         000000
__Lbank10                                     bank10       000000
__Lbank11                                     bank11       000000
__Lbank12                                     bank12       000000
__Lbank13                                     bank13       000000
__Lbank14                                     bank14       000000
__Lbank15                                     bank15       000000
__Lbank16                                     bank16       000000
__Lbank17                                     bank17       000000
__Lbank18                                     bank18       000000
__Lbank19                                     bank19       000000
__Lbank20                                     bank20       000000
__Lbank21                                     bank21       000000
__Lbank22                                     bank22       000000
__Lbank23                                     bank23       000000
__Lbank24                                     bank24       000000
__Lbank25                                     bank25       000000
__Lbank26                                     bank26       000000
__Lbank27                                     bank27       000000
__Lbank28                                     bank28       000000
__Lbank29                                     bank29       000000
__Lbank30                                     bank30       000000
__Lbank31                                     bank31       000000
__Lbank32                                     bank32       000000
__Lbank33                                     bank33       000000
__Lbank34                                     bank34       000000
__Lbank35                                     bank35       000000
__Lbank36                                     bank36       000000
__Lbank5                                      bank5        000000
__Lbank6                                      bank6        000000
__Lbank7                                      bank7        000000
__Lbank8                                      bank8        000000
__Lbank9                                      bank9        000000
__Lbigbss                                     bigbss       000000
__Lbigdata                                    bigdata      000000
__Lbigram                                     bigram       000000
__Lbigsfr                                     bigsfr       000000
__Lbss                                        bss          000000
__LbssBANK5                                   bssBANK5     000000
__LbssCOMRAM                                  bssCOMRAM    000000
__Lcinit                                      cinit        000000
__Lclrtext                                    clrtext      000000
__Lcomram                                     comram       000000
__Lconfig                                     config       000000
__Lconst                                      const        000000
__LcstackCOMRAM                               cstackCOMRAM 000000
__Ldata                                       data         000000
__Leeprom_data                                eeprom_data  000000
__Lfarbss                                     farbss       000000
__Lfardata                                    fardata      000000
__Lheap                                       heap         000000
__Libigdata                                   ibigdata     000000
__Lidata                                      idata        000000
__Lidloc                                      idloc        000000
__Lifardata                                   ifardata     000000
__Linit                                       init         00001A
__Lintsave_regs                               intsave_regs 000000
__Lirdata                                     irdata       000000
__Livt0x8                                     ivt0x8       000008
__Lmediumconst                                mediumconst  000000
__LnvCOMRAM                                   nvCOMRAM     000000
__LnvFARRAM                                   nvFARRAM     000000
__Lnvbit                                      nvbit        000000
__Lnvrram                                     nvrram       000000
__Lparam                                      rparam       000000
__Lpowerup                                    powerup      000000
__Lram                                        ram          000000
__Lramtop                                     ramtop       002600
__Lrbit                                       rbit         000000
__Lrbss                                       rbss         000000
__Lrdata                                      rdata        000000
__Lreset_vec                                  reset_vec    000000
__Lrparam                                     rparam       000000
__Lsfr                                        sfr          000000
__Lsmallconst                                 smallconst   002600
__Lspace_0                                    (abs)        000000
__Lspace_1                                    (abs)        000000
__Lspace_2                                    (abs)        000000
__Lspace_4                                    (abs)        000000
__Lstack                                      stack        000000
__Lstruct                                     struct       000000
__Ltemp                                       temp         000000
__Ltext                                       text         000000
__Ltext0                                      text0        000000
__Ltext1                                      text1        000000
__Ltext10                                     text10       000000
__Ltext11                                     text11       000000
__Ltext12                                     text12       000000
__Ltext13                                     text13       000000
__Ltext14                                     text14       000000
__Ltext15                                     text15       000000
__Ltext16                                     text16       000000
__Ltext17                                     text17       000000
__Ltext18                                     text18       000000
__Ltext19                                     text19       000000
__Ltext2                                      text2        000000
__Ltext20                                     text20       000000
__Ltext3                                      text3        000000
__Ltext4                                      text4        000000
__Ltext5                                      text5        000000
__Ltext6                                      text6        000000
__Ltext7                                      text7        000000
__Ltext8                                      text8        000000
__Ltext9                                      text9        000000
__S0                                          (abs)        002BCA
__S1                                          (abs)        000570
__S4                                          (abs)        000000
__S5                                          (abs)        000000
___heap_hi                                    (abs)        000000
___heap_lo                                    (abs)        000000
___inthi_sp                                   stack        000000
___intlo_sp                                   stack        000000
___param_bank                                 (abs)        000000
___rparam_used                                (abs)        000001
___sp                                         stack        000000
__accesstop                                   (abs)        000560
__activetblptr                                (abs)        000003
__end_of_INTERRUPT_Initialize                 text12       002BC6
__end_of_INTERRUPT_InterruptManager           text13       002A3A
__end_of_OSCILLATOR_Initialize                text11       002B60
__end_of_PIN_MANAGER_Initialize               text10       0029B8
__end_of_PMD_Initialize                       text9        002B44
__end_of_SYSTEM_Initialize                    text2        002B76
__end_of_UART1_DefaultErrorHandler            text18       002BC2
__end_of_UART1_DefaultFramingErrorHandler     text17       002BCA
__end_of_UART1_DefaultOverrunErrorHandler     text16       002BC8
__end_of_UART1_Initialize                     text3        00290E
__end_of_UART1_Receive_ISR                    text15       00285C
__end_of_UART1_RxDataHandler                  text19       002AF4
__end_of_UART1_SetErrorHandler                text8        002BBC
__end_of_UART1_SetFramingErrorHandler         text7        002BAE
__end_of_UART1_SetOverrunErrorHandler         text6        002BA0
__end_of_UART1_SetRxInterruptHandler          text5        002B92
__end_of_UART1_SetTxInterruptHandler          text4        002B84
__end_of_UART1_Transmit_ISR                   text14       002A7C
__end_of__initialization                      cinit        002B1A
__end_of_main                                 text0        00279C
__end_of_strcpy                               text1        002ABA
__initialization                              cinit        002AF4
__mediumconst                                 mediumconst  000000
__pbssBANK5                                   bssBANK5     000560
__pbssCOMRAM                                  bssCOMRAM    000501
__pcinit                                      cinit        002AF4
__pcstackCOMRAM                               cstackCOMRAM 000523
__pivt0x8                                     ivt0x8       000008
__pnvCOMRAM                                   nvCOMRAM     000543
__psmallconst                                 smallconst   002600
__ptext0                                      text0        002622
__ptext1                                      text1        002A7C
__ptext10                                     text10       00290E
__ptext11                                     text11       002B44
__ptext12                                     text12       002BC2
__ptext13                                     text13       0029B8
__ptext14                                     text14       002A3A
__ptext15                                     text15       00279C
__ptext16                                     text16       002BC6
__ptext17                                     text17       002BC8
__ptext18                                     text18       002BBC
__ptext19                                     text19       002ABA
__ptext2                                      text2        002B60
__ptext20                                     text20       000000
__ptext3                                      text3        00285C
__ptext4                                      text4        002B76
__ptext5                                      text5        002B84
__ptext6                                      text6        002B92
__ptext7                                      text7        002BA0
__ptext8                                      text8        002BAE
__ptext9                                      text9        002B20
__ramtop                                      ramtop       002600
__smallconst                                  smallconst   002600
_frame                                        bssBANK5     000560
_index                                        bssCOMRAM    00051B
_main                                         text0        002622
_strcpy                                       text1        002A7C
_uart1RxBuffer                                bssCOMRAM    000509
_uart1RxCount                                 bssCOMRAM    00051E
_uart1RxHead                                  bssCOMRAM    000520
_uart1RxLastError                             bssCOMRAM    00051D
_uart1RxStatusBuffer                          bssCOMRAM    000501
_uart1RxTail                                  bssCOMRAM    00051F
_uart1TxBuffer                                bssCOMRAM    000511
_uart1TxBufferRemaining                       nvCOMRAM     000552
_uart1TxHead                                  bssCOMRAM    000522
_uart1TxTail                                  bssCOMRAM    000521
end_of_initialization                         cinit        002B1A
intlevel0                                     text         000000
intlevel1                                     text         000000
intlevel2                                     text         000000
intlevel3                                     text         000000
isa$std                                       (abs)        000001
isa$xinst                                     (abs)        000000
ivt0x8_base                                   ivt0x8       000008
main@i                                        cstackCOMRAM 00053F
main@i_485                                    cstackCOMRAM 000541
main@string                                   cstackCOMRAM 00052F
stackhi                                       (abs)        000000
stacklo                                       (abs)        000000
start                                         init         00001A
start_initialization                          cinit        002AF4
strcpy@d                                      cstackCOMRAM 00052B
strcpy@dest                                   cstackCOMRAM 000525
strcpy@s                                      cstackCOMRAM 000529
strcpy@src                                    cstackCOMRAM 000527


MODULE INFORMATION

Module		Function		Class		Link	Load	Size
mcc_generated_files/interrupt_manager.c
		_INTERRUPT_Initialize		CODE           	2BC2	0000	4
		_INTERRUPT_InterruptManager		CODE           	29B8	0000	130

mcc_generated_files/interrupt_manager.c estimated size: 134

mcc_generated_files/pin_manager.c
		_PIN_MANAGER_Initialize		CODE           	290E	0000	170

mcc_generated_files/pin_manager.c estimated size: 170

mcc_generated_files/uart1.c
		_UART1_SetFramingErrorHandler		CODE           	2BA0	0000	14
		_UART1_SetOverrunErrorHandler		CODE           	2B92	0000	14
		_UART1_Receive_ISR		CODE           	279C	0000	192
		_UART1_SetRxInterruptHandler		CODE           	2B84	0000	14
		_UART1_SetTxInterruptHandler		CODE           	2B76	0000	14
		_UART1_Initialize		CODE           	285C	0000	178
		_UART1_SetErrorHandler		CODE           	2BAE	0000	14
		_UART1_Transmit_ISR		CODE           	2A3A	0000	66
		_UART1_DefaultFramingErrorHandler		CODE           	2BC8	0000	2
		_UART1_DefaultErrorHandler		CODE           	2BBC	0000	6
		_UART1_RxDataHandler		CODE           	2ABA	0000	58
		_UART1_DefaultOverrunErrorHandler		CODE           	2BC6	0000	2

mcc_generated_files/uart1.c estimated size: 574

shared
		__initialization		CODE           	2AF4	0000	38

shared estimated size: 38

C:\Program Files\Microchip\xc8\v2.40\pic\sources\c99\common\strcpy.c
		_strcpy        		CODE           	2A7C	0000	62

C:\Program Files\Microchip\xc8\v2.40\pic\sources\c99\common\strcpy.c estimated size: 62

mcc_generated_files/mcc.c
		_PMD_Initialize		CODE           	2B20	0000	36
		_OSCILLATOR_Initialize		CODE           	2B44	0000	28
		_SYSTEM_Initialize		CODE           	2B60	0000	22

mcc_generated_files/mcc.c estimated size: 86

main.c
		_main          		CODE           	2622	0000	378

main.c estimated size: 378

